Component: ARM Compiler 5.06 update 1 (build 61) Tool: armlink [4d35a8]

==============================================================================

Section Cross References

    startup_lpc17xx.o(STACK) refers (Special) to heapauxi.o(.text) for __use_two_region_memory
    startup_lpc17xx.o(HEAP) refers (Special) to heapauxi.o(.text) for __use_two_region_memory
    startup_lpc17xx.o(RESET) refers (Special) to heapauxi.o(.text) for __use_two_region_memory
    startup_lpc17xx.o(RESET) refers to startup_lpc17xx.o(STACK) for __initial_sp
    startup_lpc17xx.o(RESET) refers to startup_lpc17xx.o(.text) for Reset_Handler
    startup_lpc17xx.o(RESET) refers to main.o(.text) for NMI_Handler
    startup_lpc17xx.o(RESET) refers to timers.o(.text) for TIMER0_IRQHandler
    startup_lpc17xx.o(RESET) refers to uart.o(.text) for UART0_IRQHandler
    startup_lpc17xx.o(.ARM.__at_0x02FC) refers (Special) to heapauxi.o(.text) for __use_two_region_memory
    startup_lpc17xx.o(.text) refers (Special) to heapauxi.o(.text) for __use_two_region_memory
    startup_lpc17xx.o(.text) refers to system_lpc17xx.o(.text) for SystemInit
    startup_lpc17xx.o(.text) refers to __main.o(!!!main) for __main
    startup_lpc17xx.o(.text) refers to startup_lpc17xx.o(HEAP) for Heap_Mem
    startup_lpc17xx.o(.text) refers to startup_lpc17xx.o(STACK) for Stack_Mem
    system_lpc17xx.o(.text) refers to system_lpc17xx.o(.data) for .data
    lpc17xx_clkpwr.o(.text) refers to system_lpc17xx.o(.data) for SystemCoreClock
    lpc17xx_uart.o(.text) refers to lpc17xx_clkpwr.o(.text) for CLKPWR_GetPCLK
    lpc17xx_uart.o(.text) refers to lludivv7m.o(.text) for __aeabi_uldivmod
    lpc17xx_timer.o(.text) refers to lpc17xx_clkpwr.o(.text) for CLKPWR_ConfigPPWR
    lpc17xx_timer.o(.text) refers to lludivv7m.o(.text) for __aeabi_uldivmod
    sbl_iap.o(.text) refers to sbl_iap.o(.emb_text) for boot_jump
    sbl_iap.o(.text) refers to sbl_iap.o(.bss) for .bss
    sbl_iap.o(.text) refers to system_lpc17xx.o(.data) for SystemCoreClock
    sbl_iap.o(.text) refers to sbl_iap.o(.constdata) for .constdata
    sbl_iap.o(.text) refers to sbl_iap.o(.data) for .data
    modbus.o(.text) refers to dflt_clz.o(x$fpl$dfltu) for __aeabi_ui2d
    modbus.o(.text) refers to ddiv.o(x$fpl$ddiv) for __aeabi_ddiv
    modbus.o(.text) refers to dfixu.o(x$fpl$dfixu) for __aeabi_d2uiz
    modbus.o(.text) refers to rt_memcpy_v6.o(.text) for __aeabi_memcpy
    modbus.o(.text) refers to rt_memclr.o(.text) for __aeabi_memclr
    modbus.o(.text) refers to msg.o(.text) for Msg
    modbus.o(.text) refers to queue.o(.text) for quAddPack
    modbus.o(.text) refers to uart.o(.text) for UART1_SendBuffer
    modbus.o(.text) refers to modbus.o(.data) for .data
    modbus.o(.text) refers to modbus.o(.constdata) for .constdata
    modbus.o(.text) refers to ti.o(.bss) for time
    modbus.o(.text) refers to modbus.o(.bss) for .bss
    modbus.o(.text) refers to regs.o(.data) for pErrCSU1
    fs.o(.text) refers to flash.o(.text) for FLASH_GetBankID
    fs.o(.text) refers to strlen.o(.text) for strlen
    fs.o(.text) refers to tools.o(.text) for CRC8
    fs.o(.text) refers to strcmpv7m.o(.text) for strcmp
    fs.o(.text) refers to fs.o(.data) for .data
    fs.o(.text) refers to fs.o(.bss) for .bss
    fs.o(.text) refers to strcpy.o(.text) for strcpy
    fs.o(.text) refers to rt_memcpy_v6.o(.text) for __aeabi_memcpy
    fs.o(.text) refers to msg.o(.text) for Msg
    msg.o(.text) refers to _printf_pad.o(.text) for _printf_pre_padding
    msg.o(.text) refers to _printf_percent.o(.ARM.Collect$$_printf_percent$$00000000) for _printf_percent
    msg.o(.text) refers to _printf_x.o(.ARM.Collect$$_printf_percent$$0000000C) for _printf_x
    msg.o(.text) refers to _printf_hex_int_ll_ptr.o(.text) for _printf_longlong_hex
    msg.o(.text) refers to rt_memclr.o(.text) for __aeabi_memclr
    msg.o(.text) refers to c89vsprintf.o(.text) for __c89vsprintf
    msg.o(.text) refers to strlen.o(.text) for strlen
    msg.o(.text) refers to rt_memcpy_v6.o(.text) for __aeabi_memcpy
    msg.o(.text) refers to __2sprintf.o(.text) for __2sprintf
    msg.o(.text) refers to modbus.o(.text) for mbByteToPack
    msg.o(.text) refers to msg.o(.bss) for .bss
    msg.o(.text) refers to msg.o(.data) for .data
    bfs.o(.text) refers to fs.o(.text) for FS_ReadByte
    ti.o(.text) refers to ti.o(.bss) for .bss
    timers.o(.text) refers to lpc17xx_timer.o(.text) for TIM_Init
    timers.o(.text) refers to ti.o(.text) for TI_Handler
    timers.o(.text) refers to timers.o(.data) for .data
    uart.o(.text) refers to lpc17xx_uart.o(.text) for UART0_Send
    uart.o(.text) refers to lpc17xx_pinsel.o(.text) for PINSEL_ConfigPin
    uart.o(.text) refers to uart.o(.bss) for .bss
    uart.o(.text) refers to uart.o(.data) for .data
    uart.o(.text) refers to ti.o(.bss) for ti
    tools.o(.text) refers to fmul.o(x$fpl$fmul) for __aeabi_fmul
    tools.o(.text) refers to ffix.o(x$fpl$ffix) for __aeabi_f2iz
[...]
    ShowMC                                   0x0000a507   Thumb Code    12  motors.o(.text)
    ShowMS                                   0x0000a513   Thumb Code    76  motors.o(.text)
    InitMotorStructF                         0x0000a55f   Thumb Code   248  motors.o(.text)
    InitMotorStructALF                       0x0000a657   Thumb Code   206  motors.o(.text)
    UpZ                                      0x0000a725   Thumb Code    48  motors.o(.text)
    RecoveryZfreq                            0x0000a755   Thumb Code   260  motors.o(.text)
    StartMoveZLowSpeed                       0x0000a859   Thumb Code   134  motors.o(.text)
    AddPointFrz                              0x0000a8df   Thumb Code   196  motors.o(.text)
    HTCorr                                   0x0000a9a3   Thumb Code   462  motors.o(.text)
    XYZToXYZImpZcomp                         0x0000ab71   Thumb Code   184  motors.o(.text)
    Brezenheim                               0x0000ac29   Thumb Code   380  motors.o(.text)
    DecItCount                               0x0000ada5   Thumb Code    82  motors.o(.text)
    FMove_HandlerQuick                       0x0000adf7   Thumb Code  1796  motors.o(.text)
    FILoadConf                               0x0000b525   Thumb Code     2  freqinvr.o(.text)
    FIStop                                   0x0000b527   Thumb Code    18  freqinvr.o(.text)
    FIInit                                   0x0000b539   Thumb Code    44  freqinvr.o(.text)
    FIUnlock                                 0x0000b565   Thumb Code     2  freqinvr.o(.text)
    FISetFreq                                0x0000b567   Thumb Code    76  freqinvr.o(.text)
    FISetDir                                 0x0000b5b3   Thumb Code    14  freqinvr.o(.text)
    FIStart                                  0x0000b5c1   Thumb Code    30  freqinvr.o(.text)
    FIQuery                                  0x0000b5df   Thumb Code     2  freqinvr.o(.text)
    FIAnswer                                 0x0000b5e1   Thumb Code     2  freqinvr.o(.text)
    ROHandler                                0x0000b60d   Thumb Code     4  regs.o(.text)
    pCurCadrHandle                           0x0000b611   Thumb Code    10  regs.o(.text)
    pCurCadrHandleFrz                        0x0000b61b   Thumb Code    34  regs.o(.text)
    pDrDelayHandle                           0x0000b63d   Thumb Code    46  regs.o(.text)
    pDCTimeHandle                            0x0000b66b   Thumb Code    46  regs.o(.text)
    pPercVminHandle                          0x0000b699   Thumb Code    46  regs.o(.text)
    PinInt                                   0x0000b6c7   Thumb Code    16  regs.o(.text)
    Cross                                    0x0000b6d7   Thumb Code    66  regs.o(.text)
    SetBase                                  0x0000b719   Thumb Code     8  regs.o(.text)
    SetNewGroup                              0x0000b721   Thumb Code    38  regs.o(.text)
    SetAddr                                  0x0000b747   Thumb Code   192  regs.o(.text)
    LoadRegsFromFile                         0x0000b807   Thumb Code   144  regs.o(.text)
    CloseFilesHandles                        0x0000b897   Thumb Code    50  regs.o(.text)
    SaveRegs                                 0x0000b8c9   Thumb Code    90  regs.o(.text)
    SaveRegsNoMes                            0x0000b923   Thumb Code    52  regs.o(.text)
    XPositOnHandle                           0x0000b957   Thumb Code    22  regs.o(.text)
    YPositOnHandle                           0x0000b96d   Thumb Code    22  regs.o(.text)
    ZPositOnHandle                           0x0000b983   Thumb Code    22  regs.o(.text)
    pByPassHandle                            0x0000b999   Thumb Code    14  regs.o(.text)
    PrgRunHandleFrz                          0x0000b9a7   Thumb Code    30  regs.o(.text)
    mvcVHandleFrz                            0x0000b9c5   Thumb Code    20  regs.o(.text)
    AllocFrzRegisters                        0x0000b9d9   Thumb Code  4302  regs.o(.text)
    InitFrzRegisters                         0x0000caa7   Thumb Code   788  regs.o(.text)
    InitFrzRegsAfterLoad                     0x0000cdbb   Thumb Code   534  regs.o(.text)
    LoadFrzBackupRegs                        0x0000cfd1   Thumb Code   246  regs.o(.text)
    KPInit                                   0x0000d17d   Thumb Code    90  keypad.o(.text)
    KPQuery                                  0x0000d1d7   Thumb Code    18  keypad.o(.text)
    KPAnswer                                 0x0000d1e9   Thumb Code   128  keypad.o(.text)
    MotorX_Handler                           0x0000d271   Thumb Code   182  motor_x.o(.text)
    MotorY_Handler                           0x0000d345   Thumb Code   200  motor_y.o(.text)
    MotorZ_Handler                           0x0000d429   Thumb Code   182  motor_z.o(.text)
    PWM_Init                                 0x0000d4fd   Thumb Code    34  pwm.o(.text)
    PWM_Start                                0x0000d51f   Thumb Code    14  pwm.o(.text)
    PWM_Stop                                 0x0000d52d   Thumb Code    10  pwm.o(.text)
    PWM_Set                                  0x0000d537   Thumb Code    14  pwm.o(.text)
    __aeabi_uldivmod                         0x0000d54d   Thumb Code     0  lludivv7m.o(.text)
    _ll_udiv                                 0x0000d54d   Thumb Code   238  lludivv7m.o(.text)
    __c89vsprintf                            0x0000d63d   Thumb Code    32  c89vsprintf.o(.text)
    __2sprintf                               0x0000d661   Thumb Code    38  __2sprintf.o(.text)
    _printf_pre_padding                      0x0000d68d   Thumb Code    44  _printf_pad.o(.text)
    _printf_post_padding                     0x0000d6b9   Thumb Code    34  _printf_pad.o(.text)
    _printf_int_dec                          0x0000d6dd   Thumb Code   104  _printf_dec.o(.text)
    _printf_longlong_hex                     0x0000d755   Thumb Code    86  _printf_hex_int_ll_ptr.o(.text)
    _printf_int_hex                          0x0000d7ab   Thumb Code    28  _printf_hex_int_ll_ptr.o(.text)
    _printf_ll_hex                           0x0000d7c7   Thumb Code    12  _printf_hex_int_ll_ptr.o(.text)
    _printf_hex_ptr                          0x0000d7d3   Thumb Code    18  _printf_hex_int_ll_ptr.o(.text)
    __printf                                 0x0000d7e9   Thumb Code   388  __printf_flags_ss_wp.o(.text)
    strcpy                                   0x0000d971   Thumb Code    72  strcpy.o(.text)
    strlen                                   0x0000d9b9   Thumb Code    62  strlen.o(.text)
    __aeabi_memcpy                           0x0000d9f7   Thumb Code     0  rt_memcpy_v6.o(.text)
    __rt_memcpy                              0x0000d9f7   Thumb Code   138  rt_memcpy_v6.o(.text)
    _memcpy_lastbytes                        0x0000da5d   Thumb Code     0  rt_memcpy_v6.o(.text)
    __aeabi_memcpy4                          0x0000da81   Thumb Code     0  rt_memcpy_w.o(.text)
    __aeabi_memcpy8                          0x0000da81   Thumb Code     0  rt_memcpy_w.o(.text)
    __rt_memcpy_w                            0x0000da81   Thumb Code   100  rt_memcpy_w.o(.text)
    _memcpy_lastbytes_aligned                0x0000dac9   Thumb Code     0  rt_memcpy_w.o(.text)
    __aeabi_memclr                           0x0000dae5   Thumb Code     0  rt_memclr.o(.text)
    __rt_memclr                              0x0000dae5   Thumb Code    68  rt_memclr.o(.text)
    _memset                                  0x0000dae9   Thumb Code     0  rt_memclr.o(.text)
    __aeabi_memclr4                          0x0000db29   Thumb Code     0  rt_memclr_w.o(.text)
    __aeabi_memclr8                          0x0000db29   Thumb Code     0  rt_memclr_w.o(.text)
    __rt_memclr_w                            0x0000db29   Thumb Code    78  rt_memclr_w.o(.text)
    _memset_w                                0x0000db2d   Thumb Code     0  rt_memclr_w.o(.text)
    strcmp                                   0x0000db79   Thumb Code   128  strcmpv7m.o(.text)
    __use_two_region_memory                  0x0000dbf9   Thumb Code     2  heapauxi.o(.text)
    __rt_heap_escrow$2region                 0x0000dbfb   Thumb Code     2  heapauxi.o(.text)
    __rt_heap_expand$2region                 0x0000dbfd   Thumb Code     2  heapauxi.o(.text)
    __read_errno                             0x0000dbff   Thumb Code    10  _rserrno.o(.text)
    __set_errno                              0x0000dc09   Thumb Code    12  _rserrno.o(.text)
    _printf_truncate_signed                  0x0000dc15   Thumb Code    18  _printf_truncate.o(.text)
    _printf_truncate_unsigned                0x0000dc27   Thumb Code    18  _printf_truncate.o(.text)
    _printf_str                              0x0000dc39   Thumb Code    82  _printf_str.o(.text)
    _printf_int_common                       0x0000dc8b   Thumb Code   178  _printf_intcommon.o(.text)
    _printf_charcount                        0x0000dd3d   Thumb Code    40  _printf_charcount.o(.text)
    __lib_sel_fp_printf                      0x0000dd65   Thumb Code     2  _printf_fp_dec.o(.text)
    _printf_fp_dec_real                      0x0000df13   Thumb Code   620  _printf_fp_dec.o(.text)
    _printf_char_common                      0x0000e18b   Thumb Code    32  _printf_char_common.o(.text)
    _sputc                                   0x0000e1b1   Thumb Code    10  _sputc.o(.text)
    _printf_wctomb                           0x0000e1bd   Thumb Code   182  _printf_wctomb.o(.text)
    _printf_longlong_dec                     0x0000e279   Thumb Code   108  _printf_longlong_dec.o(.text)
    _printf_longlong_oct                     0x0000e2f5   Thumb Code    68  _printf_oct_int_ll.o(.text)
    _printf_int_oct                          0x0000e339   Thumb Code    24  _printf_oct_int_ll.o(.text)
    _printf_ll_oct                           0x0000e351   Thumb Code    12  _printf_oct_int_ll.o(.text)
    __rt_locale                              0x0000e365   Thumb Code     8  rt_locale_intlibspace.o(.text)
    __aeabi_errno_addr                       0x0000e36d   Thumb Code     8  rt_errno_addr_intlibspace.o(.text)
    __errno$intlibspace                      0x0000e36d   Thumb Code     0  rt_errno_addr_intlibspace.o(.text)
    __rt_errno_addr$intlibspace              0x0000e36d   Thumb Code     0  rt_errno_addr_intlibspace.o(.text)
    _ll_udiv10                               0x0000e375   Thumb Code   138  lludiv10.o(.text)
    _printf_fp_infnan                        0x0000e401   Thumb Code   112  _printf_fp_infnan.o(.text)
    _printf_cs_common                        0x0000e481   Thumb Code    20  _printf_char.o(.text)
    _printf_char                             0x0000e495   Thumb Code    16  _printf_char.o(.text)
    _printf_string                           0x0000e4a5   Thumb Code     8  _printf_char.o(.text)
    _printf_lcs_common                       0x0000e4ad   Thumb Code    20  _printf_wchar.o(.text)
    _printf_wchar                            0x0000e4c1   Thumb Code    16  _printf_wchar.o(.text)
    _printf_wstring                          0x0000e4d1   Thumb Code     8  _printf_wchar.o(.text)
    _btod_etento                             0x0000e4d9   Thumb Code   216  bigflt0.o(.text)
    _wcrtomb                                 0x0000e5b5   Thumb Code    64  _wcrtomb.o(.text)
    __user_libspace                          0x0000e5f5   Thumb Code     8  libspace.o(.text)
    __user_perproc_libspace                  0x0000e5f5   Thumb Code     0  libspace.o(.text)
    __user_perthread_libspace                0x0000e5f5   Thumb Code     0  libspace.o(.text)
    __user_setup_stackheap                   0x0000e5fd   Thumb Code    74  sys_stackheap_outer.o(.text)
    __rt_ctype_table                         0x0000e649   Thumb Code    16  rt_ctype_table.o(.text)
    exit                                     0x0000e659   Thumb Code    18  exit.o(.text)
    _sys_exit                                0x0000e66d   Thumb Code     8  sys_exit.o(.text)
    __I$use$semihosting                      0x0000e679   Thumb Code     0  use_no_semi.o(.text)
    __use_no_semihosting_swi                 0x0000e679   Thumb Code     2  use_no_semi.o(.text)
    __semihosting_library_function           0x0000e67b   Thumb Code     0  indicate_semi.o(.text)
    _btod_d2e                                0x0000e67b   Thumb Code    62  btod.o(CL$$btod_d2e)
    _d2e_denorm_low                          0x0000e6b9   Thumb Code    70  btod.o(CL$$btod_d2e_denorm_low)
    _d2e_norm_op1                            0x0000e6ff   Thumb Code    96  btod.o(CL$$btod_d2e_norm_op1)
    __btod_div_common                        0x0000e75f   Thumb Code   696  btod.o(CL$$btod_div_common)
    _e2e                                     0x0000ea97   Thumb Code   198  btod.o(CL$$btod_e2e)
    _btod_ediv                               0x0000eb5d   Thumb Code    40  btod.o(CL$$btod_ediv)
    _btod_emul                               0x0000eb85   Thumb Code    40  btod.o(CL$$btod_emul)
    __btod_mult_common                       0x0000ebad   Thumb Code   580  btod.o(CL$$btod_mult_common)
    BtnsMotorXHandler                        0x0000edf1   Thumb Code   226  main.o(i.BtnsMotorXHandler)
    BtnsMotorYHandler                        0x0000eeed   Thumb Code   226  main.o(i.BtnsMotorYHandler)
    BtnsMotorZHandler                        0x0000efe9   Thumb Code   226  main.o(i.BtnsMotorZHandler)
    ButtonsToRegs                            0x0000f0e5   Thumb Code   136  main.o(i.ButtonsToRegs)
    CheckPointFrz                            0x0000f18d   Thumb Code   106  main.o(i.CheckPointFrz)
    FormQueue                                0x0000f211   Thumb Code    84  main.o(i.FormQueue)
    HTCheckPointFrz                          0x0000f279   Thumb Code   106  main.o(i.HTCheckPointFrz)
    InitFrzTimers                            0x0000f2fd   Thumb Code   142  main.o(i.InitFrzTimers)
    MoveBtnX                                 0x0000f3b5   Thumb Code  1554  motor_x.o(i.MoveBtnX)
    MoveBtnY                                 0x0000f9cd   Thumb Code  1570  motor_y.o(i.MoveBtnY)
    MoveBtnZ                                 0x0000fff5   Thumb Code  1474  motor_z.o(i.MoveBtnZ)
    MoveByRegs                               0x000105bd   Thumb Code   334  main.o(i.MoveByRegs)
    MovePosX                                 0x00010729   Thumb Code  1156  motor_x.o(i.MovePosX)
    MovePosY                                 0x00010bb9   Thumb Code   936  motor_y.o(i.MovePosY)
    MovePosZ                                 0x00010f89   Thumb Code   914  motor_z.o(i.MovePosZ)
    PositX                                   0x00011345   Thumb Code   538  motor_x.o(i.PositX)
    PositY                                   0x00011595   Thumb Code   560  motor_y.o(i.PositY)
    PositZ                                   0x000117f5   Thumb Code   522  motor_z.o(i.PositZ)
    RecoverBlock                             0x00011a2d   Thumb Code   526  main.o(i.RecoverBlock)
    RunPrgFrz                                0x00011c8d   Thumb Code   224  main.o(i.RunPrgFrz)
    StopPrg                                  0x00011d9d   Thumb Code   186  main.o(i.StopPrg)
    ZZCheckPointFrz                          0x00011e79   Thumb Code   106  main.o(i.ZZCheckPointFrz)
    ZZeroDat                                 0x00011efd   Thumb Code    86  main.o(i.ZZeroDat)
    __ARM_fpclassify                         0x00011f71   Thumb Code    40  fpclassify.o(i.__ARM_fpclassify)
    __kernel_poly                            0x00011f99   Thumb Code   170  poly.o(i.__kernel_poly)
    __mathlib_dbl_infnan                     0x00012043   Thumb Code     6  dunder.o(i.__mathlib_dbl_infnan)
    __mathlib_dbl_invalid                    0x00012049   Thumb Code    12  dunder.o(i.__mathlib_dbl_invalid)
    _is_digit                                0x00012055   Thumb Code    14  __printf_wp.o(i._is_digit)
    acos                                     0x00012065   Thumb Code   574  acos.o(i.acos)
    ceil                                     0x000122e1   Thumb Code   204  ceil.o(i.ceil)
    sqrt                                     0x000123bd   Thumb Code    76  sqrt.o(i.sqrt)
    _get_lc_numeric                          0x00012409   Thumb Code    44  lc_numeric_c.o(locale$$code)
    _get_lc_ctype                            0x00012435   Thumb Code    44  lc_ctype_c.o(locale$$code)
    __aeabi_d2f                              0x00012461   Thumb Code     0  d2f.o(x$fpl$d2f)
    _d2f                                     0x00012461   Thumb Code    98  d2f.o(x$fpl$d2f)
    __aeabi_dadd                             0x000124c5   Thumb Code     0  daddsub_clz.o(x$fpl$dadd)
    _dadd                                    0x000124c5   Thumb Code   332  daddsub_clz.o(x$fpl$dadd)
    __fpl_dcheck_NaN1                        0x00012615   Thumb Code    10  dcheck1.o(x$fpl$dcheck1)
    __fpl_dcmp_Inf                           0x00012625   Thumb Code    24  dcmpi.o(x$fpl$dcmpinf)
    __aeabi_ddiv                             0x0001263d   Thumb Code     0  ddiv.o(x$fpl$ddiv)
    _ddiv                                    0x0001263d   Thumb Code   552  ddiv.o(x$fpl$ddiv)
    __aeabi_d2iz                             0x000128ed   Thumb Code     0  dfix.o(x$fpl$dfix)
    _dfix                                    0x000128ed   Thumb Code    94  dfix.o(x$fpl$dfix)
    __aeabi_d2uiz                            0x0001294d   Thumb Code     0  dfixu.o(x$fpl$dfixu)
    _dfixu                                   0x0001294d   Thumb Code    90  dfixu.o(x$fpl$dfixu)
    __aeabi_i2d                              0x000129a7   Thumb Code     0  dflt_clz.o(x$fpl$dflt)
    _dflt                                    0x000129a7   Thumb Code    46  dflt_clz.o(x$fpl$dflt)
    __aeabi_ui2d                             0x000129d5   Thumb Code     0  dflt_clz.o(x$fpl$dfltu)
    _dfltu                                   0x000129d5   Thumb Code    38  dflt_clz.o(x$fpl$dfltu)
    __aeabi_ul2d                             0x000129fd   Thumb Code     0  dfltll_clz.o(x$fpl$dfltull)
    _ll_uto_d                                0x000129fd   Thumb Code   138  dfltll_clz.o(x$fpl$dfltull)
    __aeabi_cdcmple                          0x00012a89   Thumb Code     0  dleqf.o(x$fpl$dleqf)
    _dcmple                                  0x00012a89   Thumb Code   120  dleqf.o(x$fpl$dleqf)
    __fpl_dcmple_InfNaN                      0x00012aeb   Thumb Code     0  dleqf.o(x$fpl$dleqf)
    __aeabi_dmul                             0x00012b01   Thumb Code     0  dmul.o(x$fpl$dmul)
    _dmul                                    0x00012b01   Thumb Code   332  dmul.o(x$fpl$dmul)
    __fpl_dnaninf                            0x00012c55   Thumb Code   156  dnaninf.o(x$fpl$dnaninf)
    __fpl_dretinf                            0x00012cf1   Thumb Code    12  dretinf.o(x$fpl$dretinf)
    __aeabi_cdrcmple                         0x00012cfd   Thumb Code     0  drleqf.o(x$fpl$drleqf)
    _drcmple                                 0x00012cfd   Thumb Code   108  drleqf.o(x$fpl$drleqf)
    __aeabi_drsub                            0x00012d69   Thumb Code     0  daddsub_clz.o(x$fpl$drsb)
    _drsb                                    0x00012d69   Thumb Code    22  daddsub_clz.o(x$fpl$drsb)
    _dsqrt                                   0x00012d81   Thumb Code   456  dsqrt_noumaal.o(x$fpl$dsqrt)
    __aeabi_dsub                             0x00012f4d   Thumb Code     0  daddsub_clz.o(x$fpl$dsub)
    _dsub                                    0x00012f4d   Thumb Code   464  daddsub_clz.o(x$fpl$dsub)
    __aeabi_f2d                              0x00013121   Thumb Code     0  f2d.o(x$fpl$f2d)
    _f2d                                     0x00013121   Thumb Code    86  f2d.o(x$fpl$f2d)
    __aeabi_fadd                             0x00013179   Thumb Code     0  faddsub_clz.o(x$fpl$fadd)
    _fadd                                    0x00013179   Thumb Code   196  faddsub_clz.o(x$fpl$fadd)
    __fpl_fcmp_Inf                           0x0001323d   Thumb Code    24  fcmpi.o(x$fpl$fcmpinf)
    __aeabi_fdiv                             0x00013255   Thumb Code     0  fdiv.o(x$fpl$fdiv)
    _fdiv                                    0x00013255   Thumb Code   384  fdiv.o(x$fpl$fdiv)
    __aeabi_cfcmpeq                          0x000133d9   Thumb Code     0  feqf.o(x$fpl$feqf)
    _fcmpeq                                  0x000133d9   Thumb Code   104  feqf.o(x$fpl$feqf)
    __aeabi_f2iz                             0x00013441   Thumb Code     0  ffix.o(x$fpl$ffix)
    _ffix                                    0x00013441   Thumb Code    54  ffix.o(x$fpl$ffix)
    __aeabi_i2f                              0x00013479   Thumb Code     0  fflt_clz.o(x$fpl$fflt)
    _fflt                                    0x00013479   Thumb Code    48  fflt_clz.o(x$fpl$fflt)
    __aeabi_ui2f                             0x000134a9   Thumb Code     0  fflt_clz.o(x$fpl$ffltu)
    _ffltu                                   0x000134a9   Thumb Code    38  fflt_clz.o(x$fpl$ffltu)
    __aeabi_cfcmple                          0x000134d1   Thumb Code     0  fleqf.o(x$fpl$fleqf)
    _fcmple                                  0x000134d1   Thumb Code   104  fleqf.o(x$fpl$fleqf)
    __fpl_fcmple_InfNaN                      0x00013523   Thumb Code     0  fleqf.o(x$fpl$fleqf)
    __aeabi_fmul                             0x00013539   Thumb Code     0  fmul.o(x$fpl$fmul)
    _fmul                                    0x00013539   Thumb Code   258  fmul.o(x$fpl$fmul)
    __fpl_fnaninf                            0x0001363b   Thumb Code   140  fnaninf.o(x$fpl$fnaninf)
    __fpl_fretinf                            0x000136c7   Thumb Code    10  fretinf.o(x$fpl$fretinf)
    __aeabi_cfrcmple                         0x000136d1   Thumb Code     0  frleqf.o(x$fpl$frleqf)
    _frcmple                                 0x000136d1   Thumb Code    98  frleqf.o(x$fpl$frleqf)
    __aeabi_frsub                            0x00013733   Thumb Code     0  faddsub_clz.o(x$fpl$frsb)
    _frsb                                    0x00013733   Thumb Code    20  faddsub_clz.o(x$fpl$frsb)
    __aeabi_fsub                             0x00013749   Thumb Code     0  faddsub_clz.o(x$fpl$fsub)
    _fsub                                    0x00013749   Thumb Code   234  faddsub_clz.o(x$fpl$fsub)
    __aeabi_d2ulz                            0x00013835   Thumb Code     0  dfixull.o(x$fpl$llufromd)
    _ll_ufrom_d                              0x00013835   Thumb Code   120  dfixull.o(x$fpl$llufromd)
    _printf_fp_dec                           0x000138ad   Thumb Code     4  printf1.o(x$fpl$printf1)
    __fpl_return_NaN                         0x000138b1   Thumb Code   100  retnan.o(x$fpl$retnan)
    __ARM_scalbn                             0x00013915   Thumb Code    92  scalbn.o(x$fpl$scalbn)
    __fpl_cmpreturn                          0x00013971   Thumb Code    48  trapv.o(x$fpl$trapveneer)
    __I$use$fp                               0x000139a0   Number         0  usenofp.o(x$fpl$usenofp)
    Region$$Table$$Base                      0x00013f38   Number         0  anon$$obj.o(Region$$Table)
    Region$$Table$$Limit                     0x00013f78   Number         0  anon$$obj.o(Region$$Table)
    __ctype                                  0x00013fa1   Data           0  lc_ctype_c.o(locale$$data)
    SystemCoreClock                          0x10000000   Data           4  system_lpc17xx.o(.data)
    mbRDataLen0                              0x10000004   Data           2  modbus.o(.data)
    mbRDataLen1                              0x10000006   Data           2  modbus.o(.data)
    mbSDataLen0                              0x10000008   Data           2  modbus.o(.data)
    mbSDataLen1                              0x1000000a   Data           2  modbus.o(.data)
    mbSFDLen0                                0x1000000c   Data           2  modbus.o(.data)
    mbSFDLen1                                0x1000000e   Data           2  modbus.o(.data)
    mbDelay0                                 0x10000010   Data           2  modbus.o(.data)
    mbDelay1                                 0x10000012   Data           2  modbus.o(.data)
    pPackHandler0                            0x10000014   Data           4  modbus.o(.data)
    pPackHandler1                            0x10000018   Data           4  modbus.o(.data)
    FLASH_BANKS_NUM                          0x1000001c   Data           1  fs.o(.data)
    FS_IS_INITED                             0x1000001d   Data           1  fs.o(.data)
    FS_STATE                                 0x1000001e   Data           1  fs.o(.data)
    SECTORS_NUMBER                           0x10000020   Data           2  fs.o(.data)
    CLUSTERS_PER_SECTOR                      0x10000022   Data           2  fs.o(.data)
    CLUSTERS_NUMBER                          0x10000024   Data           2  fs.o(.data)
    ClusterMAX                               0x10000026   Data           2  fs.o(.data)
    CLUSTER_SIZE                             0x10000028   Data           2  fs.o(.data)
    CATRecordsNumber                         0x1000002a   Data           2  fs.o(.data)
    CATRecordMAX                             0x1000002c   Data           2  fs.o(.data)
    SECTOR_SIZE                              0x10000030   Data           4  fs.o(.data)
    CAT_Size                                 0x10000034   Data           4  fs.o(.data)
    FNTRecordsNumber                         0x10000038   Data           4  fs.o(.data)
    FNTRecordMAX                             0x1000003c   Data           4  fs.o(.data)
    CAT_BASE_ADDRESS                         0x10000040   Data           4  fs.o(.data)
    CLUSTERS_BASE_ADDRESS                    0x10000044   Data           4  fs.o(.data)
    MsgLen                                   0x10000048   Data           2  msg.o(.data)
    vArgs                                    0x1000004c   Data           4  msg.o(.data)
    Table_CRC8                               0x10000050   Data         256  tools.o(.data)
    aPin                                     0x10000150   Data         432  staticpins.o(.data)
    EAddr                                    0x10000300   Data           1  queue.o(.data)
    ECmd                                     0x10000301   Data           1  queue.o(.data)
    ECode                                    0x10000302   Data           1  queue.o(.data)
    Busy                                     0x10000304   Data           1  handlers.o(.data)
    sG0                                      0x10000305   Data           1  handlers.o(.data)
    EndTranslate                             0x10000306   Data           1  handlers.o(.data)
    SPS                                      0x10000307   Data           1  handlers.o(.data)
    eb                                       0x10000308   Data           4  handlers.o(.data)
    X                                        0x1000030c   Data           4  handlers.o(.data)
    Y                                        0x10000310   Data           4  handlers.o(.data)
    Z                                        0x10000314   Data           4  handlers.o(.data)
    pPrgFileName                             0x10000318   Data           4  handlers.o(.data)
    pPrgFileHandle                           0x1000031c   Data           4  handlers.o(.data)
    pPrgLineCount                            0x10000320   Data           4  handlers.o(.data)
    pPrgRun                                  0x10000324   Data           4  handlers.o(.data)
    pRCS                                     0x10000328   Data           4  handlers.o(.data)
    pCurCadr                                 0x1000032c   Data           4  handlers.o(.data)
    pNumReadLine                             0x10000330   Data           4  handlers.o(.data)
    pBlock                                   0x10000334   Data           4  handlers.o(.data)
    pTrAngle                                 0x10000338   Data           4  handlers.o(.data)
    Sr                                       0x1000033c   Data           4  handlers.o(.data)
    Sri                                      0x10000340   Data           4  handlers.o(.data)
    pRunSpPause                              0x10000344   Data           4  handlers.o(.data)
    ppb                                      0x10000348   Data           4  handlers.o(.data)
    nb                                       0x1000034c   Data           4  handlers.o(.data)
    ts                                       0x10000350   Data           8  handlers.o(.data)
    rs                                       0x10000358   Data           8  handlers.o(.data)
    fStartMoveZLowSpeed                      0x10000360   Data           1  motors.o(.data)
    SendPointCount                           0x10000361   Data           1  motors.o(.data)
    ClrF                                     0x10000362   Data           1  motors.o(.data)
    f                                        0x10000363   Data           1  motors.o(.data)
    stepX                                    0x10000364   Data           1  motors.o(.data)
    stepY                                    0x10000365   Data           1  motors.o(.data)
    stepZ                                    0x10000366   Data           1  motors.o(.data)
    Index                                    0x10000368   Data           4  motors.o(.data)
    pX1                                      0x1000036c   Data           4  motors.o(.data)
    pY1                                      0x10000370   Data           4  motors.o(.data)
    pZ1                                      0x10000374   Data           4  motors.o(.data)
    pX2                                      0x10000378   Data           4  motors.o(.data)
    pY2                                      0x1000037c   Data           4  motors.o(.data)
    pZ2                                      0x10000380   Data           4  motors.o(.data)
    pX3                                      0x10000384   Data           4  motors.o(.data)
    pY3                                      0x10000388   Data           4  motors.o(.data)
    pZ3                                      0x1000038c   Data           4  motors.o(.data)
    pfZcomp                                  0x10000390   Data           4  motors.o(.data)
    pA                                       0x10000394   Data           4  motors.o(.data)
    pB                                       0x10000398   Data           4  motors.o(.data)
    pC                                       0x1000039c   Data           4  motors.o(.data)
    pD                                       0x100003a0   Data           4  motors.o(.data)
    dz                                       0x100003a4   Data           4  motors.o(.data)
    SaveZPos                                 0x100003a8   Data           4  motors.o(.data)
    px                                       0x100003ac   Data           4  motors.o(.data)
    py                                       0x100003b0   Data           4  motors.o(.data)
    pz                                       0x100003b4   Data           4  motors.o(.data)
    pHdat                                    0x100003b8   Data           4  motors.o(.data)
    Vct                                      0x100003bc   Data           4  motors.o(.data)
    con                                      0x100003c0   Data           4  motors.o(.data)
    Vin                                      0x100003c4   Data           4  motors.o(.data)
    itc                                      0x100003c8   Data           4  motors.o(.data)
    cm                                       0x100003cc   Data           4  motors.o(.data)
    cc                                       0x100003d0   Data           4  motors.o(.data)
    cd                                       0x100003d4   Data           4  motors.o(.data)
    Tacc                                     0x100003d8   Data           4  motors.o(.data)
    Tdec                                     0x100003dc   Data           4  motors.o(.data)
    Sti                                      0x100003e0   Data           4  motors.o(.data)
    save_mc_Z_FrReq                          0x100003e8   Data           8  motors.o(.data)
    save_mc_Z_FrMax                          0x100003f0   Data           8  motors.o(.data)
    OutAllocTable                            0x100003f8   Data           1  regs.o(.data)
    CurVarIndex                              0x100003fc   Data           4  regs.o(.data)
    vPinsdef                                 0x10000400   Data         108  vpfrz.o(.data)
    pUsesKP485                               0x1000046c   Data           4  keypad.o(.data)
    pAddrKPCtrl                              0x10000470   Data           4  keypad.o(.data)
    pDrDelay                                 0x10000474   Data           4  keypad.o(.data)
    pDCTime                                  0x10000478   Data           4  keypad.o(.data)
    pPercVmin                                0x1000047c   Data           4  keypad.o(.data)
    pZmove                                   0x10000480   Data           4  keypad.o(.data)
    pUnusedmove                              0x10000484   Data           4  keypad.o(.data)
    pAxisSwitch                              0x10000488   Data           4  keypad.o(.data)
    ClrSY                                    0x1000048c   Data           1  motor_y.o(.data)
    Btn5Handler::f                           0x1000048d   Data           1  main.o(.data__ZZ11Btn5HandlerE1f)
    ZZeroDatFrz::f2                          0x1000048e   Data           1  main.o(.data__ZZ11ZZeroDatFrzE2f2)
    CheckPointFrz::f4                        0x1000048f   Data           1  main.o(.data__ZZ13CheckPointFrzE2f4)
    HTCheckPointFrz::f6                      0x10000490   Data           1  main.o(.data__ZZ15HTCheckPointFrzE2f6)
    ZZCheckPointFrz::f6                      0x10000491   Data           1  main.o(.data__ZZ15ZZCheckPointFrzE2f6)
    BtnsMotorXHandler::fD                    0x10000492   Data           1  main.o(.data__ZZ17BtnsMotorXHandlerE2fD)
    BtnsMotorYHandler::fD                    0x10000493   Data           1  main.o(.data__ZZ17BtnsMotorYHandlerE2fD)
    BtnsMotorZHandler::fD                    0x10000494   Data           1  main.o(.data__ZZ17BtnsMotorZHandlerE2fD)
    ByPassFrz::f1                            0x10000495   Data           1  main.o(.data__ZZ9ByPassFrzE2f1)
    mbRBuffer0                               0x10000498   Data        8192  modbus.o(.bss)
    mbRBuffer1                               0x10002498   Data         256  modbus.o(.bss)
    mbSBuffer0                               0x10002598   Data         256  modbus.o(.bss)
    mbSBuffer1                               0x10002698   Data         256  modbus.o(.bss)
    mbSFBuf0                                 0x10002798   Data         256  modbus.o(.bss)
    mbSFBuf1                                 0x10002898   Data         256  modbus.o(.bss)
    pFCSArray                                0x10002998   Data          32  fs.o(.bss)
    FCSArray                                 0x100029b8   Data        2584  fs.o(.bss)
    ti                                       0x100033d0   Data         120  ti.o(.bss)
    time                                     0x10003448   Data         120  ti.o(.bss)
    rb0                                      0x100034c0   Data        1048  uart.o(.bss)
    rb1                                      0x100038d8   Data        1048  uart.o(.bss)
    FLASH_BankCapacity                       0x10003cf0   Data          16  flash.o(.bss)
    str3                                     0x10003d00   Data        2000  flash.o(.bss)
    sb                                       0x100044d0   Data         232  main.o(.bss)
    si                                       0x100045b8   Data          50  main.o(.bss)
    qb                                       0x100045ec   Data        2324  handlers.o(.bss)
    st                                       0x10004f00   Data          50  handlers.o(.bss)
    ctb                                      0x10004f34   Data         232  handlers.o(.bss)
    rbs                                      0x1000501c   Data         232  handlers.o(.bss)
    rbc                                      0x10005104   Data         232  handlers.o(.bss)
    tb                                       0x100051ec   Data         232  handlers.o(.bss)
    s                                        0x100052d4   Data          50  handlers.o(.bss)
    tcs_FMove                                0x10005308   Data          28  motors.o(.bss)
    fmvc                                     0x10005324   Data          25  motors.o(.bss)
    fmvs                                     0x10005340   Data          16  motors.o(.bss)
    tcs_MotorY                               0x10005350   Data          28  motor_y.o(.bss)
    mc_Y                                     0x1000536c   Data          40  motor_y.o(.bss)
    ms_Y                                     0x10005398   Data          56  motor_y.o(.bss)
    WaitFlag                                 0x2007c000   Data           1  modbus.o(.data)
    T0MR0                                    0x2007c004   Data           4  timers.o(.data)
    T0MR1                                    0x2007c008   Data           4  timers.o(.data)
    T0MR2                                    0x2007c00c   Data           4  timers.o(.data)
    T0MR3                                    0x2007c010   Data           4  timers.o(.data)
    T1MR0                                    0x2007c014   Data           4  timers.o(.data)
    T1MR1                                    0x2007c018   Data           4  timers.o(.data)
    T1MR2                                    0x2007c01c   Data           4  timers.o(.data)
    T1MR3                                    0x2007c020   Data           4  timers.o(.data)
    T2MR0                                    0x2007c024   Data           4  timers.o(.data)
    T2MR1                                    0x2007c028   Data           4  timers.o(.data)
    T2MR2                                    0x2007c02c   Data           4  timers.o(.data)
    T2MR3                                    0x2007c030   Data           4  timers.o(.data)
    T3MR0                                    0x2007c034   Data           4  timers.o(.data)
    T3MR1                                    0x2007c038   Data           4  timers.o(.data)
    T3MR2                                    0x2007c03c   Data           4  timers.o(.data)
    T3MR3                                    0x2007c040   Data           4  timers.o(.data)
    TxIntStat0                               0x2007c044   Data           1  uart.o(.data)
    TxIntStat1                               0x2007c045   Data           1  uart.o(.data)
    Delay                                    0x2007c048   Data           4  uart.o(.data)
    FLASH_BankSize                           0x2007c050   Data           4  flash.o(.data)
    FLASH_TotalSize                          0x2007c054   Data           4  flash.o(.data)
    str1                                     0x2007c05c   Data        2000  flash.o(.data)
    str2                                     0x2007c82c   Data        2000  flash.o(.data)
    pErrHandler                              0x2007cffc   Data           4  virtualpins.o(.data)
    pvPins                                   0x2007d000   Data           4  virtualpins.o(.data)
    adrb                                     0x2007d004   Data          72  virtualpins.o(.data)
    Index1                                   0x2007d04c   Data           1  main.o(.data)
    Index2                                   0x2007d04d   Data           1  main.o(.data)
    Save_sGo                                 0x2007d04e   Data           1  main.o(.data)
    fb                                       0x2007d050   Data           4  main.o(.data)
    pb                                       0x2007d054   Data           4  main.o(.data)
    Save_Feed                                0x2007d058   Data           4  main.o(.data)
    Save_Speed                               0x2007d05c   Data           4  main.o(.data)
    pWF_CRC                                  0x2007d060   Data           4  handlers.o(.data)
    TROS_DIR                                 0x2007d064   Data           1  freqinvr.o(.data)
    pFIPWM                                   0x2007d068   Data           4  freqinvr.o(.data)
    pFIPWMFreq                               0x2007d06c   Data           4  freqinvr.o(.data)
    VChange                                  0x2007d070   Data           1  regs.o(.data)
    KP_NA_Count                              0x2007d071   Data           1  regs.o(.data)
    fStopPrg                                 0x2007d072   Data           1  regs.o(.data)
    fStartPrg                                0x2007d073   Data           1  regs.o(.data)
    fSaveRegs                                0x2007d074   Data           1  regs.o(.data)
    iva                                      0x2007d076   Data           2  regs.o(.data)
    pByPass                                  0x2007d07c   Data           4  regs.o(.data)
    pCrushWater                              0x2007d080   Data           4  regs.o(.data)
    pQURepCount                              0x2007d084   Data           4  regs.o(.data)
    pQUTimeout                               0x2007d088   Data           4  regs.o(.data)
    pACmdDump                                0x2007d08c   Data           4  regs.o(.data)
    pAMsg                                    0x2007d090   Data           4  regs.o(.data)
    pAAnswDump                               0x2007d094   Data           4  regs.o(.data)
    pAECmdDump                               0x2007d098   Data           4  regs.o(.data)
    pAEMsg                                   0x2007d09c   Data           4  regs.o(.data)
    pAEAnswDump                              0x2007d0a0   Data           4  regs.o(.data)
    pANCmdDump                               0x2007d0a4   Data           4  regs.o(.data)
    pANMsg                                   0x2007d0a8   Data           4  regs.o(.data)
    pErrCSU1                                 0x2007d0ac   Data           4  regs.o(.data)
    pDropCmd                                 0x2007d0b0   Data           4  regs.o(.data)
    pX_PG_MM                                 0x2007d0b4   Data           4  regs.o(.data)
    pX_SPR                                   0x2007d0b8   Data           4  regs.o(.data)
    pX_MIN                                   0x2007d0bc   Data           4  regs.o(.data)
    pX_MAX                                   0x2007d0c0   Data           4  regs.o(.data)
    vX_MIN_POS                               0x2007d0c4   Data           4  regs.o(.data)
    vX_MAX_POS                               0x2007d0c8   Data           4  regs.o(.data)
    pY_PG_MM                                 0x2007d0cc   Data           4  regs.o(.data)
    pY_SPR                                   0x2007d0d0   Data           4  regs.o(.data)
    pY_MIN                                   0x2007d0d4   Data           4  regs.o(.data)
    pY_MAX                                   0x2007d0d8   Data           4  regs.o(.data)
    vY_MIN_POS                               0x2007d0dc   Data           4  regs.o(.data)
    vY_MAX_POS                               0x2007d0e0   Data           4  regs.o(.data)
    pZ_PG_MM                                 0x2007d0e4   Data           4  regs.o(.data)
    pZ_SPR                                   0x2007d0e8   Data           4  regs.o(.data)
    pZ_MIN                                   0x2007d0ec   Data           4  regs.o(.data)
    pZ_MAX                                   0x2007d0f0   Data           4  regs.o(.data)
    vZ_MIN_POS                               0x2007d0f4   Data           4  regs.o(.data)
    vZ_MAX_POS                               0x2007d0f8   Data           4  regs.o(.data)
    dXPos                                    0x2007d0fc   Data           4  regs.o(.data)
    dYPos                                    0x2007d100   Data           4  regs.o(.data)
    dZPos                                    0x2007d104   Data           4  regs.o(.data)
    pIntKPCtrl                               0x2007d108   Data           4  regs.o(.data)
    pIntKPCtrlStop                           0x2007d10c   Data           4  regs.o(.data)
    pKP_NA_Max                               0x2007d110   Data           4  regs.o(.data)
    pLinkKP                                  0x2007d114   Data           4  regs.o(.data)
    pCorrStop                                0x2007d118   Data           4  regs.o(.data)
    pRecoverBlock                            0x2007d11c   Data           4  regs.o(.data)
    pHTCorr                                  0x2007d120   Data           4  regs.o(.data)
    pZZeroDat                                0x2007d124   Data           4  regs.o(.data)
    pFdbyFnom                                0x2007d128   Data           4  regs.o(.data)
    pFnom                                    0x2007d12c   Data           4  regs.o(.data)
    pYmove                                   0x2007d134   Data           4  keypad.o(.data)
    pXmove                                   0x2007d138   Data           4  keypad.o(.data)
    pBtn5                                    0x2007d13c   Data           4  keypad.o(.data)
    pBUZZ                                    0x2007d140   Data           4  keypad.o(.data)
    ClrSX                                    0x2007d144   Data           1  motor_x.o(.data)
    ClrSZ                                    0x2007d145   Data           1  motor_z.o(.data)
    CheckPointFrz::f3                        0x2007d146   Data           1  main.o(.data__ZZ13CheckPointFrzE2f3)
    CrushWaterFrz::f                         0x2007d147   Data           1  main.o(.data__ZZ13CrushWaterFrzE1f)
    HTCheckPointFrz::f5                      0x2007d148   Data           1  main.o(.data__ZZ15HTCheckPointFrzE2f5)
    ZZCheckPointFrz::f5                      0x2007d149   Data           1  main.o(.data__ZZ15ZZCheckPointFrzE2f5)
    BtnsMotorXHandler::fB                    0x2007d14a   Data           1  main.o(.data__ZZ17BtnsMotorXHandlerE2fB)
    BtnsMotorYHandler::fB                    0x2007d14b   Data           1  main.o(.data__ZZ17BtnsMotorYHandlerE2fB)
    BtnsMotorZHandler::fB                    0x2007d14c   Data           1  main.o(.data__ZZ17BtnsMotorZHandlerE2fB)
    BtnAxisSwitchHandler::f                  0x2007d14d   Data           1  main.o(.data__ZZ20BtnAxisSwitchHandlerE1f)
    HTCorrFrz::f2                            0x2007d14e   Data           1  main.o(.data__ZZ9HTCorrFrzE2f2)
    MsgBuf                                   0x2007d150   Data         200  msg.o(.bss)
    bufmsg                                   0x2007d218   Data         120  msg.o(.bss)
    aVQPIN                                   0x2007d290   Data         720  virtualpins.o(.bss)
    pe                                       0x2007d560   Data          16  virtualpins.o(.bss)
    qu                                       0x2007d570   Data        3306  queue.o(.bss)
    rbuf                                     0x2007e25a   Data         255  u0packets.o(.bss)
    buffer0                                  0x2007e359   Data          10  u0packets.o(.bss)
    buffer1                                  0x2007e363   Data         255  u1packets.o(.bss)
    va                                       0x2007e464   Data        7200  regs.o(.bss)
    regs                                     0x20080084   Data        1000  regs.o(.bss)
    tcs_MotorX                               0x20080470   Data          28  motor_x.o(.bss)
    mc_X                                     0x2008048c   Data          40  motor_x.o(.bss)
    ms_X                                     0x200804b8   Data          56  motor_x.o(.bss)
    tcs_MotorZ                               0x200804f0   Data          28  motor_z.o(.bss)
    mc_Z                                     0x2008050c   Data          40  motor_z.o(.bss)
    ms_Z                                     0x20080538   Data          56  motor_z.o(.bss)
    __libspace_start                         0x20080570   Data          96  libspace.o(.bss)
    __temporary_stack_top$libspace           0x200805d0   Data           0  libspace.o(.bss)



==============================================================================

Memory Map of the image

  Image Entry point : 0x000020cd

  Load Region LR_IROM1 (Base: 0x00002000, Size: 0x0001368c, Max: 0x00080000, ABSOLUTE, COMPRESSED[0x000129c0])

    Execution Region ER_IROM1 (Base: 0x00002000, Size: 0x000120a4, Max: 0x00080000, ABSOLUTE)

    Base Addr    Size         Type   Attr      Idx    E Section Name        Object

    0x00002000   0x000000cc   Data   RO            3    RESET               startup_lpc17xx.o
    0x000020cc   0x00000008   Code   RO         1486  * !!!main             c_w.l(__main.o)
    0x000020d4   0x00000034   Code   RO         1894    !!!scatter          c_w.l(__scatter.o)
    0x00002108   0x00000064   Code   RO         1892    !!dclz77c           c_w.l(__dclz77c.o)
    0x0000216c   0x0000001c   Code   RO         1896    !!handler_zi        c_w.l(__scatter_zi.o)
    0x00002188   0x00000000   Code   RO         1469    .ARM.Collect$$_printf_percent$$00000000  c_w.l(_printf_percent.o)
    0x00002188   0x00000006   Code   RO         1612    .ARM.Collect$$_printf_percent$$00000001  c_w.l(_printf_n.o)
    0x0000218e   0x00000006   Code   RO         1613    .ARM.Collect$$_printf_percent$$00000002  c_w.l(_printf_p.o)
    0x00002194   0x00000006   Code   RO         1468    .ARM.Collect$$_printf_percent$$00000003  c_w.l(_printf_f.o)
    0x0000219a   0x00000006   Code   RO         1617    .ARM.Collect$$_printf_percent$$00000004  c_w.l(_printf_e.o)
    0x000021a0   0x00000006   Code   RO         1618    .ARM.Collect$$_printf_percent$$00000005  c_w.l(_printf_g.o)
    0x000021a6   0x00000006   Code   RO         1619    .ARM.Collect$$_printf_percent$$00000006  c_w.l(_printf_a.o)
    0x000021ac   0x0000000a   Code   RO         1624    .ARM.Collect$$_printf_percent$$00000007  c_w.l(_printf_ll.o)
    0x000021b6   0x00000006   Code   RO         1615    .ARM.Collect$$_printf_percent$$00000008  c_w.l(_printf_i.o)
    0x000021bc   0x00000006   Code   RO         1467    .ARM.Collect$$_printf_percent$$00000009  c_w.l(_printf_d.o)
    0x000021c2   0x00000006   Code   RO         1616    .ARM.Collect$$_printf_percent$$0000000A  c_w.l(_printf_u.o)
    0x000021c8   0x00000006   Code   RO         1614    .ARM.Collect$$_printf_percent$$0000000B  c_w.l(_printf_o.o)
    0x000021ce   0x00000006   Code   RO         1466    .ARM.Collect$$_printf_percent$$0000000C  c_w.l(_printf_x.o)
    0x000021d4   0x00000006   Code   RO         1621    .ARM.Collect$$_printf_percent$$0000000D  c_w.l(_printf_lli.o)
    0x000021da   0x00000006   Code   RO         1622    .ARM.Collect$$_printf_percent$$0000000E  c_w.l(_printf_lld.o)
    0x000021e0   0x00000006   Code   RO         1623    .ARM.Collect$$_printf_percent$$0000000F  c_w.l(_printf_llu.o)
    0x000021e6   0x00000006   Code   RO         1628    .ARM.Collect$$_printf_percent$$00000010  c_w.l(_printf_llo.o)
    0x000021ec   0x00000006   Code   RO         1629    .ARM.Collect$$_printf_percent$$00000011  c_w.l(_printf_llx.o)
    0x000021f2   0x0000000a   Code   RO         1625    .ARM.Collect$$_printf_percent$$00000012  c_w.l(_printf_l.o)
    0x000021fc   0x00000006   Code   RO         1610    .ARM.Collect$$_printf_percent$$00000013  c_w.l(_printf_c.o)
    0x00002202   0x00000006   Code   RO         1611    .ARM.Collect$$_printf_percent$$00000014  c_w.l(_printf_s.o)
    0x00002208   0x00000006   Code   RO         1626    .ARM.Collect$$_printf_percent$$00000015  c_w.l(_printf_lc.o)
    0x0000220e   0x00000006   Code   RO         1627    .ARM.Collect$$_printf_percent$$00000016  c_w.l(_printf_ls.o)
    0x00002214   0x00000004   Code   RO         1620    .ARM.Collect$$_printf_percent$$00000017  c_w.l(_printf_percent_end.o)
    0x00002218   0x00000002   Code   RO         1758    .ARM.Collect$$libinit$$00000000  c_w.l(libinit.o)
    0x0000221a   0x00000000   Code   RO         1760    .ARM.Collect$$libinit$$00000002  c_w.l(libinit2.o)
    0x0000221a   0x00000000   Code   RO         1762    .ARM.Collect$$libinit$$00000004  c_w.l(libinit2.o)
    0x0000221a   0x00000000   Code   RO         1765    .ARM.Collect$$libinit$$0000000A  c_w.l(libinit2.o)
    0x0000221a   0x00000000   Code   RO         1767    .ARM.Collect$$libinit$$0000000C  c_w.l(libinit2.o)
    0x0000221a   0x00000000   Code   RO         1769    .ARM.Collect$$libinit$$0000000E  c_w.l(libinit2.o)
    0x0000221a   0x00000006   Code   RO         1770    .ARM.Collect$$libinit$$0000000F  c_w.l(libinit2.o)
    0x00002220   0x00000000   Code   RO         1772    .ARM.Collect$$libinit$$00000011  c_w.l(libinit2.o)
    0x00002220   0x0000000c   Code   RO         1773    .ARM.Collect$$libinit$$00000012  c_w.l(libinit2.o)
    0x0000222c   0x00000000   Code   RO         1774    .ARM.Collect$$libinit$$00000013  c_w.l(libinit2.o)
    0x0000222c   0x00000000   Code   RO         1776    .ARM.Collect$$libinit$$00000015  c_w.l(libinit2.o)
    0x0000222c   0x0000000a   Code   RO         1777    .ARM.Collect$$libinit$$00000016  c_w.l(libinit2.o)
    0x00002236   0x00000000   Code   RO         1778    .ARM.Collect$$libinit$$00000017  c_w.l(libinit2.o)
    0x00002236   0x00000000   Code   RO         1780    .ARM.Collect$$libinit$$00000019  c_w.l(libinit2.o)
    0x00002236   0x00000000   Code   RO         1782    .ARM.Collect$$libinit$$0000001B  c_w.l(libinit2.o)
    0x00002236   0x00000000   Code   RO         1784    .ARM.Collect$$libinit$$0000001D  c_w.l(libinit2.o)
    0x00002236   0x00000000   Code   RO         1786    .ARM.Collect$$libinit$$0000001F  c_w.l(libinit2.o)
    0x00002236   0x00000000   Code   RO         1788    .ARM.Collect$$libinit$$00000021  c_w.l(libinit2.o)
    0x00002236   0x00000000   Code   RO         1790    .ARM.Collect$$libinit$$00000023  c_w.l(libinit2.o)
    0x00002236   0x00000000   Code   RO         1792    .ARM.Collect$$libinit$$00000025  c_w.l(libinit2.o)
    0x00002236   0x00000000   Code   RO         1796    .ARM.Collect$$libinit$$0000002C  c_w.l(libinit2.o)
    0x00002236   0x00000000   Code   RO         1798    .ARM.Collect$$libinit$$0000002E  c_w.l(libinit2.o)
    0x00002236   0x00000000   Code   RO         1800    .ARM.Collect$$libinit$$00000030  c_w.l(libinit2.o)
    0x00002236   0x00000000   Code   RO         1802    .ARM.Collect$$libinit$$00000032  c_w.l(libinit2.o)
    0x00002236   0x00000002   Code   RO         1803    .ARM.Collect$$libinit$$00000033  c_w.l(libinit2.o)
    0x00002238   0x00000002   Code   RO         1857    .ARM.Collect$$libshutdown$$00000000  c_w.l(libshutdown.o)
    0x0000223a   0x00000000   Code   RO         1875    .ARM.Collect$$libshutdown$$00000002  c_w.l(libshutdown2.o)
    0x0000223a   0x00000000   Code   RO         1877    .ARM.Collect$$libshutdown$$00000004  c_w.l(libshutdown2.o)
    0x0000223a   0x00000000   Code   RO         1880    .ARM.Collect$$libshutdown$$00000007  c_w.l(libshutdown2.o)
    0x0000223a   0x00000000   Code   RO         1883    .ARM.Collect$$libshutdown$$0000000A  c_w.l(libshutdown2.o)
    0x0000223a   0x00000000   Code   RO         1885    .ARM.Collect$$libshutdown$$0000000C  c_w.l(libshutdown2.o)
    0x0000223a   0x00000000   Code   RO         1888    .ARM.Collect$$libshutdown$$0000000F  c_w.l(libshutdown2.o)
    0x0000223a   0x00000002   Code   RO         1889    .ARM.Collect$$libshutdown$$00000010  c_w.l(libshutdown2.o)
    0x0000223c   0x00000000   Code   RO         1578    .ARM.Collect$$rtentry$$00000000  c_w.l(__rtentry.o)
    0x0000223c   0x00000000   Code   RO         1666    .ARM.Collect$$rtentry$$00000002  c_w.l(__rtentry2.o)
    0x0000223c   0x00000006   Code   RO         1678    .ARM.Collect$$rtentry$$00000004  c_w.l(__rtentry4.o)
    0x00002242   0x00000000   Code   RO         1668    .ARM.Collect$$rtentry$$00000009  c_w.l(__rtentry2.o)
    0x00002242   0x00000004   Code   RO         1669    .ARM.Collect$$rtentry$$0000000A  c_w.l(__rtentry2.o)
    0x00002246   0x00000000   Code   RO         1671    .ARM.Collect$$rtentry$$0000000C  c_w.l(__rtentry2.o)
    0x00002246   0x00000008   Code   RO         1672    .ARM.Collect$$rtentry$$0000000D  c_w.l(__rtentry2.o)
    0x0000224e   0x00000002   Code   RO         1806    .ARM.Collect$$rtexit$$00000000  c_w.l(rtexit.o)
    0x00002250   0x00000000   Code   RO         1826    .ARM.Collect$$rtexit$$00000002  c_w.l(rtexit2.o)
    0x00002250   0x00000004   Code   RO         1827    .ARM.Collect$$rtexit$$00000003  c_w.l(rtexit2.o)
    0x00002254   0x00000006   Code   RO         1828    .ARM.Collect$$rtexit$$00000004  c_w.l(rtexit2.o)
    0x0000225a   0x00000002   PAD
    0x0000225c   0x00000008   Code   RO          182    .emb_text           sbl_iap.o
    0x00002264   0x00000040   Code   RO            5    .text               startup_lpc17xx.o
    0x000022a4   0x00000178   Code   RO           25    .text               system_lpc17xx.o
    0x0000241c   0x00000108   Code   RO           64    .text               lpc17xx_clkpwr.o
    0x00002524   0x000000a8   Code   RO          102    .text               lpc17xx_pinsel.o
    0x000025cc   0x0000060c   Code   RO          125    .text               lpc17xx_uart.o
    0x00002bd8   0x000002f8   Code   RO          159    .text               lpc17xx_timer.o
    0x00002ed0   0x00000384   Code   RO          219    .text               modbus.o
    0x00003254   0x0000161c   Code   RO          294    .text               fs.o
    0x00004870   0x000000d0   Code   RO          338    .text               msg.o
    0x00004940   0x00000238   Code   RO          382    .text               bfs.o
    0x00004b78   0x00000038   Code   RO          401    .text               ti.o
    0x00004bb0   0x00000634   Code   RO          435    .text               timers.o
    0x000051e4   0x000006c8   Code   RO          476    .text               uart.o
    0x000058ac   0x00000050   Code   RO          506    .text               tools.o
    0x000058fc   0x000006bc   Code   RO          526    .text               flash.o
    0x00005fb8   0x0000054c   Code   RO          576    .text               virtualpins.o
    0x00006504   0x00000600   Code   RO          619    .text               queue.o
    0x00006b04   0x000012c8   Code   RO          655    .text               u0packets.o
    0x00007dcc   0x00000048   Code   RO          721    .text               u1packets.o
    0x00007e14   0x000003f8   Code   RO          759    .text               main.o
    0x0000820c   0x00001c08   Code   RO          986    .text               handlers.o
    0x00009e14   0x00001710   Code   RO         1067    .text               motors.o
    0x0000b524   0x000000e8   Code   RO         1127    .text               freqinvr.o
    0x0000b60c   0x00001b70   Code   RO         1154    .text               regs.o
    0x0000d17c   0x000000f4   Code   RO         1210    .text               keypad.o
    0x0000d270   0x000000d4   Code   RO         1237    .text               motor_x.o
    0x0000d344   0x000000e4   Code   RO         1295    .text               motor_y.o
    0x0000d428   0x000000d4   Code   RO         1345    .text               motor_z.o
    0x0000d4fc   0x00000050   Code   RO         1391    .text               pwm.o
    0x0000d54c   0x000000ee   Code   RO         1411    .text               c_w.l(lludivv7m.o)
    0x0000d63a   0x00000002   PAD
    0x0000d63c   0x00000024   Code   RO         1413    .text               c_w.l(c89vsprintf.o)
    0x0000d660   0x0000002c   Code   RO         1415    .text               c_w.l(__2sprintf.o)
    0x0000d68c   0x0000004e   Code   RO         1421    .text               c_w.l(_printf_pad.o)
    0x0000d6da   0x00000002   PAD
    0x0000d6dc   0x00000078   Code   RO         1423    .text               c_w.l(_printf_dec.o)
    0x0000d754   0x00000094   Code   RO         1443    .text               c_w.l(_printf_hex_int_ll_ptr.o)
    0x0000d7e8   0x00000188   Code   RO         1463    .text               c_w.l(__printf_flags_ss_wp.o)
    0x0000d970   0x00000048   Code   RO         1470    .text               c_w.l(strcpy.o)
    0x0000d9b8   0x0000003e   Code   RO         1472    .text               c_w.l(strlen.o)
    0x0000d9f6   0x0000008a   Code   RO         1474    .text               c_w.l(rt_memcpy_v6.o)
    0x0000da80   0x00000064   Code   RO         1476    .text               c_w.l(rt_memcpy_w.o)
    0x0000dae4   0x00000044   Code   RO         1478    .text               c_w.l(rt_memclr.o)
    0x0000db28   0x0000004e   Code   RO         1480    .text               c_w.l(rt_memclr_w.o)
    0x0000db76   0x00000002   PAD
    0x0000db78   0x00000080   Code   RO         1482    .text               c_w.l(strcmpv7m.o)
    0x0000dbf8   0x00000006   Code   RO         1484    .text               c_w.l(heapauxi.o)
    0x0000dbfe   0x00000016   Code   RO         1583    .text               c_w.l(_rserrno.o)
    0x0000dc14   0x00000024   Code   RO         1585    .text               c_w.l(_printf_truncate.o)
    0x0000dc38   0x00000052   Code   RO         1587    .text               c_w.l(_printf_str.o)
    0x0000dc8a   0x000000b2   Code   RO         1589    .text               c_w.l(_printf_intcommon.o)
    0x0000dd3c   0x00000028   Code   RO         1591    .text               c_w.l(_printf_charcount.o)
    0x0000dd64   0x0000041a   Code   RO         1593    .text               c_w.l(_printf_fp_dec.o)
    0x0000e17e   0x00000002   PAD
    0x0000e180   0x00000030   Code   RO         1595    .text               c_w.l(_printf_char_common.o)
    0x0000e1b0   0x0000000a   Code   RO         1597    .text               c_w.l(_sputc.o)
    0x0000e1ba   0x00000002   PAD
    0x0000e1bc   0x000000bc   Code   RO         1599    .text               c_w.l(_printf_wctomb.o)
    0x0000e278   0x0000007c   Code   RO         1602    .text               c_w.l(_printf_longlong_dec.o)
    0x0000e2f4   0x00000070   Code   RO         1608    .text               c_w.l(_printf_oct_int_ll.o)
    0x0000e364   0x00000008   Code   RO         1685    .text               c_w.l(rt_locale_intlibspace.o)
    0x0000e36c   0x00000008   Code   RO         1690    .text               c_w.l(rt_errno_addr_intlibspace.o)
    0x0000e374   0x0000008a   Code   RO         1692    .text               c_w.l(lludiv10.o)
    0x0000e3fe   0x00000002   PAD
    0x0000e400   0x00000080   Code   RO         1694    .text               c_w.l(_printf_fp_infnan.o)
    0x0000e480   0x0000002c   Code   RO         1698    .text               c_w.l(_printf_char.o)
    0x0000e4ac   0x0000002c   Code   RO         1700    .text               c_w.l(_printf_wchar.o)
    0x0000e4d8   0x000000dc   Code   RO         1702    .text               c_w.l(bigflt0.o)
    0x0000e5b4   0x00000040   Code   RO         1727    .text               c_w.l(_wcrtomb.o)
    0x0000e5f4   0x00000008   Code   RO         1740    .text               c_w.l(libspace.o)
    0x0000e5fc   0x0000004a   Code   RO         1743    .text               c_w.l(sys_stackheap_outer.o)
    0x0000e646   0x00000002   PAD
    0x0000e648   0x00000010   Code   RO         1745    .text               c_w.l(rt_ctype_table.o)
    0x0000e658   0x00000012   Code   RO         1747    .text               c_w.l(exit.o)
    0x0000e66a   0x00000002   PAD
    0x0000e66c   0x0000000c   Code   RO         1823    .text               c_w.l(sys_exit.o)
    0x0000e678   0x00000002   Code   RO         1844    .text               c_w.l(use_no_semi.o)
    0x0000e67a   0x00000000   Code   RO         1846    .text               c_w.l(indicate_semi.o)
    0x0000e67a   0x0000003e   Code   RO         1705    CL$$btod_d2e        c_w.l(btod.o)
    0x0000e6b8   0x00000046   Code   RO         1707    CL$$btod_d2e_denorm_low  c_w.l(btod.o)
    0x0000e6fe   0x00000060   Code   RO         1706    CL$$btod_d2e_norm_op1  c_w.l(btod.o)
    0x0000e75e   0x00000338   Code   RO         1715    CL$$btod_div_common  c_w.l(btod.o)
    0x0000ea96   0x000000c6   Code   RO         1712    CL$$btod_e2e        c_w.l(btod.o)
    0x0000eb5c   0x00000028   Code   RO         1709    CL$$btod_ediv       c_w.l(btod.o)
    0x0000eb84   0x00000028   Code   RO         1708    CL$$btod_emul       c_w.l(btod.o)
    0x0000ebac   0x00000244   Code   RO         1714    CL$$btod_mult_common  c_w.l(btod.o)
    0x0000edf0   0x000000fc   Code   RO          810    i.BtnsMotorXHandler  main.o
    0x0000eeec   0x000000fc   Code   RO          798    i.BtnsMotorYHandler  main.o
    0x0000efe8   0x000000fc   Code   RO          804    i.BtnsMotorZHandler  main.o
    0x0000f0e4   0x000000a8   Code   RO          842    i.ButtonsToRegs     main.o
    0x0000f18c   0x00000084   Code   RO          832    i.CheckPointFrz     main.o
    0x0000f210   0x00000068   Code   RO          822    i.FormQueue         main.o
    0x0000f278   0x00000084   Code   RO          837    i.HTCheckPointFrz   main.o
    0x0000f2fc   0x000000b8   Code   RO          847    i.InitFrzTimers     main.o
    0x0000f3b4   0x00000618   Code   RO         1269    i.MoveBtnX          motor_x.o
    0x0000f9cc   0x00000628   Code   RO         1327    i.MoveBtnY          motor_y.o
    0x0000fff4   0x000005c8   Code   RO         1377    i.MoveBtnZ          motor_z.o
    0x000105bc   0x0000016c   Code   RO          816    i.MoveByRegs        main.o
    0x00010728   0x00000490   Code   RO         1263    i.MovePosX          motor_x.o
    0x00010bb8   0x000003d0   Code   RO         1321    i.MovePosY          motor_y.o
    0x00010f88   0x000003bc   Code   RO         1371    i.MovePosZ          motor_z.o
    0x00011344   0x00000250   Code   RO         1257    i.PositX            motor_x.o
    0x00011594   0x00000260   Code   RO         1315    i.PositY            motor_y.o
    0x000117f4   0x00000238   Code   RO         1365    i.PositZ            motor_z.o
    0x00011a2c   0x00000260   Code   RO          786    i.RecoverBlock      main.o
    0x00011c8c   0x00000110   Code   RO          792    i.RunPrgFrz         main.o
    0x00011d9c   0x000000dc   Code   RO          780    i.StopPrg           main.o
    0x00011e78   0x00000084   Code   RO          827    i.ZZCheckPointFrz   main.o
    0x00011efc   0x00000074   Code   RO          852    i.ZZeroDat          main.o
    0x00011f70   0x00000028   Code   RO         1738    i.__ARM_fpclassify  m_ws.l(fpclassify.o)
    0x00011f98   0x000000aa   Code   RO         1663    i.__kernel_poly     m_ws.l(poly.o)
    0x00012042   0x00000006   Code   RO         1650    i.__mathlib_dbl_infnan  m_ws.l(dunder.o)
    0x00012048   0x0000000c   Code   RO         1652    i.__mathlib_dbl_invalid  m_ws.l(dunder.o)
    0x00012054   0x0000000e   Code   RO         1456    i._is_digit         c_w.l(__printf_wp.o)
    0x00012062   0x00000002   PAD
    0x00012064   0x0000027c   Code   RO         1557    i.acos              m_ws.l(acos.o)
    0x000122e0   0x000000dc   Code   RO         1567    i.ceil              m_ws.l(ceil.o)
    0x000123bc   0x0000004c   Code   RO         1571    i.sqrt              m_ws.l(sqrt.o)
    0x00012408   0x0000002c   Code   RO         1730    locale$$code        c_w.l(lc_numeric_c.o)
    0x00012434   0x0000002c   Code   RO         1811    locale$$code        c_w.l(lc_ctype_c.o)
    0x00012460   0x00000062   Code   RO         1488    x$fpl$d2f           fz_ws.l(d2f.o)
    0x000124c2   0x00000002   PAD
    0x000124c4   0x00000150   Code   RO         1490    x$fpl$dadd          fz_ws.l(daddsub_clz.o)
    0x00012614   0x00000010   Code   RO         1732    x$fpl$dcheck1       fz_ws.l(dcheck1.o)
    0x00012624   0x00000018   Code   RO         1734    x$fpl$dcmpinf       fz_ws.l(dcmpi.o)
    0x0001263c   0x000002b0   Code   RO         1497    x$fpl$ddiv          fz_ws.l(ddiv.o)
    0x000128ec   0x0000005e   Code   RO         1500    x$fpl$dfix          fz_ws.l(dfix.o)
    0x0001294a   0x00000002   PAD
    0x0001294c   0x0000005a   Code   RO         1504    x$fpl$dfixu         fz_ws.l(dfixu.o)
    0x000129a6   0x0000002e   Code   RO         1513    x$fpl$dflt          fz_ws.l(dflt_clz.o)
    0x000129d4   0x00000026   Code   RO         1512    x$fpl$dfltu         fz_ws.l(dflt_clz.o)
    0x000129fa   0x00000002   PAD
    0x000129fc   0x0000008a   Code   RO         1519    x$fpl$dfltull       fz_ws.l(dfltll_clz.o)
    0x00012a86   0x00000002   PAD
    0x00012a88   0x00000078   Code   RO         1630    x$fpl$dleqf         fz_ws.l(dleqf.o)
    0x00012b00   0x00000154   Code   RO         1522    x$fpl$dmul          fz_ws.l(dmul.o)
    0x00012c54   0x0000009c   Code   RO         1632    x$fpl$dnaninf       fz_ws.l(dnaninf.o)
    0x00012cf0   0x0000000c   Code   RO         1634    x$fpl$dretinf       fz_ws.l(dretinf.o)
    0x00012cfc   0x0000006c   Code   RO         1636    x$fpl$drleqf        fz_ws.l(drleqf.o)
    0x00012d68   0x00000016   Code   RO         1491    x$fpl$drsb          fz_ws.l(daddsub_clz.o)
    0x00012d7e   0x00000002   PAD
    0x00012d80   0x000001cc   Code   RO         1638    x$fpl$dsqrt         fz_ws.l(dsqrt_noumaal.o)
    0x00012f4c   0x000001d4   Code   RO         1492    x$fpl$dsub          fz_ws.l(daddsub_clz.o)
    0x00013120   0x00000056   Code   RO         1524    x$fpl$f2d           fz_ws.l(f2d.o)
    0x00013176   0x00000002   PAD
    0x00013178   0x000000c4   Code   RO         1526    x$fpl$fadd          fz_ws.l(faddsub_clz.o)
    0x0001323c   0x00000018   Code   RO         1640    x$fpl$fcmpinf       fz_ws.l(fcmpi.o)
    0x00013254   0x00000184   Code   RO         1533    x$fpl$fdiv          fz_ws.l(fdiv.o)
    0x000133d8   0x00000068   Code   RO         1536    x$fpl$feqf          fz_ws.l(feqf.o)
    0x00013440   0x00000036   Code   RO         1538    x$fpl$ffix          fz_ws.l(ffix.o)
    0x00013476   0x00000002   PAD
    0x00013478   0x00000030   Code   RO         1543    x$fpl$fflt          fz_ws.l(fflt_clz.o)
    0x000134a8   0x00000026   Code   RO         1542    x$fpl$ffltu         fz_ws.l(fflt_clz.o)
    0x000134ce   0x00000002   PAD
    0x000134d0   0x00000068   Code   RO         1548    x$fpl$fleqf         fz_ws.l(fleqf.o)
    0x00013538   0x00000102   Code   RO         1550    x$fpl$fmul          fz_ws.l(fmul.o)
    0x0001363a   0x0000008c   Code   RO         1642    x$fpl$fnaninf       fz_ws.l(fnaninf.o)
    0x000136c6   0x0000000a   Code   RO         1644    x$fpl$fretinf       fz_ws.l(fretinf.o)
    0x000136d0   0x00000062   Code   RO         1552    x$fpl$frleqf        fz_ws.l(frleqf.o)
    0x00013732   0x00000014   Code   RO         1527    x$fpl$frsb          fz_ws.l(faddsub_clz.o)
    0x00013746   0x00000002   PAD
    0x00013748   0x000000ea   Code   RO         1528    x$fpl$fsub          fz_ws.l(faddsub_clz.o)
    0x00013832   0x00000002   PAD
    0x00013834   0x00000078   Code   RO         1508    x$fpl$llufromd      fz_ws.l(dfixull.o)
    0x000138ac   0x00000004   Code   RO         1554    x$fpl$printf1       fz_ws.l(printf1.o)
    0x000138b0   0x00000064   Code   RO         1804    x$fpl$retnan        fz_ws.l(retnan.o)
    0x00013914   0x0000005c   Code   RO         1646    x$fpl$scalbn        fz_ws.l(scalbn.o)
    0x00013970   0x00000030   Code   RO         1821    x$fpl$trapveneer    fz_ws.l(trapv.o)
    0x000139a0   0x00000000   Code   RO         1648    x$fpl$usenofp       fz_ws.l(usenofp.o)
    0x000139a0   0x00000200   Data   RO          221    .constdata          modbus.o
    0x00013ba0   0x00000010   Data   RO          529    .constdata          flash.o
    0x00013bb0   0x00000028   Data   RO         1444    .constdata          c_w.l(_printf_hex_int_ll_ptr.o)
    0x00013bd8   0x00000011   Data   RO         1464    .constdata          c_w.l(__printf_flags_ss_wp.o)
    0x00013be9   0x00000007   PAD
    0x00013bf0   0x00000050   Data   RO         1558    .constdata          m_ws.l(acos.o)
    0x00013c40   0x00000008   Data   RO         1600    .constdata          c_w.l(_printf_wctomb.o)
    0x00013c48   0x00000094   Data   RO         1703    .constdata          c_w.l(bigflt0.o)
    0x00013cdc   0x000000eb   Data   RO          761    .conststring        main.o
    0x00013dc7   0x00000001   PAD
    0x00013dc8   0x00000058   Data   RO         1069    .conststring        motors.o
    0x00013e20   0x00000066   Data   RO         1239    .conststring        motor_x.o
    0x00013e86   0x00000002   PAD
    0x00013e88   0x00000056   Data   RO         1297    .conststring        motor_y.o
    0x00013ede   0x00000002   PAD
    0x00013ee0   0x00000056   Data   RO         1347    .conststring        motor_z.o
    0x00013f36   0x00000002   PAD
    0x00013f38   0x00000040   Data   RO         1890    Region$$Table       anon$$obj.o
    0x00013f78   0x0000001c   Data   RO         1729    locale$$data        c_w.l(lc_numeric_c.o)
    0x00013f94   0x00000110   Data   RO         1810    locale$$data        c_w.l(lc_ctype_c.o)


    Execution Region RW_IRAM1 (Base: 0x10000000, Size: 0x000053d0, Max: 0x00008000, ABSOLUTE, COMPRESSED[0x0000020c])

    Base Addr    Size         Type   Attr      Idx    E Section Name        Object

    0x10000000   0x00000004   Data   RW           26    .data               system_lpc17xx.o
    0x10000004   0x00000018   Data   RW          222    .data               modbus.o
    0x1000001c   0x0000002c   Data   RW          296    .data               fs.o
    0x10000048   0x00000008   Data   RW          340    .data               msg.o
    0x10000050   0x00000100   Data   RW          507    .data               tools.o
    0x10000150   0x000001b0   Data   RW          556    .data               staticpins.o
    0x10000300   0x00000003   Data   RW          621    .data               queue.o
    0x10000303   0x00000001   PAD
    0x10000304   0x0000005c   Data   RW          988    .data               handlers.o
    0x10000360   0x00000098   Data   RW         1070    .data               motors.o
    0x100003f8   0x00000001   Data   RW         1157    .data               regs.o
    0x100003f9   0x00000003   PAD
    0x100003fc   0x00000004   Data   RW         1158    .data               regs.o
    0x10000400   0x0000006c   Data   RW         1198    .data               vpfrz.o
    0x1000046c   0x00000014   Data   RW         1211    .data               keypad.o
    0x10000480   0x00000004   Data   RW         1213    .data               keypad.o
    0x10000484   0x00000004   Data   RW         1215    .data               keypad.o
    0x10000488   0x00000004   Data   RW         1217    .data               keypad.o
    0x1000048c   0x00000001   Data   RW         1298    .data               motor_y.o
    0x1000048d   0x00000001   Data   RW          873    .data__ZZ11Btn5HandlerE1f  main.o
    0x1000048e   0x00000001   Data   RW          859    .data__ZZ11ZZeroDatFrzE2f2  main.o
    0x1000048f   0x00000001   Data   RW          863    .data__ZZ13CheckPointFrzE2f4  main.o
    0x10000490   0x00000001   Data   RW          865    .data__ZZ15HTCheckPointFrzE2f6  main.o
    0x10000491   0x00000001   Data   RW          861    .data__ZZ15ZZCheckPointFrzE2f6  main.o
    0x10000492   0x00000001   Data   RW          871    .data__ZZ17BtnsMotorXHandlerE2fD  main.o
    0x10000493   0x00000001   Data   RW          867    .data__ZZ17BtnsMotorYHandlerE2fD  main.o
    0x10000494   0x00000001   Data   RW          869    .data__ZZ17BtnsMotorZHandlerE2fD  main.o
    0x10000495   0x00000001   Data   RW          857    .data__ZZ9ByPassFrzE2f1  main.o
    0x10000496   0x00000002   PAD
    0x10000498   0x00002500   Zero   RW          220    .bss                modbus.o
    0x10002998   0x00000a38   Zero   RW          295    .bss                fs.o
    0x100033d0   0x000000f0   Zero   RW          402    .bss                ti.o
    0x100034c0   0x00000830   Zero   RW          477    .bss                uart.o
    0x10003cf0   0x000007e0   Zero   RW          527    .bss                flash.o
    0x100044d0   0x0000011a   Zero   RW          760    .bss                main.o
    0x100045ea   0x00000002   PAD
    0x100045ec   0x00000d1a   Zero   RW          987    .bss                handlers.o
    0x10005306   0x00000002   PAD
    0x10005308   0x00000048   Zero   RW         1068    .bss                motors.o
    0x10005350   0x00000080   Zero   RW         1296    .bss                motor_y.o


    Execution Region RW_IRAM2 (Base: 0x2007c000, Size: 0x000053d0, Max: 0x00008000, ABSOLUTE, COMPRESSED[0x00000710])

    Base Addr    Size         Type   Attr      Idx    E Section Name        Object

    0x2007c000   0x00000001   Data   RW          223    .data               modbus.o
    0x2007c001   0x00000003   PAD
    0x2007c004   0x00000040   Data   RW          436    .data               timers.o
    0x2007c044   0x00000008   Data   RW          478    .data               uart.o
    0x2007c04c   0x00000fb0   Data   RW          530    .data               flash.o
    0x2007cffc   0x00000050   Data   RW          578    .data               virtualpins.o
    0x2007d04c   0x00000014   Data   RW          763    .data               main.o
    0x2007d060   0x00000004   Data   RW          990    .data               handlers.o
    0x2007d064   0x0000000c   Data   RW         1128    .data               freqinvr.o
    0x2007d070   0x000000c4   Data   RW         1156    .data               regs.o
    0x2007d134   0x00000004   Data   RW         1212    .data               keypad.o
    0x2007d138   0x00000004   Data   RW         1214    .data               keypad.o
    0x2007d13c   0x00000004   Data   RW         1216    .data               keypad.o
    0x2007d140   0x00000004   Data   RW         1218    .data               keypad.o
    0x2007d144   0x00000001   Data   RW         1240    .data               motor_x.o
    0x2007d145   0x00000001   Data   RW         1348    .data               motor_z.o
    0x2007d146   0x00000001   Data   RW          862    .data__ZZ13CheckPointFrzE2f3  main.o
    0x2007d147   0x00000001   Data   RW          874    .data__ZZ13CrushWaterFrzE1f  main.o
    0x2007d148   0x00000001   Data   RW          864    .data__ZZ15HTCheckPointFrzE2f5  main.o
    0x2007d149   0x00000001   Data   RW          860    .data__ZZ15ZZCheckPointFrzE2f5  main.o
    0x2007d14a   0x00000001   Data   RW          872    .data__ZZ17BtnsMotorXHandlerE2fB  main.o
    0x2007d14b   0x00000001   Data   RW          868    .data__ZZ17BtnsMotorYHandlerE2fB  main.o
    0x2007d14c   0x00000001   Data   RW          870    .data__ZZ17BtnsMotorZHandlerE2fB  main.o
    0x2007d14d   0x00000001   Data   RW          866    .data__ZZ20BtnAxisSwitchHandlerE1f  main.o
    0x2007d14e   0x00000001   Data   RW          858    .data__ZZ9HTCorrFrzE2f2  main.o
    0x2007d14f   0x00000001   PAD
    0x2007d150   0x00000140   Zero   RW          339    .bss                msg.o
    0x2007d290   0x000002e0   Zero   RW          577    .bss                virtualpins.o
    0x2007d570   0x00000cea   Zero   RW          620    .bss                queue.o
    0x2007e25a   0x00000109   Zero   RW          657    .bss                u0packets.o
    0x2007e363   0x000000ff   Zero   RW          722    .bss                u1packets.o
    0x2007e462   0x00000002   PAD
    0x2007e464   0x00002008   Zero   RW         1155    .bss                regs.o
    0x2008046c   0x00000004   PAD
    0x20080470   0x00000080   Zero   RW         1238    .bss                motor_x.o
    0x200804f0   0x00000080   Zero   RW         1346    .bss                motor_z.o
    0x20080570   0x00000060   Zero   RW         1741    .bss                c_w.l(libspace.o)
    0x200805d0   0x00000800   Zero   RW            2    HEAP                startup_lpc17xx.o
    0x20080dd0   0x00000600   Zero   RW            1    STACK               startup_lpc17xx.o



  Load Region LR$$.ARM.__at_0x02FC (Base: 0x000002fc, Size: 0x00000004, Max: 0x00000004, ABSOLUTE)

    Execution Region ER$$.ARM.__at_0x02FC (Base: 0x000002fc, Size: 0x00000004, Max: 0x00000004, ABSOLUTE, UNINIT)

    Base Addr    Size         Type   Attr      Idx    E Section Name        Object

    0x000002fc   0x00000004   Code   RO            4    .ARM.__at_0x02FC    startup_lpc17xx.o


==============================================================================

Image component sizes


      Code (inc. data)   RO Data    RW Data    ZI Data      Debug   Object Name

       568          0          0          0          0       5619   bfs.o
         0          0          0          0          0       4500   core_cm3.o
      1724        166         16       4016       2016      10290   flash.o
       232         42          0         12          0       2163   freqinvr.o
      5660       1110          0         44       2616      22879   fs.o
      7176        950          0         96       3354      23793   handlers.o
       244          8          0         48          0       1831   keypad.o
       264         16          0          0          0       3361   lpc17xx_clkpwr.o
       168          6          0          0          0       4045   lpc17xx_pinsel.o
       760         18          0          0          0       8283   lpc17xx_timer.o
      1548         30          0          0          0      35425   lpc17xx_uart.o
      4204        710        235         38        282      40977   main.o
       900         62        512         25       9472      28602   modbus.o
      3532        158        102          1        128       5708   motor_x.o
      3388        144         86          1        128       4141   motor_y.o
      3216        146         86          1        128       4029   motor_z.o
      5904        744         88        152         72      18615   motors.o
       208         16          0          8        320       2249   msg.o
        80          8          0          0          0        786   pwm.o
      1536        328          0          3       3306       4334   queue.o
      7024       2608          0        201       8200      13190   regs.o
         8          0          0          0          0        316   sbl_iap.o
        68         30        204          0       3584       1100   startup_lpc17xx.o
         0          0          0        432          0        859   staticpins.o
       376         46          0          4          0       1013   system_lpc17xx.o
        56          6          0          0        240      10055   ti.o
      1588         58          0         64          0      36389   timers.o
        80          6          0        256          0       1593   tools.o
      4808        960          0          0        265      41651   u0packets.o
        72          8          0          0        255       1259   u1packets.o
      1736         60          0          8       2096       8833   uart.o
      1356         44          0         80        736       6871   virtualpins.o
         0          0          0        108          0        195   vpfrz.o

    ----------------------------------------------------------------------
     58484       8488       1400       5608      37208     354954   Object Totals
         0          0         64          0          0          0   (incl. Generated)
         0          0          7         10         10          0   (incl. Padding)

    ----------------------------------------------------------------------

      Code (inc. data)   RO Data    RW Data    ZI Data      Debug   Library Member Name

        44          6          0          0          0         84   __2sprintf.o
       100          0          0          0          0          0   __dclz77c.o
         8          0          0          0          0         68   __main.o
       392          4         17          0          0         92   __printf_flags_ss_wp.o
        14          0          0          0          0         68   __printf_wp.o
         0          0          0          0          0          0   __rtentry.o
        12          0          0          0          0          0   __rtentry2.o
         6          0          0          0          0          0   __rtentry4.o
        52          8          0          0          0          0   __scatter.o
        28          0          0          0          0          0   __scatter_zi.o
         6          0          0          0          0          0   _printf_a.o
         6          0          0          0          0          0   _printf_c.o
        44          0          0          0          0        108   _printf_char.o
        48          6          0          0          0         96   _printf_char_common.o
        40          0          0          0          0         68   _printf_charcount.o
         6          0          0          0          0          0   _printf_d.o
       120         16          0          0          0         92   _printf_dec.o
         6          0          0          0          0          0   _printf_e.o
         6          0          0          0          0          0   _printf_f.o
      1050          0          0          0          0        216   _printf_fp_dec.o
       128         16          0          0          0         84   _printf_fp_infnan.o
         6          0          0          0          0          0   _printf_g.o
       148          4         40          0          0        160   _printf_hex_int_ll_ptr.o
         6          0          0          0          0          0   _printf_i.o
       178          0          0          0          0         88   _printf_intcommon.o
        10          0          0          0          0          0   _printf_l.o
         6          0          0          0          0          0   _printf_lc.o
        10          0          0          0          0          0   _printf_ll.o
         6          0          0          0          0          0   _printf_lld.o
         6          0          0          0          0          0   _printf_lli.o
         6          0          0          0          0          0   _printf_llo.o
         6          0          0          0          0          0   _printf_llu.o
         6          0          0          0          0          0   _printf_llx.o
       124         16          0          0          0         92   _printf_longlong_dec.o
         6          0          0          0          0          0   _printf_ls.o
         6          0          0          0          0          0   _printf_n.o
         6          0          0          0          0          0   _printf_o.o
       112          8          0          0          0        124   _printf_oct_int_ll.o
         6          0          0          0          0          0   _printf_p.o
        78          0          0          0          0        108   _printf_pad.o
         0          0          0          0          0          0   _printf_percent.o
         4          0          0          0          0          0   _printf_percent_end.o
         6          0          0          0          0          0   _printf_s.o
        82          0          0          0          0         80   _printf_str.o
        36          0          0          0          0         84   _printf_truncate.o
         6          0          0          0          0          0   _printf_u.o
        44          0          0          0          0        108   _printf_wchar.o
       188          6          8          0          0         92   _printf_wctomb.o
         6          0          0          0          0          0   _printf_x.o
        22          0          0          0          0        100   _rserrno.o
        10          0          0          0          0         68   _sputc.o
        64          0          0          0          0         92   _wcrtomb.o
       220          4        148          0          0         96   bigflt0.o
      1910        128          0          0          0        672   btod.o
        36          4          0          0          0         76   c89vsprintf.o
        18          0          0          0          0         80   exit.o
         6          0          0          0          0        152   heapauxi.o
         0          0          0          0          0          0   indicate_semi.o
        44         10        272          0          0         76   lc_ctype_c.o
        44         10         28          0          0         76   lc_numeric_c.o
         2          0          0          0          0          0   libinit.o
        30          0          0          0          0          0   libinit2.o
         2          0          0          0          0          0   libshutdown.o
         2          0          0          0          0          0   libshutdown2.o
         8          4          0          0         96         68   libspace.o
       138          0          0          0          0         80   lludiv10.o
       238          0          0          0          0        100   lludivv7m.o
        16          4          0          0          0         76   rt_ctype_table.o
         8          4          0          0          0         68   rt_errno_addr_intlibspace.o
         8          4          0          0          0         68   rt_locale_intlibspace.o
        68          0          0          0          0         68   rt_memclr.o
        78          0          0          0          0         80   rt_memclr_w.o
       138          0          0          0          0         68   rt_memcpy_v6.o
       100          0          0          0          0         80   rt_memcpy_w.o
         2          0          0          0          0          0   rtexit.o
        10          0          0          0          0          0   rtexit2.o
       128          0          0          0          0         68   strcmpv7m.o
        72          0          0          0          0         80   strcpy.o
        62          0          0          0          0         76   strlen.o
        12          4          0          0          0         68   sys_exit.o
        74          0          0          0          0         80   sys_stackheap_outer.o
         2          0          0          0          0         68   use_no_semi.o
        98          4          0          0          0         92   d2f.o
       826         16          0          0          0        348   daddsub_clz.o
        16          4          0          0          0         68   dcheck1.o
        24          0          0          0          0         68   dcmpi.o
       688        140          0          0          0        208   ddiv.o
        94          4          0          0          0         92   dfix.o
        90          4          0          0          0         92   dfixu.o
       120          4          0          0          0        104   dfixull.o
        84          0          0          0          0        136   dflt_clz.o
       138          0          0          0          0         84   dfltll_clz.o
       120          4          0          0          0         92   dleqf.o
       340         12          0          0          0        104   dmul.o
       156          4          0          0          0         92   dnaninf.o
        12          0          0          0          0         68   dretinf.o
       108          0          0          0          0         80   drleqf.o
       460         56          0          0          0        120   dsqrt_noumaal.o
        86          4          0          0          0         84   f2d.o
       450          8          0          0          0        236   faddsub_clz.o
        24          0          0          0          0         68   fcmpi.o
       388         76          0          0          0         96   fdiv.o
       104          4          0          0          0         84   feqf.o
        54          4          0          0          0         84   ffix.o
        86          0          0          0          0        136   fflt_clz.o
       104          4          0          0          0         84   fleqf.o
       258          4          0          0          0         84   fmul.o
       140          4          0          0          0         84   fnaninf.o
        10          0          0          0          0         68   fretinf.o
        98          0          0          0          0         68   frleqf.o
         4          0          0          0          0         68   printf1.o
       100          0          0          0          0         68   retnan.o
        92          0          0          0          0         68   scalbn.o
        48          0          0          0          0         68   trapv.o
         0          0          0          0          0          0   usenofp.o
       636         62         80          0          0        188   acos.o
       220         16          0          0          0         84   ceil.o
        18          0          0          0          0        136   dunder.o
        40          0          0          0          0         68   fpclassify.o
       170          0          0          0          0         96   poly.o
        76          0          0          0          0         84   sqrt.o

    ----------------------------------------------------------------------
     13412        704        600          0         96       8548   Library Totals
        40          0          7          0          0          0   (incl. Padding)

    ----------------------------------------------------------------------

      Code (inc. data)   RO Data    RW Data    ZI Data      Debug   Library Name

      6792        266        513          0         96       4596   c_w.l
      5420        360          0          0          0       3296   fz_ws.l
      1160         78         80          0          0        656   m_ws.l

    ----------------------------------------------------------------------
     13412        704        600          0         96       8548   Library Totals

    ----------------------------------------------------------------------

==============================================================================


      Code (inc. data)   RO Data    RW Data    ZI Data      Debug   

     71896       9192       2000       5608      37304     353670   Grand Totals
     71896       9192       2000       2332      37304     353670   ELF Image Totals (compressed)
     71896       9192       2000       2332          0          0   ROM Totals

==============================================================================

    Total RO  Size (Code + RO Data)                73896 (  72.16kB)
    Total RW  Size (RW Data + ZI Data)             42912 (  41.91kB)
    Total ROM Size (Code + RO Data + RW Data)      76228 (  74.44kB)

==============================================================================

