<html>
<body>
<pre>
<h1>µVision Build Log</h1>
<h2>Tool Versions:</h2>
IDE-Version: µVision V5.17.0.0
Copyright (C) 2015 ARM Ltd and ARM Germany GmbH. All rights reserved.
License Information: aaa aaa, aaa, LIC=NHY45-GYE5P-NR5XL-0I609-TM53B-XT9ES
 
Tool Versions:
Toolchain:       MDK-ARM Professional  Version: 5.17
Toolchain Path:  C:\Keil_v5\ARM\ARMCC\Bin
C Compiler:      Armcc.exe V5.06 update 1 (build 61)
Assembler:       Armasm.exe V5.06 update 1 (build 61)
Linker/Locator:  ArmLink.exe V5.06 update 1 (build 61)
Library Manager: ArmAr.exe V5.06 update 1 (build 61)
Hex Converter:   FromElf.exe V5.06 update 1 (build 61)
CPU DLL:         SARMCM3.DLL V5.17
Dialog DLL:      DARMP1.DLL V1.25.0.0
Target DLL:      UL2CM3.DLL V1.156.1.0
Dialog DLL:      TARMP1.DLL V1.24.0.0
 
<h2>Project:</h2>
D:\bmahome\Documents\SEProjects\Polish\Polish.keil\01010101\saw.uvproj
Project File Date:  04/04/2021

<h2>Output:</h2>
*** Using Compiler 'V5.06 update 1 (build 61)', folder: 'C:\Keil_v5\ARM\ARMCC\Bin'
Rebuild target 'saw'
assembling startup_LPC17xx.s...
compiling core_cm3.c...
compiling system_LPC17xx.c...
compiling lpc17xx_pinsel.c...
compiling lpc17xx_clkpwr.c...
compiling lpc17xx_uart.c...
compiling lpc17xx_timer.c...
compiling sbl_iap.c...
compiling Modbus.c...
compiling msg.c...
compiling ti.c...
compiling bFS.c...
compiling FS.c...
compiling Tools.c...
compiling Timers.c...
compiling UART.c...
compiling Flash.c...
compiling StaticPins.c...
compiling VirtualPins.c...
compiling queue.c...
compiling u1packets.c...
compiling u0packets.c...
compiling Main.c...
compiling Handlers.c...
compiling FreqInvr.c...
compiling Motors.c...
compiling VPFrz.c...
compiling KeyPad.c...
compiling regs.c...
compiling Motor_X.c...
compiling Motor_Y.c...
compiling pwm.c...
compiling Motor_Z.c...
linking...
Program Size: Code=73588 RO-data=2140 RW-data=5684 ZI-data=36852  
FromELF: creating hex file...
".\Flash\polish.axf" - 0 Error(s), 0 Warning(s).
Build Time Elapsed:  00:00:08
</pre>
</body>
</html>
