Component: ARM Compiler 5.06 update 1 (build 61) Tool: armlink [4d35a8]

==============================================================================

Section Cross References

    startup_lpc17xx.o(STACK) refers (Special) to heapauxi.o(.text) for __use_two_region_memory
    startup_lpc17xx.o(HEAP) refers (Special) to heapauxi.o(.text) for __use_two_region_memory
    startup_lpc17xx.o(RESET) refers (Special) to heapauxi.o(.text) for __use_two_region_memory
    startup_lpc17xx.o(RESET) refers to startup_lpc17xx.o(STACK) for __initial_sp
    startup_lpc17xx.o(RESET) refers to startup_lpc17xx.o(.text) for Reset_Handler
    startup_lpc17xx.o(RESET) refers to main.o(.text) for NMI_Handler
    startup_lpc17xx.o(RESET) refers to timers.o(.text) for TIMER0_IRQHandler
    startup_lpc17xx.o(RESET) refers to uart.o(.text) for UART0_IRQHandler
    startup_lpc17xx.o(.ARM.__at_0x02FC) refers (Special) to heapauxi.o(.text) for __use_two_region_memory
    startup_lpc17xx.o(.text) refers (Special) to heapauxi.o(.text) for __use_two_region_memory
    startup_lpc17xx.o(.text) refers to system_lpc17xx.o(.text) for SystemInit
    startup_lpc17xx.o(.text) refers to __main.o(!!!main) for __main
    startup_lpc17xx.o(.text) refers to startup_lpc17xx.o(HEAP) for Heap_Mem
    startup_lpc17xx.o(.text) refers to startup_lpc17xx.o(STACK) for Stack_Mem
    system_lpc17xx.o(.text) refers to system_lpc17xx.o(.data) for .data
    lpc17xx_clkpwr.o(.text) refers to system_lpc17xx.o(.data) for SystemCoreClock
    lpc17xx_uart.o(.text) refers to lpc17xx_clkpwr.o(.text) for CLKPWR_GetPCLK
    lpc17xx_uart.o(.text) refers to lludivv7m.o(.text) for __aeabi_uldivmod
    lpc17xx_timer.o(.text) refers to lpc17xx_clkpwr.o(.text) for CLKPWR_ConfigPPWR
    lpc17xx_timer.o(.text) refers to lludivv7m.o(.text) for __aeabi_uldivmod
    sbl_iap.o(.text) refers to sbl_iap.o(.emb_text) for boot_jump
    sbl_iap.o(.text) refers to sbl_iap.o(.bss) for .bss
    sbl_iap.o(.text) refers to system_lpc17xx.o(.data) for SystemCoreClock
    sbl_iap.o(.text) refers to sbl_iap.o(.constdata) for .constdata
    sbl_iap.o(.text) refers to sbl_iap.o(.data) for .data
    modbus.o(.text) refers to dflt_clz.o(x$fpl$dfltu) for __aeabi_ui2d
    modbus.o(.text) refers to ddiv.o(x$fpl$ddiv) for __aeabi_ddiv
    modbus.o(.text) refers to dfixu.o(x$fpl$dfixu) for __aeabi_d2uiz
    modbus.o(.text) refers to rt_memcpy_v6.o(.text) for __aeabi_memcpy
    modbus.o(.text) refers to rt_memclr.o(.text) for __aeabi_memclr
    modbus.o(.text) refers to msg.o(.text) for Msg
    modbus.o(.text) refers to queue.o(.text) for quAddPack
    modbus.o(.text) refers to uart.o(.text) for UART1_SendBuffer
    modbus.o(.text) refers to modbus.o(.data) for .data
    modbus.o(.text) refers to modbus.o(.constdata) for .constdata
    modbus.o(.text) refers to ti.o(.bss) for time
    modbus.o(.text) refers to modbus.o(.bss) for .bss
    modbus.o(.text) refers to regs.o(.data) for pErrCSU1
    fs.o(.text) refers to flash.o(.text) for FLASH_GetBankID
    fs.o(.text) refers to strlen.o(.text) for strlen
    fs.o(.text) refers to tools.o(.text) for CRC8
    fs.o(.text) refers to strcmpv7m.o(.text) for strcmp
    fs.o(.text) refers to fs.o(.data) for .data
    fs.o(.text) refers to fs.o(.bss) for .bss
    fs.o(.text) refers to strcpy.o(.text) for strcpy
    fs.o(.text) refers to rt_memcpy_v6.o(.text) for __aeabi_memcpy
    fs.o(.text) refers to msg.o(.text) for Msg
    msg.o(.text) refers to _printf_pad.o(.text) for _printf_pre_padding
    msg.o(.text) refers to _printf_percent.o(.ARM.Collect$$_printf_percent$$00000000) for _printf_percent
    msg.o(.text) refers to _printf_x.o(.ARM.Collect$$_printf_percent$$0000000C) for _printf_x
    msg.o(.text) refers to _printf_hex_int_ll_ptr.o(.text) for _printf_longlong_hex
    msg.o(.text) refers to rt_memclr.o(.text) for __aeabi_memclr
    msg.o(.text) refers to c89vsprintf.o(.text) for __c89vsprintf
    msg.o(.text) refers to strlen.o(.text) for strlen
    msg.o(.text) refers to rt_memcpy_v6.o(.text) for __aeabi_memcpy
    msg.o(.text) refers to __2sprintf.o(.text) for __2sprintf
    msg.o(.text) refers to modbus.o(.text) for mbByteToPack
    msg.o(.text) refers to msg.o(.bss) for .bss
    msg.o(.text) refers to msg.o(.data) for .data
    bfs.o(.text) refers to fs.o(.text) for FS_ReadByte
    ti.o(.text) refers to ti.o(.bss) for .bss
    timers.o(.text) refers to lpc17xx_timer.o(.text) for TIM_Init
    timers.o(.text) refers to ti.o(.text) for TI_Handler
    timers.o(.text) refers to timers.o(.data) for .data
    uart.o(.text) refers to lpc17xx_uart.o(.text) for UART0_Send
    uart.o(.text) refers to lpc17xx_pinsel.o(.text) for PINSEL_ConfigPin
    uart.o(.text) refers to uart.o(.bss) for .bss
    uart.o(.text) refers to uart.o(.data) for .data
    uart.o(.text) refers to ti.o(.bss) for ti
    tools.o(.text) refers to fmul.o(x$fpl$fmul) for __aeabi_fmul
    tools.o(.text) refers to ffix.o(x$fpl$ffix) for __aeabi_f2iz
[...]
    CloseFilesHandles                        0x0000be1f   Thumb Code    50  regs.o(.text)
    SaveRegs                                 0x0000be51   Thumb Code    90  regs.o(.text)
    SaveRegsNoMes                            0x0000beab   Thumb Code    52  regs.o(.text)
    XPositOnHandle                           0x0000bedf   Thumb Code    22  regs.o(.text)
    YPositOnHandle                           0x0000bef5   Thumb Code    22  regs.o(.text)
    ZPositOnHandle                           0x0000bf0b   Thumb Code    22  regs.o(.text)
    pByPassHandle                            0x0000bf21   Thumb Code    14  regs.o(.text)
    pHorizDatHandle                          0x0000bf2f   Thumb Code    20  regs.o(.text)
    PrgRunHandleFrz                          0x0000bf43   Thumb Code    30  regs.o(.text)
    mvcVHandleFrz                            0x0000bf61   Thumb Code    12  regs.o(.text)
    AllocFrzRegisters                        0x0000bf6d   Thumb Code  4432  regs.o(.text)
    InitFrzRegisters                         0x0000d0bd   Thumb Code  1144  regs.o(.text)
    InitFrzRegsAfterLoad                     0x0000d535   Thumb Code   252  regs.o(.text)
    LoadFrzBackupRegs                        0x0000d631   Thumb Code   226  regs.o(.text)
    KPInit                                   0x0000d7d5   Thumb Code    90  keypad.o(.text)
    KPQuery                                  0x0000d82f   Thumb Code    18  keypad.o(.text)
    KPAnswer                                 0x0000d841   Thumb Code   138  keypad.o(.text)
    MotorX_Handler                           0x0000d8d5   Thumb Code   182  motor_x.o(.text)
    MotorY_Handler                           0x0000d9a9   Thumb Code   200  motor_y.o(.text)
    MotorZ_Handler                           0x0000da8d   Thumb Code   182  motor_z.o(.text)
    PWM_Init                                 0x0000db61   Thumb Code    34  pwm.o(.text)
    PWM_Start                                0x0000db83   Thumb Code    14  pwm.o(.text)
    PWM_Stop                                 0x0000db91   Thumb Code    10  pwm.o(.text)
    PWM_Set                                  0x0000db9b   Thumb Code    14  pwm.o(.text)
    __aeabi_uldivmod                         0x0000dbb1   Thumb Code     0  lludivv7m.o(.text)
    _ll_udiv                                 0x0000dbb1   Thumb Code   238  lludivv7m.o(.text)
    __c89vsprintf                            0x0000dca1   Thumb Code    32  c89vsprintf.o(.text)
    __2sprintf                               0x0000dcc5   Thumb Code    38  __2sprintf.o(.text)
    _printf_pre_padding                      0x0000dcf1   Thumb Code    44  _printf_pad.o(.text)
    _printf_post_padding                     0x0000dd1d   Thumb Code    34  _printf_pad.o(.text)
    _printf_int_dec                          0x0000dd41   Thumb Code   104  _printf_dec.o(.text)
    _printf_longlong_hex                     0x0000ddb9   Thumb Code    86  _printf_hex_int_ll_ptr.o(.text)
    _printf_int_hex                          0x0000de0f   Thumb Code    28  _printf_hex_int_ll_ptr.o(.text)
    _printf_ll_hex                           0x0000de2b   Thumb Code    12  _printf_hex_int_ll_ptr.o(.text)
    _printf_hex_ptr                          0x0000de37   Thumb Code    18  _printf_hex_int_ll_ptr.o(.text)
    __printf                                 0x0000de4d   Thumb Code   388  __printf_flags_ss_wp.o(.text)
    strcpy                                   0x0000dfd5   Thumb Code    72  strcpy.o(.text)
    strlen                                   0x0000e01d   Thumb Code    62  strlen.o(.text)
    __aeabi_memcpy                           0x0000e05b   Thumb Code     0  rt_memcpy_v6.o(.text)
    __rt_memcpy                              0x0000e05b   Thumb Code   138  rt_memcpy_v6.o(.text)
    _memcpy_lastbytes                        0x0000e0c1   Thumb Code     0  rt_memcpy_v6.o(.text)
    __aeabi_memcpy4                          0x0000e0e5   Thumb Code     0  rt_memcpy_w.o(.text)
    __aeabi_memcpy8                          0x0000e0e5   Thumb Code     0  rt_memcpy_w.o(.text)
    __rt_memcpy_w                            0x0000e0e5   Thumb Code   100  rt_memcpy_w.o(.text)
    _memcpy_lastbytes_aligned                0x0000e12d   Thumb Code     0  rt_memcpy_w.o(.text)
    __aeabi_memclr                           0x0000e149   Thumb Code     0  rt_memclr.o(.text)
    __rt_memclr                              0x0000e149   Thumb Code    68  rt_memclr.o(.text)
    _memset                                  0x0000e14d   Thumb Code     0  rt_memclr.o(.text)
    __aeabi_memclr4                          0x0000e18d   Thumb Code     0  rt_memclr_w.o(.text)
    __aeabi_memclr8                          0x0000e18d   Thumb Code     0  rt_memclr_w.o(.text)
    __rt_memclr_w                            0x0000e18d   Thumb Code    78  rt_memclr_w.o(.text)
    _memset_w                                0x0000e191   Thumb Code     0  rt_memclr_w.o(.text)
    strcmp                                   0x0000e1dd   Thumb Code   128  strcmpv7m.o(.text)
    __use_two_region_memory                  0x0000e25d   Thumb Code     2  heapauxi.o(.text)
    __rt_heap_escrow$2region                 0x0000e25f   Thumb Code     2  heapauxi.o(.text)
    __rt_heap_expand$2region                 0x0000e261   Thumb Code     2  heapauxi.o(.text)
    __read_errno                             0x0000e263   Thumb Code    10  _rserrno.o(.text)
    __set_errno                              0x0000e26d   Thumb Code    12  _rserrno.o(.text)
    _printf_truncate_signed                  0x0000e279   Thumb Code    18  _printf_truncate.o(.text)
    _printf_truncate_unsigned                0x0000e28b   Thumb Code    18  _printf_truncate.o(.text)
    _printf_str                              0x0000e29d   Thumb Code    82  _printf_str.o(.text)
    _printf_int_common                       0x0000e2ef   Thumb Code   178  _printf_intcommon.o(.text)
    _printf_charcount                        0x0000e3a1   Thumb Code    40  _printf_charcount.o(.text)
    __lib_sel_fp_printf                      0x0000e3c9   Thumb Code     2  _printf_fp_dec.o(.text)
    _printf_fp_dec_real                      0x0000e577   Thumb Code   620  _printf_fp_dec.o(.text)
    _printf_char_common                      0x0000e7ef   Thumb Code    32  _printf_char_common.o(.text)
    _sputc                                   0x0000e815   Thumb Code    10  _sputc.o(.text)
    _printf_wctomb                           0x0000e821   Thumb Code   182  _printf_wctomb.o(.text)
    _printf_longlong_dec                     0x0000e8dd   Thumb Code   108  _printf_longlong_dec.o(.text)
    _printf_longlong_oct                     0x0000e959   Thumb Code    68  _printf_oct_int_ll.o(.text)
    _printf_int_oct                          0x0000e99d   Thumb Code    24  _printf_oct_int_ll.o(.text)
    _printf_ll_oct                           0x0000e9b5   Thumb Code    12  _printf_oct_int_ll.o(.text)
    __rt_locale                              0x0000e9c9   Thumb Code     8  rt_locale_intlibspace.o(.text)
    __aeabi_errno_addr                       0x0000e9d1   Thumb Code     8  rt_errno_addr_intlibspace.o(.text)
    __errno$intlibspace                      0x0000e9d1   Thumb Code     0  rt_errno_addr_intlibspace.o(.text)
    __rt_errno_addr$intlibspace              0x0000e9d1   Thumb Code     0  rt_errno_addr_intlibspace.o(.text)
    _ll_udiv10                               0x0000e9d9   Thumb Code   138  lludiv10.o(.text)
    _printf_fp_infnan                        0x0000ea65   Thumb Code   112  _printf_fp_infnan.o(.text)
    _printf_cs_common                        0x0000eae5   Thumb Code    20  _printf_char.o(.text)
    _printf_char                             0x0000eaf9   Thumb Code    16  _printf_char.o(.text)
    _printf_string                           0x0000eb09   Thumb Code     8  _printf_char.o(.text)
    _printf_lcs_common                       0x0000eb11   Thumb Code    20  _printf_wchar.o(.text)
    _printf_wchar                            0x0000eb25   Thumb Code    16  _printf_wchar.o(.text)
    _printf_wstring                          0x0000eb35   Thumb Code     8  _printf_wchar.o(.text)
    _btod_etento                             0x0000eb3d   Thumb Code   216  bigflt0.o(.text)
    _wcrtomb                                 0x0000ec19   Thumb Code    64  _wcrtomb.o(.text)
    __user_libspace                          0x0000ec59   Thumb Code     8  libspace.o(.text)
    __user_perproc_libspace                  0x0000ec59   Thumb Code     0  libspace.o(.text)
    __user_perthread_libspace                0x0000ec59   Thumb Code     0  libspace.o(.text)
    __user_setup_stackheap                   0x0000ec61   Thumb Code    74  sys_stackheap_outer.o(.text)
    __rt_ctype_table                         0x0000ecad   Thumb Code    16  rt_ctype_table.o(.text)
    exit                                     0x0000ecbd   Thumb Code    18  exit.o(.text)
    _sys_exit                                0x0000ecd1   Thumb Code     8  sys_exit.o(.text)
    __I$use$semihosting                      0x0000ecdd   Thumb Code     0  use_no_semi.o(.text)
    __use_no_semihosting_swi                 0x0000ecdd   Thumb Code     2  use_no_semi.o(.text)
    __semihosting_library_function           0x0000ecdf   Thumb Code     0  indicate_semi.o(.text)
    _btod_d2e                                0x0000ecdf   Thumb Code    62  btod.o(CL$$btod_d2e)
    _d2e_denorm_low                          0x0000ed1d   Thumb Code    70  btod.o(CL$$btod_d2e_denorm_low)
    _d2e_norm_op1                            0x0000ed63   Thumb Code    96  btod.o(CL$$btod_d2e_norm_op1)
    __btod_div_common                        0x0000edc3   Thumb Code   696  btod.o(CL$$btod_div_common)
    _e2e                                     0x0000f0fb   Thumb Code   198  btod.o(CL$$btod_e2e)
    _btod_ediv                               0x0000f1c1   Thumb Code    40  btod.o(CL$$btod_ediv)
    _btod_emul                               0x0000f1e9   Thumb Code    40  btod.o(CL$$btod_emul)
    __btod_mult_common                       0x0000f211   Thumb Code   580  btod.o(CL$$btod_mult_common)
    BtnsMotorXHandler                        0x0000f455   Thumb Code   226  main.o(i.BtnsMotorXHandler)
    BtnsMotorYHandler                        0x0000f551   Thumb Code   226  main.o(i.BtnsMotorYHandler)
    BtnsMotorZHandler                        0x0000f64d   Thumb Code   226  main.o(i.BtnsMotorZHandler)
    ButtonsToRegs                            0x0000f749   Thumb Code   136  main.o(i.ButtonsToRegs)
    CheckPointFrz                            0x0000f7f1   Thumb Code   106  main.o(i.CheckPointFrz)
    FormQueue                                0x0000f875   Thumb Code    84  main.o(i.FormQueue)
    HTCheckPointFrz                          0x0000f8dd   Thumb Code   110  main.o(i.HTCheckPointFrz)
    HorizontalCheckPointFrz                  0x0000f965   Thumb Code   226  main.o(i.HorizontalCheckPointFrz)
    HorizontalDat                            0x0000fa7d   Thumb Code   264  main.o(i.HorizontalDat)
    InitFrzTimers                            0x0000fbc9   Thumb Code   142  main.o(i.InitFrzTimers)
    MoveBtnX                                 0x0000fc81   Thumb Code  1194  motor_x.o(i.MoveBtnX)
    MoveBtnY                                 0x0001012d   Thumb Code  1208  motor_y.o(i.MoveBtnY)
    MoveBtnZ                                 0x000105e5   Thumb Code  1368  motor_z.o(i.MoveBtnZ)
    MoveByRegs                               0x00010b41   Thumb Code   332  main.o(i.MoveByRegs)
    MovePosX                                 0x00010ca9   Thumb Code  1084  motor_x.o(i.MovePosX)
    MovePosY                                 0x000110e5   Thumb Code  1094  motor_y.o(i.MovePosY)
    MovePosZ                                 0x0001152d   Thumb Code   876  motor_z.o(i.MovePosZ)
    PositX                                   0x000118c1   Thumb Code   588  motor_x.o(i.PositX)
    PositY                                   0x00011b41   Thumb Code   592  motor_y.o(i.PositY)
    PositZ                                   0x00011dc1   Thumb Code   532  motor_z.o(i.PositZ)
    RecoverBlock                             0x00012001   Thumb Code   530  main.o(i.RecoverBlock)
    RunHorizontalDatFrz                      0x00012265   Thumb Code   158  main.o(i.RunHorizontalDatFrz)
    RunPrgFrz                                0x00012325   Thumb Code   224  main.o(i.RunPrgFrz)
    StopPrg                                  0x00012435   Thumb Code   186  main.o(i.StopPrg)
    ZZCheckPointFrz                          0x00012511   Thumb Code   110  main.o(i.ZZCheckPointFrz)
    ZZeroDat                                 0x00012599   Thumb Code    86  main.o(i.ZZeroDat)
    __ARM_fpclassify                         0x0001260d   Thumb Code    40  fpclassify.o(i.__ARM_fpclassify)
    __kernel_poly                            0x00012635   Thumb Code   170  poly.o(i.__kernel_poly)
    __mathlib_dbl_infnan                     0x000126df   Thumb Code     6  dunder.o(i.__mathlib_dbl_infnan)
    __mathlib_dbl_invalid                    0x000126e5   Thumb Code    12  dunder.o(i.__mathlib_dbl_invalid)
    _is_digit                                0x000126f1   Thumb Code    14  __printf_wp.o(i._is_digit)
    acos                                     0x00012701   Thumb Code   574  acos.o(i.acos)
    ceil                                     0x0001297d   Thumb Code   204  ceil.o(i.ceil)
    sqrt                                     0x00012a59   Thumb Code    76  sqrt.o(i.sqrt)
    _get_lc_numeric                          0x00012aa5   Thumb Code    44  lc_numeric_c.o(locale$$code)
    _get_lc_ctype                            0x00012ad1   Thumb Code    44  lc_ctype_c.o(locale$$code)
    __aeabi_d2f                              0x00012afd   Thumb Code     0  d2f.o(x$fpl$d2f)
    _d2f                                     0x00012afd   Thumb Code    98  d2f.o(x$fpl$d2f)
    __aeabi_dadd                             0x00012b61   Thumb Code     0  daddsub_clz.o(x$fpl$dadd)
    _dadd                                    0x00012b61   Thumb Code   332  daddsub_clz.o(x$fpl$dadd)
    __fpl_dcheck_NaN1                        0x00012cb1   Thumb Code    10  dcheck1.o(x$fpl$dcheck1)
    __fpl_dcmp_Inf                           0x00012cc1   Thumb Code    24  dcmpi.o(x$fpl$dcmpinf)
    __aeabi_ddiv                             0x00012cd9   Thumb Code     0  ddiv.o(x$fpl$ddiv)
    _ddiv                                    0x00012cd9   Thumb Code   552  ddiv.o(x$fpl$ddiv)
    __aeabi_d2iz                             0x00012f89   Thumb Code     0  dfix.o(x$fpl$dfix)
    _dfix                                    0x00012f89   Thumb Code    94  dfix.o(x$fpl$dfix)
    __aeabi_d2uiz                            0x00012fe9   Thumb Code     0  dfixu.o(x$fpl$dfixu)
    _dfixu                                   0x00012fe9   Thumb Code    90  dfixu.o(x$fpl$dfixu)
    __aeabi_i2d                              0x00013043   Thumb Code     0  dflt_clz.o(x$fpl$dflt)
    _dflt                                    0x00013043   Thumb Code    46  dflt_clz.o(x$fpl$dflt)
    __aeabi_ui2d                             0x00013071   Thumb Code     0  dflt_clz.o(x$fpl$dfltu)
    _dfltu                                   0x00013071   Thumb Code    38  dflt_clz.o(x$fpl$dfltu)
    __aeabi_ul2d                             0x00013099   Thumb Code     0  dfltll_clz.o(x$fpl$dfltull)
    _ll_uto_d                                0x00013099   Thumb Code   138  dfltll_clz.o(x$fpl$dfltull)
    __aeabi_cdcmple                          0x00013125   Thumb Code     0  dleqf.o(x$fpl$dleqf)
    _dcmple                                  0x00013125   Thumb Code   120  dleqf.o(x$fpl$dleqf)
    __fpl_dcmple_InfNaN                      0x00013187   Thumb Code     0  dleqf.o(x$fpl$dleqf)
    __aeabi_dmul                             0x0001319d   Thumb Code     0  dmul.o(x$fpl$dmul)
    _dmul                                    0x0001319d   Thumb Code   332  dmul.o(x$fpl$dmul)
    __fpl_dnaninf                            0x000132f1   Thumb Code   156  dnaninf.o(x$fpl$dnaninf)
    __fpl_dretinf                            0x0001338d   Thumb Code    12  dretinf.o(x$fpl$dretinf)
    __aeabi_cdrcmple                         0x00013399   Thumb Code     0  drleqf.o(x$fpl$drleqf)
    _drcmple                                 0x00013399   Thumb Code   108  drleqf.o(x$fpl$drleqf)
    __aeabi_drsub                            0x00013405   Thumb Code     0  daddsub_clz.o(x$fpl$drsb)
    _drsb                                    0x00013405   Thumb Code    22  daddsub_clz.o(x$fpl$drsb)
    _dsqrt                                   0x0001341d   Thumb Code   456  dsqrt_noumaal.o(x$fpl$dsqrt)
    __aeabi_dsub                             0x000135e9   Thumb Code     0  daddsub_clz.o(x$fpl$dsub)
    _dsub                                    0x000135e9   Thumb Code   464  daddsub_clz.o(x$fpl$dsub)
    __aeabi_f2d                              0x000137bd   Thumb Code     0  f2d.o(x$fpl$f2d)
    _f2d                                     0x000137bd   Thumb Code    86  f2d.o(x$fpl$f2d)
    __aeabi_fadd                             0x00013815   Thumb Code     0  faddsub_clz.o(x$fpl$fadd)
    _fadd                                    0x00013815   Thumb Code   196  faddsub_clz.o(x$fpl$fadd)
    __fpl_fcmp_Inf                           0x000138d9   Thumb Code    24  fcmpi.o(x$fpl$fcmpinf)
    __aeabi_fdiv                             0x000138f1   Thumb Code     0  fdiv.o(x$fpl$fdiv)
    _fdiv                                    0x000138f1   Thumb Code   384  fdiv.o(x$fpl$fdiv)
    __aeabi_cfcmpeq                          0x00013a75   Thumb Code     0  feqf.o(x$fpl$feqf)
    _fcmpeq                                  0x00013a75   Thumb Code   104  feqf.o(x$fpl$feqf)
    __aeabi_f2iz                             0x00013add   Thumb Code     0  ffix.o(x$fpl$ffix)
    _ffix                                    0x00013add   Thumb Code    54  ffix.o(x$fpl$ffix)
    __aeabi_i2f                              0x00013b15   Thumb Code     0  fflt_clz.o(x$fpl$fflt)
    _fflt                                    0x00013b15   Thumb Code    48  fflt_clz.o(x$fpl$fflt)
    __aeabi_ui2f                             0x00013b45   Thumb Code     0  fflt_clz.o(x$fpl$ffltu)
    _ffltu                                   0x00013b45   Thumb Code    38  fflt_clz.o(x$fpl$ffltu)
    __aeabi_cfcmple                          0x00013b6d   Thumb Code     0  fleqf.o(x$fpl$fleqf)
    _fcmple                                  0x00013b6d   Thumb Code   104  fleqf.o(x$fpl$fleqf)
    __fpl_fcmple_InfNaN                      0x00013bbf   Thumb Code     0  fleqf.o(x$fpl$fleqf)
    __aeabi_fmul                             0x00013bd5   Thumb Code     0  fmul.o(x$fpl$fmul)
    _fmul                                    0x00013bd5   Thumb Code   258  fmul.o(x$fpl$fmul)
    __fpl_fnaninf                            0x00013cd7   Thumb Code   140  fnaninf.o(x$fpl$fnaninf)
    __fpl_fretinf                            0x00013d63   Thumb Code    10  fretinf.o(x$fpl$fretinf)
    __aeabi_cfrcmple                         0x00013d6d   Thumb Code     0  frleqf.o(x$fpl$frleqf)
    _frcmple                                 0x00013d6d   Thumb Code    98  frleqf.o(x$fpl$frleqf)
    __aeabi_frsub                            0x00013dcf   Thumb Code     0  faddsub_clz.o(x$fpl$frsb)
    _frsb                                    0x00013dcf   Thumb Code    20  faddsub_clz.o(x$fpl$frsb)
    __aeabi_fsub                             0x00013de5   Thumb Code     0  faddsub_clz.o(x$fpl$fsub)
    _fsub                                    0x00013de5   Thumb Code   234  faddsub_clz.o(x$fpl$fsub)
    __aeabi_d2ulz                            0x00013ed1   Thumb Code     0  dfixull.o(x$fpl$llufromd)
    _ll_ufrom_d                              0x00013ed1   Thumb Code   120  dfixull.o(x$fpl$llufromd)
    _printf_fp_dec                           0x00013f49   Thumb Code     4  printf1.o(x$fpl$printf1)
    __fpl_return_NaN                         0x00013f4d   Thumb Code   100  retnan.o(x$fpl$retnan)
    __ARM_scalbn                             0x00013fb1   Thumb Code    92  scalbn.o(x$fpl$scalbn)
    __fpl_cmpreturn                          0x0001400d   Thumb Code    48  trapv.o(x$fpl$trapveneer)
    __I$use$fp                               0x0001403c   Number         0  usenofp.o(x$fpl$usenofp)
    Region$$Table$$Base                      0x00014660   Number         0  anon$$obj.o(Region$$Table)
    Region$$Table$$Limit                     0x000146a0   Number         0  anon$$obj.o(Region$$Table)
    __ctype                                  0x000146c9   Data           0  lc_ctype_c.o(locale$$data)
    SystemCoreClock                          0x10000000   Data           4  system_lpc17xx.o(.data)
    mbRDataLen0                              0x10000004   Data           2  modbus.o(.data)
    mbRDataLen1                              0x10000006   Data           2  modbus.o(.data)
    mbSDataLen0                              0x10000008   Data           2  modbus.o(.data)
    mbSDataLen1                              0x1000000a   Data           2  modbus.o(.data)
    mbSFDLen0                                0x1000000c   Data           2  modbus.o(.data)
    mbSFDLen1                                0x1000000e   Data           2  modbus.o(.data)
    mbDelay0                                 0x10000010   Data           2  modbus.o(.data)
    mbDelay1                                 0x10000012   Data           2  modbus.o(.data)
    pPackHandler0                            0x10000014   Data           4  modbus.o(.data)
    pPackHandler1                            0x10000018   Data           4  modbus.o(.data)
    WaitFlag                                 0x1000001c   Data           1  modbus.o(.data)
    MsgLen                                   0x10000020   Data           2  msg.o(.data)
    vArgs                                    0x10000024   Data           4  msg.o(.data)
    T0MR0                                    0x10000028   Data           4  timers.o(.data)
    T0MR1                                    0x1000002c   Data           4  timers.o(.data)
    T0MR2                                    0x10000030   Data           4  timers.o(.data)
    T0MR3                                    0x10000034   Data           4  timers.o(.data)
    T1MR0                                    0x10000038   Data           4  timers.o(.data)
    T1MR1                                    0x1000003c   Data           4  timers.o(.data)
    T1MR2                                    0x10000040   Data           4  timers.o(.data)
    T1MR3                                    0x10000044   Data           4  timers.o(.data)
    T2MR0                                    0x10000048   Data           4  timers.o(.data)
    T2MR1                                    0x1000004c   Data           4  timers.o(.data)
    T2MR2                                    0x10000050   Data           4  timers.o(.data)
    T2MR3                                    0x10000054   Data           4  timers.o(.data)
    T3MR0                                    0x10000058   Data           4  timers.o(.data)
    T3MR1                                    0x1000005c   Data           4  timers.o(.data)
    T3MR2                                    0x10000060   Data           4  timers.o(.data)
    T3MR3                                    0x10000064   Data           4  timers.o(.data)
    Table_CRC8                               0x10000068   Data         256  tools.o(.data)
    aPin                                     0x10000168   Data         432  staticpins.o(.data)
    Index1                                   0x10000318   Data           1  main.o(.data)
    Index2                                   0x10000319   Data           1  main.o(.data)
    Save_sGo                                 0x1000031a   Data           1  main.o(.data)
    fb                                       0x1000031c   Data           4  main.o(.data)
    pb                                       0x10000320   Data           4  main.o(.data)
    Save_Feed                                0x10000324   Data           4  main.o(.data)
    Save_Speed                               0x10000328   Data           4  main.o(.data)
    pWF_CRC                                  0x1000032c   Data           4  handlers.o(.data)
    fStartMoveZLowSpeed                      0x10000330   Data           1  motors.o(.data)
    SendPointCount                           0x10000331   Data           1  motors.o(.data)
    ClrF                                     0x10000332   Data           1  motors.o(.data)
    f                                        0x10000333   Data           1  motors.o(.data)
    stepX                                    0x10000334   Data           1  motors.o(.data)
    stepY                                    0x10000335   Data           1  motors.o(.data)
    stepZ                                    0x10000336   Data           1  motors.o(.data)
    Index                                    0x10000338   Data           4  motors.o(.data)
    pX1                                      0x1000033c   Data           4  motors.o(.data)
    pY1                                      0x10000340   Data           4  motors.o(.data)
    pZ1                                      0x10000344   Data           4  motors.o(.data)
    pX2                                      0x10000348   Data           4  motors.o(.data)
    pY2                                      0x1000034c   Data           4  motors.o(.data)
    pZ2                                      0x10000350   Data           4  motors.o(.data)
    pX3                                      0x10000354   Data           4  motors.o(.data)
    pY3                                      0x10000358   Data           4  motors.o(.data)
    pZ3                                      0x1000035c   Data           4  motors.o(.data)
    pfZcomp                                  0x10000360   Data           4  motors.o(.data)
    pA                                       0x10000364   Data           4  motors.o(.data)
    pB                                       0x10000368   Data           4  motors.o(.data)
    pC                                       0x1000036c   Data           4  motors.o(.data)
    pD                                       0x10000370   Data           4  motors.o(.data)
    dz                                       0x10000374   Data           4  motors.o(.data)
    SaveZPos                                 0x10000378   Data           4  motors.o(.data)
    SaveXPos                                 0x1000037c   Data           4  motors.o(.data)
    SaveYPos                                 0x10000380   Data           4  motors.o(.data)
    px                                       0x10000384   Data           4  motors.o(.data)
    py                                       0x10000388   Data           4  motors.o(.data)
    pz                                       0x1000038c   Data           4  motors.o(.data)
    pHdat                                    0x10000390   Data           4  motors.o(.data)
    Vct                                      0x10000394   Data           4  motors.o(.data)
    con                                      0x10000398   Data           4  motors.o(.data)
    Vin                                      0x1000039c   Data           4  motors.o(.data)
    itc                                      0x100003a0   Data           4  motors.o(.data)
    cm                                       0x100003a4   Data           4  motors.o(.data)
    cc                                       0x100003a8   Data           4  motors.o(.data)
    cd                                       0x100003ac   Data           4  motors.o(.data)
    Tacc                                     0x100003b0   Data           4  motors.o(.data)
    Tdec                                     0x100003b4   Data           4  motors.o(.data)
    Sti                                      0x100003b8   Data           4  motors.o(.data)
    save_mc_Z_FrReq                          0x100003c0   Data           8  motors.o(.data)
    save_mc_Z_FrMax                          0x100003c8   Data           8  motors.o(.data)
    save_mc_X_FrReq                          0x100003d0   Data           8  motors.o(.data)
    save_mc_X_FrMax                          0x100003d8   Data           8  motors.o(.data)
    save_mc_Y_FrReq                          0x100003e0   Data           8  motors.o(.data)
    save_mc_Y_FrMax                          0x100003e8   Data           8  motors.o(.data)
    TROS_DIR                                 0x100003f0   Data           1  freqinvr.o(.data)
    pFIPWM                                   0x100003f4   Data           4  freqinvr.o(.data)
    pFIPWMFreq                               0x100003f8   Data           4  freqinvr.o(.data)
    vPinsdef                                 0x100003fc   Data         108  vpfrz.o(.data)
    pYmove                                   0x10000468   Data           4  keypad.o(.data)
    pXmove                                   0x1000046c   Data           4  keypad.o(.data)
    pBtn5                                    0x10000470   Data           4  keypad.o(.data)
    pBUZZ                                    0x10000474   Data           4  keypad.o(.data)
    ClrSX                                    0x10000478   Data           1  motor_x.o(.data)
    ClrSZ                                    0x10000479   Data           1  motor_z.o(.data)
    ZZeroDatFrz::f2                          0x1000047a   Data           1  main.o(.data__ZZ11ZZeroDatFrzE2f2)
    CheckPointFrz::f3                        0x1000047b   Data           1  main.o(.data__ZZ13CheckPointFrzE2f3)
    CrushWaterFrz::f                         0x1000047c   Data           1  main.o(.data__ZZ13CrushWaterFrzE1f)
    HTCheckPointFrz::f5                      0x1000047d   Data           1  main.o(.data__ZZ15HTCheckPointFrzE2f5)
    ZZCheckPointFrz::f6                      0x1000047e   Data           1  main.o(.data__ZZ15ZZCheckPointFrzE2f6)
    BtnsMotorXHandler::fB                    0x1000047f   Data           1  main.o(.data__ZZ17BtnsMotorXHandlerE2fB)
    BtnsMotorYHandler::fB                    0x10000480   Data           1  main.o(.data__ZZ17BtnsMotorYHandlerE2fB)
    BtnsMotorZHandler::fB                    0x10000481   Data           1  main.o(.data__ZZ17BtnsMotorZHandlerE2fB)
    BtnAxisSwitchHandler::f                  0x10000482   Data           1  main.o(.data__ZZ20BtnAxisSwitchHandlerE1f)
    StartHorizontalDatFrz::f2                0x10000483   Data           1  main.o(.data__ZZ21StartHorizontalDatFrzE2f2)
    HorizontalCheckPointFrz::f5              0x10000484   Data           1  main.o(.data__ZZ23HorizontalCheckPointFrzE2f5)
    ByPassFrz::f1                            0x10000485   Data           1  main.o(.data__ZZ9ByPassFrzE2f1)
    mbRBuffer0                               0x10000488   Data        8192  modbus.o(.bss)
    mbRBuffer1                               0x10002488   Data         256  modbus.o(.bss)
    mbSBuffer0                               0x10002588   Data         256  modbus.o(.bss)
    mbSBuffer1                               0x10002688   Data         256  modbus.o(.bss)
    mbSFBuf0                                 0x10002788   Data         256  modbus.o(.bss)
    mbSFBuf1                                 0x10002888   Data         256  modbus.o(.bss)
    pFCSArray                                0x10002988   Data          32  fs.o(.bss)
    FCSArray                                 0x100029a8   Data        2584  fs.o(.bss)
    ti                                       0x100033c0   Data         120  ti.o(.bss)
    time                                     0x10003438   Data         120  ti.o(.bss)
    rb0                                      0x100034b0   Data        1048  uart.o(.bss)
    rb1                                      0x100038c8   Data        1048  uart.o(.bss)
    aVQPIN                                   0x10003ce0   Data         720  virtualpins.o(.bss)
    pe                                       0x10003fb0   Data          16  virtualpins.o(.bss)
    sb                                       0x10003fc0   Data         236  main.o(.bss)
    si                                       0x100040ac   Data          50  main.o(.bss)
    qb                                       0x100040e0   Data        2364  handlers.o(.bss)
    st                                       0x10004a1c   Data          50  handlers.o(.bss)
    ctb                                      0x10004a50   Data         236  handlers.o(.bss)
    rbs                                      0x10004b3c   Data         236  handlers.o(.bss)
    rbc                                      0x10004c28   Data         236  handlers.o(.bss)
    tb                                       0x10004d14   Data         236  handlers.o(.bss)
    s                                        0x10004e00   Data          50  handlers.o(.bss)
    tcs_MotorY                               0x10004e38   Data          28  motor_y.o(.bss)
    mc_Y                                     0x10004e54   Data          40  motor_y.o(.bss)
    ms_Y                                     0x10004e80   Data          56  motor_y.o(.bss)
    __libspace_start                         0x10004eb8   Data          96  libspace.o(.bss)
    __temporary_stack_top$libspace           0x10004f18   Data           0  libspace.o(.bss)
    FLASH_BANKS_NUM                          0x2007c000   Data           1  fs.o(.data)
    FS_IS_INITED                             0x2007c001   Data           1  fs.o(.data)
    FS_STATE                                 0x2007c002   Data           1  fs.o(.data)
    SECTORS_NUMBER                           0x2007c004   Data           2  fs.o(.data)
    CLUSTERS_PER_SECTOR                      0x2007c006   Data           2  fs.o(.data)
    CLUSTERS_NUMBER                          0x2007c008   Data           2  fs.o(.data)
    ClusterMAX                               0x2007c00a   Data           2  fs.o(.data)
    CLUSTER_SIZE                             0x2007c00c   Data           2  fs.o(.data)
    CATRecordsNumber                         0x2007c00e   Data           2  fs.o(.data)
    CATRecordMAX                             0x2007c010   Data           2  fs.o(.data)
    SECTOR_SIZE                              0x2007c014   Data           4  fs.o(.data)
    CAT_Size                                 0x2007c018   Data           4  fs.o(.data)
    FNTRecordsNumber                         0x2007c01c   Data           4  fs.o(.data)
    FNTRecordMAX                             0x2007c020   Data           4  fs.o(.data)
    CAT_BASE_ADDRESS                         0x2007c024   Data           4  fs.o(.data)
    CLUSTERS_BASE_ADDRESS                    0x2007c028   Data           4  fs.o(.data)
    TxIntStat0                               0x2007c02c   Data           1  uart.o(.data)
    TxIntStat1                               0x2007c02d   Data           1  uart.o(.data)
    Delay                                    0x2007c030   Data           4  uart.o(.data)
    FLASH_BankSize                           0x2007c038   Data           4  flash.o(.data)
    FLASH_TotalSize                          0x2007c03c   Data           4  flash.o(.data)
    str1                                     0x2007c044   Data        2000  flash.o(.data)
    str2                                     0x2007c814   Data        2000  flash.o(.data)
    pErrHandler                              0x2007cfe4   Data           4  virtualpins.o(.data)
    pvPins                                   0x2007cfe8   Data           4  virtualpins.o(.data)
    adrb                                     0x2007cfec   Data          72  virtualpins.o(.data)
    EAddr                                    0x2007d034   Data           1  queue.o(.data)
    ECmd                                     0x2007d035   Data           1  queue.o(.data)
    ECode                                    0x2007d036   Data           1  queue.o(.data)
    Busy                                     0x2007d038   Data           1  handlers.o(.data)
    sG0                                      0x2007d039   Data           1  handlers.o(.data)
    EndTranslate                             0x2007d03a   Data           1  handlers.o(.data)
    SPS                                      0x2007d03b   Data           1  handlers.o(.data)
    eb                                       0x2007d03c   Data           4  handlers.o(.data)
    X                                        0x2007d040   Data           4  handlers.o(.data)
    Y                                        0x2007d044   Data           4  handlers.o(.data)
    Z                                        0x2007d048   Data           4  handlers.o(.data)
    pPrgFileName                             0x2007d04c   Data           4  handlers.o(.data)
    pPrgFileHandle                           0x2007d050   Data           4  handlers.o(.data)
    pPrgLineCount                            0x2007d054   Data           4  handlers.o(.data)
    pPrgRun                                  0x2007d058   Data           4  handlers.o(.data)
    pRCS                                     0x2007d05c   Data           4  handlers.o(.data)
    pCurCadr                                 0x2007d060   Data           4  handlers.o(.data)
    pNumReadLine                             0x2007d064   Data           4  handlers.o(.data)
    pBlock                                   0x2007d068   Data           4  handlers.o(.data)
    save_ts_pos                              0x2007d06c   Data           4  handlers.o(.data)
    pTrAngle                                 0x2007d070   Data           4  handlers.o(.data)
    Sr                                       0x2007d074   Data           4  handlers.o(.data)
    Sri                                      0x2007d078   Data           4  handlers.o(.data)
    pRunSpPause                              0x2007d07c   Data           4  handlers.o(.data)
    ppb                                      0x2007d080   Data           4  handlers.o(.data)
    nb                                       0x2007d084   Data           4  handlers.o(.data)
    ts                                       0x2007d088   Data           8  handlers.o(.data)
    rs                                       0x2007d090   Data           8  handlers.o(.data)
    VChange                                  0x2007d098   Data           1  regs.o(.data)
    KP_NA_Count                              0x2007d099   Data           1  regs.o(.data)
    fStopPrg                                 0x2007d09a   Data           1  regs.o(.data)
    fStartPrg                                0x2007d09b   Data           1  regs.o(.data)
    fSaveRegs                                0x2007d09c   Data           1  regs.o(.data)
    iva                                      0x2007d09e   Data           2  regs.o(.data)
    pByPass                                  0x2007d0a4   Data           4  regs.o(.data)
    pCrushWater                              0x2007d0a8   Data           4  regs.o(.data)
    pQURepCount                              0x2007d0ac   Data           4  regs.o(.data)
    pQUTimeout                               0x2007d0b0   Data           4  regs.o(.data)
    pACmdDump                                0x2007d0b4   Data           4  regs.o(.data)
    pAMsg                                    0x2007d0b8   Data           4  regs.o(.data)
    pAAnswDump                               0x2007d0bc   Data           4  regs.o(.data)
    pAECmdDump                               0x2007d0c0   Data           4  regs.o(.data)
    pAEMsg                                   0x2007d0c4   Data           4  regs.o(.data)
    pAEAnswDump                              0x2007d0c8   Data           4  regs.o(.data)
    pANCmdDump                               0x2007d0cc   Data           4  regs.o(.data)
    pANMsg                                   0x2007d0d0   Data           4  regs.o(.data)
    pErrCSU1                                 0x2007d0d4   Data           4  regs.o(.data)
    pDropCmd                                 0x2007d0d8   Data           4  regs.o(.data)
    pX_PG_MM                                 0x2007d0dc   Data           4  regs.o(.data)
    pX_SPR                                   0x2007d0e0   Data           4  regs.o(.data)
    pX_MIN                                   0x2007d0e4   Data           4  regs.o(.data)
    pX_MAX                                   0x2007d0e8   Data           4  regs.o(.data)
    vX_MIN_POS                               0x2007d0ec   Data           4  regs.o(.data)
    vX_MAX_POS                               0x2007d0f0   Data           4  regs.o(.data)
    pY_PG_MM                                 0x2007d0f4   Data           4  regs.o(.data)
    pY_SPR                                   0x2007d0f8   Data           4  regs.o(.data)
    pY_MIN                                   0x2007d0fc   Data           4  regs.o(.data)
    pY_MAX                                   0x2007d100   Data           4  regs.o(.data)
    vY_MIN_POS                               0x2007d104   Data           4  regs.o(.data)
    vY_MAX_POS                               0x2007d108   Data           4  regs.o(.data)
    pZ_PG_MM                                 0x2007d10c   Data           4  regs.o(.data)
    pZ_SPR                                   0x2007d110   Data           4  regs.o(.data)
    pZ_MIN                                   0x2007d114   Data           4  regs.o(.data)
    pZ_MAX                                   0x2007d118   Data           4  regs.o(.data)
    vZ_MIN_POS                               0x2007d11c   Data           4  regs.o(.data)
    vZ_MAX_POS                               0x2007d120   Data           4  regs.o(.data)
    dXPos                                    0x2007d124   Data           4  regs.o(.data)
    dYPos                                    0x2007d128   Data           4  regs.o(.data)
    dZPos                                    0x2007d12c   Data           4  regs.o(.data)
    pIntKPCtrl                               0x2007d130   Data           4  regs.o(.data)
    pIntKPCtrlStop                           0x2007d134   Data           4  regs.o(.data)
    pKP_NA_Max                               0x2007d138   Data           4  regs.o(.data)
    pLinkKP                                  0x2007d13c   Data           4  regs.o(.data)
    pCorrStop                                0x2007d140   Data           4  regs.o(.data)
    pRecoverBlock                            0x2007d144   Data           4  regs.o(.data)
    pHTCorr                                  0x2007d148   Data           4  regs.o(.data)
    pZZeroDat                                0x2007d14c   Data           4  regs.o(.data)
    pHorizontalDat                           0x2007d150   Data           4  regs.o(.data)
    pHorizDatDir                             0x2007d154   Data           4  regs.o(.data)
    pHorizDatState                           0x2007d158   Data           4  regs.o(.data)
    pHorizDiam                               0x2007d15c   Data           4  regs.o(.data)
    pHorizMeasError                          0x2007d160   Data           4  regs.o(.data)
    pHorizX                                  0x2007d164   Data           4  regs.o(.data)
    pHorizY                                  0x2007d168   Data           4  regs.o(.data)
    pFdbyFnom                                0x2007d16c   Data           4  regs.o(.data)
    pFnom                                    0x2007d170   Data           4  regs.o(.data)
    OutAllocTable                            0x2007d178   Data           1  regs.o(.data)
    CurVarIndex                              0x2007d17c   Data           4  regs.o(.data)
    pUsesKP485                               0x2007d180   Data           4  keypad.o(.data)
    pAddrKPCtrl                              0x2007d184   Data           4  keypad.o(.data)
    pDrDelay                                 0x2007d188   Data           4  keypad.o(.data)
    pDCTime                                  0x2007d18c   Data           4  keypad.o(.data)
    pPercVmin                                0x2007d190   Data           4  keypad.o(.data)
    pZmove                                   0x2007d194   Data           4  keypad.o(.data)
    pUnusedmove                              0x2007d198   Data           4  keypad.o(.data)
    pAxisSwitch                              0x2007d19c   Data           4  keypad.o(.data)
    ClrSY                                    0x2007d1a0   Data           1  motor_y.o(.data)
    Btn5Handler::f                           0x2007d1a1   Data           1  main.o(.data__ZZ11Btn5HandlerE1f)
    CheckPointFrz::f4                        0x2007d1a2   Data           1  main.o(.data__ZZ13CheckPointFrzE2f4)
    HTCheckPointFrz::f6                      0x2007d1a3   Data           1  main.o(.data__ZZ15HTCheckPointFrzE2f6)
    ZZCheckPointFrz::f5                      0x2007d1a4   Data           1  main.o(.data__ZZ15ZZCheckPointFrzE2f5)
    BtnsMotorXHandler::fD                    0x2007d1a5   Data           1  main.o(.data__ZZ17BtnsMotorXHandlerE2fD)
    BtnsMotorYHandler::fD                    0x2007d1a6   Data           1  main.o(.data__ZZ17BtnsMotorYHandlerE2fD)
    BtnsMotorZHandler::fD                    0x2007d1a7   Data           1  main.o(.data__ZZ17BtnsMotorZHandlerE2fD)
    RunHorizontalDatFrz::f2                  0x2007d1a8   Data           1  main.o(.data__ZZ19RunHorizontalDatFrzE2f2)
    StopHorizontalDatFrz::f2                 0x2007d1a9   Data           1  main.o(.data__ZZ20StopHorizontalDatFrzE2f2)
    HorizontalCheckPointFrz::f6              0x2007d1aa   Data           1  main.o(.data__ZZ23HorizontalCheckPointFrzE2f6)
    HTCorrFrz::f2                            0x2007d1ab   Data           1  main.o(.data__ZZ9HTCorrFrzE2f2)
    MsgBuf                                   0x2007d1ac   Data         200  msg.o(.bss)
    bufmsg                                   0x2007d274   Data         120  msg.o(.bss)
    FLASH_BankCapacity                       0x2007d2ec   Data          16  flash.o(.bss)
    str3                                     0x2007d2fc   Data        2000  flash.o(.bss)
    qu                                       0x2007dacc   Data        3306  queue.o(.bss)
    rbuf                                     0x2007e7b6   Data         255  u0packets.o(.bss)
    buffer0                                  0x2007e8b5   Data          10  u0packets.o(.bss)
    buffer1                                  0x2007e8bf   Data         255  u1packets.o(.bss)
    tcs_FMove                                0x2007e9c0   Data          28  motors.o(.bss)
    fmvc                                     0x2007e9dc   Data          25  motors.o(.bss)
    fmvs                                     0x2007e9f8   Data          16  motors.o(.bss)
    va                                       0x2007ea08   Data        7200  regs.o(.bss)
    regs                                     0x20080628   Data        1000  regs.o(.bss)
    tcs_MotorX                               0x20080a10   Data          28  motor_x.o(.bss)
    mc_X                                     0x20080a2c   Data          40  motor_x.o(.bss)
    ms_X                                     0x20080a58   Data          56  motor_x.o(.bss)
    tcs_MotorZ                               0x20080a90   Data          28  motor_z.o(.bss)
    mc_Z                                     0x20080aac   Data          40  motor_z.o(.bss)
    ms_Z                                     0x20080ad8   Data          56  motor_z.o(.bss)



==============================================================================

Memory Map of the image

  Image Entry point : 0x000020cd

  Load Region LR_IROM1 (Base: 0x00002000, Size: 0x00013e00, Max: 0x00080000, ABSOLUTE, COMPRESSED[0x000130e4])

    Execution Region ER_IROM1 (Base: 0x00002000, Size: 0x000127cc, Max: 0x00080000, ABSOLUTE)

    Base Addr    Size         Type   Attr      Idx    E Section Name        Object

    0x00002000   0x000000cc   Data   RO            3    RESET               startup_lpc17xx.o
    0x000020cc   0x00000008   Code   RO         1422  * !!!main             c_w.l(__main.o)
    0x000020d4   0x00000034   Code   RO         1830    !!!scatter          c_w.l(__scatter.o)
    0x00002108   0x00000064   Code   RO         1828    !!dclz77c           c_w.l(__dclz77c.o)
    0x0000216c   0x0000001c   Code   RO         1832    !!handler_zi        c_w.l(__scatter_zi.o)
    0x00002188   0x00000000   Code   RO         1405    .ARM.Collect$$_printf_percent$$00000000  c_w.l(_printf_percent.o)
    0x00002188   0x00000006   Code   RO         1548    .ARM.Collect$$_printf_percent$$00000001  c_w.l(_printf_n.o)
    0x0000218e   0x00000006   Code   RO         1549    .ARM.Collect$$_printf_percent$$00000002  c_w.l(_printf_p.o)
    0x00002194   0x00000006   Code   RO         1404    .ARM.Collect$$_printf_percent$$00000003  c_w.l(_printf_f.o)
    0x0000219a   0x00000006   Code   RO         1553    .ARM.Collect$$_printf_percent$$00000004  c_w.l(_printf_e.o)
    0x000021a0   0x00000006   Code   RO         1554    .ARM.Collect$$_printf_percent$$00000005  c_w.l(_printf_g.o)
    0x000021a6   0x00000006   Code   RO         1555    .ARM.Collect$$_printf_percent$$00000006  c_w.l(_printf_a.o)
    0x000021ac   0x0000000a   Code   RO         1560    .ARM.Collect$$_printf_percent$$00000007  c_w.l(_printf_ll.o)
    0x000021b6   0x00000006   Code   RO         1551    .ARM.Collect$$_printf_percent$$00000008  c_w.l(_printf_i.o)
    0x000021bc   0x00000006   Code   RO         1403    .ARM.Collect$$_printf_percent$$00000009  c_w.l(_printf_d.o)
    0x000021c2   0x00000006   Code   RO         1552    .ARM.Collect$$_printf_percent$$0000000A  c_w.l(_printf_u.o)
    0x000021c8   0x00000006   Code   RO         1550    .ARM.Collect$$_printf_percent$$0000000B  c_w.l(_printf_o.o)
    0x000021ce   0x00000006   Code   RO         1402    .ARM.Collect$$_printf_percent$$0000000C  c_w.l(_printf_x.o)
    0x000021d4   0x00000006   Code   RO         1557    .ARM.Collect$$_printf_percent$$0000000D  c_w.l(_printf_lli.o)
    0x000021da   0x00000006   Code   RO         1558    .ARM.Collect$$_printf_percent$$0000000E  c_w.l(_printf_lld.o)
    0x000021e0   0x00000006   Code   RO         1559    .ARM.Collect$$_printf_percent$$0000000F  c_w.l(_printf_llu.o)
    0x000021e6   0x00000006   Code   RO         1564    .ARM.Collect$$_printf_percent$$00000010  c_w.l(_printf_llo.o)
    0x000021ec   0x00000006   Code   RO         1565    .ARM.Collect$$_printf_percent$$00000011  c_w.l(_printf_llx.o)
    0x000021f2   0x0000000a   Code   RO         1561    .ARM.Collect$$_printf_percent$$00000012  c_w.l(_printf_l.o)
    0x000021fc   0x00000006   Code   RO         1546    .ARM.Collect$$_printf_percent$$00000013  c_w.l(_printf_c.o)
    0x00002202   0x00000006   Code   RO         1547    .ARM.Collect$$_printf_percent$$00000014  c_w.l(_printf_s.o)
    0x00002208   0x00000006   Code   RO         1562    .ARM.Collect$$_printf_percent$$00000015  c_w.l(_printf_lc.o)
    0x0000220e   0x00000006   Code   RO         1563    .ARM.Collect$$_printf_percent$$00000016  c_w.l(_printf_ls.o)
    0x00002214   0x00000004   Code   RO         1556    .ARM.Collect$$_printf_percent$$00000017  c_w.l(_printf_percent_end.o)
    0x00002218   0x00000002   Code   RO         1694    .ARM.Collect$$libinit$$00000000  c_w.l(libinit.o)
    0x0000221a   0x00000000   Code   RO         1696    .ARM.Collect$$libinit$$00000002  c_w.l(libinit2.o)
    0x0000221a   0x00000000   Code   RO         1698    .ARM.Collect$$libinit$$00000004  c_w.l(libinit2.o)
    0x0000221a   0x00000000   Code   RO         1701    .ARM.Collect$$libinit$$0000000A  c_w.l(libinit2.o)
    0x0000221a   0x00000000   Code   RO         1703    .ARM.Collect$$libinit$$0000000C  c_w.l(libinit2.o)
    0x0000221a   0x00000000   Code   RO         1705    .ARM.Collect$$libinit$$0000000E  c_w.l(libinit2.o)
    0x0000221a   0x00000006   Code   RO         1706    .ARM.Collect$$libinit$$0000000F  c_w.l(libinit2.o)
    0x00002220   0x00000000   Code   RO         1708    .ARM.Collect$$libinit$$00000011  c_w.l(libinit2.o)
    0x00002220   0x0000000c   Code   RO         1709    .ARM.Collect$$libinit$$00000012  c_w.l(libinit2.o)
    0x0000222c   0x00000000   Code   RO         1710    .ARM.Collect$$libinit$$00000013  c_w.l(libinit2.o)
    0x0000222c   0x00000000   Code   RO         1712    .ARM.Collect$$libinit$$00000015  c_w.l(libinit2.o)
    0x0000222c   0x0000000a   Code   RO         1713    .ARM.Collect$$libinit$$00000016  c_w.l(libinit2.o)
    0x00002236   0x00000000   Code   RO         1714    .ARM.Collect$$libinit$$00000017  c_w.l(libinit2.o)
    0x00002236   0x00000000   Code   RO         1716    .ARM.Collect$$libinit$$00000019  c_w.l(libinit2.o)
    0x00002236   0x00000000   Code   RO         1718    .ARM.Collect$$libinit$$0000001B  c_w.l(libinit2.o)
    0x00002236   0x00000000   Code   RO         1720    .ARM.Collect$$libinit$$0000001D  c_w.l(libinit2.o)
    0x00002236   0x00000000   Code   RO         1722    .ARM.Collect$$libinit$$0000001F  c_w.l(libinit2.o)
    0x00002236   0x00000000   Code   RO         1724    .ARM.Collect$$libinit$$00000021  c_w.l(libinit2.o)
    0x00002236   0x00000000   Code   RO         1726    .ARM.Collect$$libinit$$00000023  c_w.l(libinit2.o)
    0x00002236   0x00000000   Code   RO         1728    .ARM.Collect$$libinit$$00000025  c_w.l(libinit2.o)
    0x00002236   0x00000000   Code   RO         1732    .ARM.Collect$$libinit$$0000002C  c_w.l(libinit2.o)
    0x00002236   0x00000000   Code   RO         1734    .ARM.Collect$$libinit$$0000002E  c_w.l(libinit2.o)
    0x00002236   0x00000000   Code   RO         1736    .ARM.Collect$$libinit$$00000030  c_w.l(libinit2.o)
    0x00002236   0x00000000   Code   RO         1738    .ARM.Collect$$libinit$$00000032  c_w.l(libinit2.o)
    0x00002236   0x00000002   Code   RO         1739    .ARM.Collect$$libinit$$00000033  c_w.l(libinit2.o)
    0x00002238   0x00000002   Code   RO         1793    .ARM.Collect$$libshutdown$$00000000  c_w.l(libshutdown.o)
    0x0000223a   0x00000000   Code   RO         1811    .ARM.Collect$$libshutdown$$00000002  c_w.l(libshutdown2.o)
    0x0000223a   0x00000000   Code   RO         1813    .ARM.Collect$$libshutdown$$00000004  c_w.l(libshutdown2.o)
    0x0000223a   0x00000000   Code   RO         1816    .ARM.Collect$$libshutdown$$00000007  c_w.l(libshutdown2.o)
    0x0000223a   0x00000000   Code   RO         1819    .ARM.Collect$$libshutdown$$0000000A  c_w.l(libshutdown2.o)
    0x0000223a   0x00000000   Code   RO         1821    .ARM.Collect$$libshutdown$$0000000C  c_w.l(libshutdown2.o)
    0x0000223a   0x00000000   Code   RO         1824    .ARM.Collect$$libshutdown$$0000000F  c_w.l(libshutdown2.o)
    0x0000223a   0x00000002   Code   RO         1825    .ARM.Collect$$libshutdown$$00000010  c_w.l(libshutdown2.o)
    0x0000223c   0x00000000   Code   RO         1514    .ARM.Collect$$rtentry$$00000000  c_w.l(__rtentry.o)
    0x0000223c   0x00000000   Code   RO         1602    .ARM.Collect$$rtentry$$00000002  c_w.l(__rtentry2.o)
    0x0000223c   0x00000006   Code   RO         1614    .ARM.Collect$$rtentry$$00000004  c_w.l(__rtentry4.o)
    0x00002242   0x00000000   Code   RO         1604    .ARM.Collect$$rtentry$$00000009  c_w.l(__rtentry2.o)
    0x00002242   0x00000004   Code   RO         1605    .ARM.Collect$$rtentry$$0000000A  c_w.l(__rtentry2.o)
    0x00002246   0x00000000   Code   RO         1607    .ARM.Collect$$rtentry$$0000000C  c_w.l(__rtentry2.o)
    0x00002246   0x00000008   Code   RO         1608    .ARM.Collect$$rtentry$$0000000D  c_w.l(__rtentry2.o)
    0x0000224e   0x00000002   Code   RO         1742    .ARM.Collect$$rtexit$$00000000  c_w.l(rtexit.o)
    0x00002250   0x00000000   Code   RO         1762    .ARM.Collect$$rtexit$$00000002  c_w.l(rtexit2.o)
    0x00002250   0x00000004   Code   RO         1763    .ARM.Collect$$rtexit$$00000003  c_w.l(rtexit2.o)
    0x00002254   0x00000006   Code   RO         1764    .ARM.Collect$$rtexit$$00000004  c_w.l(rtexit2.o)
    0x0000225a   0x00000002   PAD
    0x0000225c   0x00000008   Code   RO          182    .emb_text           sbl_iap.o
    0x00002264   0x00000040   Code   RO            5    .text               startup_lpc17xx.o
    0x000022a4   0x00000178   Code   RO           25    .text               system_lpc17xx.o
    0x0000241c   0x00000108   Code   RO           64    .text               lpc17xx_clkpwr.o
    0x00002524   0x000000a8   Code   RO          102    .text               lpc17xx_pinsel.o
    0x000025cc   0x0000060c   Code   RO          125    .text               lpc17xx_uart.o
    0x00002bd8   0x000002f8   Code   RO          159    .text               lpc17xx_timer.o
    0x00002ed0   0x00000384   Code   RO          219    .text               modbus.o
    0x00003254   0x0000161c   Code   RO          291    .text               fs.o
    0x00004870   0x000000d0   Code   RO          335    .text               msg.o
    0x00004940   0x00000238   Code   RO          368    .text               bfs.o
    0x00004b78   0x00000038   Code   RO          387    .text               ti.o
    0x00004bb0   0x00000634   Code   RO          418    .text               timers.o
    0x000051e4   0x000006c8   Code   RO          456    .text               uart.o
    0x000058ac   0x00000050   Code   RO          486    .text               tools.o
    0x000058fc   0x000006bc   Code   RO          506    .text               flash.o
    0x00005fb8   0x0000054c   Code   RO          556    .text               virtualpins.o
    0x00006504   0x00000600   Code   RO          599    .text               queue.o
    0x00006b04   0x0000130c   Code   RO          635    .text               u0packets.o
    0x00007e10   0x00000048   Code   RO          701    .text               u1packets.o
    0x00007e58   0x000004ec   Code   RO          731    .text               main.o
    0x00008344   0x00001c28   Code   RO          974    .text               handlers.o
    0x00009f6c   0x00001b40   Code   RO         1028    .text               motors.o
    0x0000baac   0x000000e8   Code   RO         1071    .text               freqinvr.o
    0x0000bb94   0x00001c40   Code   RO         1098    .text               regs.o
    0x0000d7d4   0x00000100   Code   RO         1146    .text               keypad.o
    0x0000d8d4   0x000000d4   Code   RO         1173    .text               motor_x.o
    0x0000d9a8   0x000000e4   Code   RO         1231    .text               motor_y.o
    0x0000da8c   0x000000d4   Code   RO         1281    .text               motor_z.o
    0x0000db60   0x00000050   Code   RO         1327    .text               pwm.o
    0x0000dbb0   0x000000ee   Code   RO         1347    .text               c_w.l(lludivv7m.o)
    0x0000dc9e   0x00000002   PAD
    0x0000dca0   0x00000024   Code   RO         1349    .text               c_w.l(c89vsprintf.o)
    0x0000dcc4   0x0000002c   Code   RO         1351    .text               c_w.l(__2sprintf.o)
    0x0000dcf0   0x0000004e   Code   RO         1357    .text               c_w.l(_printf_pad.o)
    0x0000dd3e   0x00000002   PAD
    0x0000dd40   0x00000078   Code   RO         1359    .text               c_w.l(_printf_dec.o)
    0x0000ddb8   0x00000094   Code   RO         1379    .text               c_w.l(_printf_hex_int_ll_ptr.o)
    0x0000de4c   0x00000188   Code   RO         1399    .text               c_w.l(__printf_flags_ss_wp.o)
    0x0000dfd4   0x00000048   Code   RO         1406    .text               c_w.l(strcpy.o)
    0x0000e01c   0x0000003e   Code   RO         1408    .text               c_w.l(strlen.o)
    0x0000e05a   0x0000008a   Code   RO         1410    .text               c_w.l(rt_memcpy_v6.o)
    0x0000e0e4   0x00000064   Code   RO         1412    .text               c_w.l(rt_memcpy_w.o)
    0x0000e148   0x00000044   Code   RO         1414    .text               c_w.l(rt_memclr.o)
    0x0000e18c   0x0000004e   Code   RO         1416    .text               c_w.l(rt_memclr_w.o)
    0x0000e1da   0x00000002   PAD
    0x0000e1dc   0x00000080   Code   RO         1418    .text               c_w.l(strcmpv7m.o)
    0x0000e25c   0x00000006   Code   RO         1420    .text               c_w.l(heapauxi.o)
    0x0000e262   0x00000016   Code   RO         1519    .text               c_w.l(_rserrno.o)
    0x0000e278   0x00000024   Code   RO         1521    .text               c_w.l(_printf_truncate.o)
    0x0000e29c   0x00000052   Code   RO         1523    .text               c_w.l(_printf_str.o)
    0x0000e2ee   0x000000b2   Code   RO         1525    .text               c_w.l(_printf_intcommon.o)
    0x0000e3a0   0x00000028   Code   RO         1527    .text               c_w.l(_printf_charcount.o)
    0x0000e3c8   0x0000041a   Code   RO         1529    .text               c_w.l(_printf_fp_dec.o)
    0x0000e7e2   0x00000002   PAD
    0x0000e7e4   0x00000030   Code   RO         1531    .text               c_w.l(_printf_char_common.o)
    0x0000e814   0x0000000a   Code   RO         1533    .text               c_w.l(_sputc.o)
    0x0000e81e   0x00000002   PAD
    0x0000e820   0x000000bc   Code   RO         1535    .text               c_w.l(_printf_wctomb.o)
    0x0000e8dc   0x0000007c   Code   RO         1538    .text               c_w.l(_printf_longlong_dec.o)
    0x0000e958   0x00000070   Code   RO         1544    .text               c_w.l(_printf_oct_int_ll.o)
    0x0000e9c8   0x00000008   Code   RO         1621    .text               c_w.l(rt_locale_intlibspace.o)
    0x0000e9d0   0x00000008   Code   RO         1626    .text               c_w.l(rt_errno_addr_intlibspace.o)
    0x0000e9d8   0x0000008a   Code   RO         1628    .text               c_w.l(lludiv10.o)
    0x0000ea62   0x00000002   PAD
    0x0000ea64   0x00000080   Code   RO         1630    .text               c_w.l(_printf_fp_infnan.o)
    0x0000eae4   0x0000002c   Code   RO         1634    .text               c_w.l(_printf_char.o)
    0x0000eb10   0x0000002c   Code   RO         1636    .text               c_w.l(_printf_wchar.o)
    0x0000eb3c   0x000000dc   Code   RO         1638    .text               c_w.l(bigflt0.o)
    0x0000ec18   0x00000040   Code   RO         1663    .text               c_w.l(_wcrtomb.o)
    0x0000ec58   0x00000008   Code   RO         1676    .text               c_w.l(libspace.o)
    0x0000ec60   0x0000004a   Code   RO         1679    .text               c_w.l(sys_stackheap_outer.o)
    0x0000ecaa   0x00000002   PAD
    0x0000ecac   0x00000010   Code   RO         1681    .text               c_w.l(rt_ctype_table.o)
    0x0000ecbc   0x00000012   Code   RO         1683    .text               c_w.l(exit.o)
    0x0000ecce   0x00000002   PAD
    0x0000ecd0   0x0000000c   Code   RO         1759    .text               c_w.l(sys_exit.o)
    0x0000ecdc   0x00000002   Code   RO         1780    .text               c_w.l(use_no_semi.o)
    0x0000ecde   0x00000000   Code   RO         1782    .text               c_w.l(indicate_semi.o)
    0x0000ecde   0x0000003e   Code   RO         1641    CL$$btod_d2e        c_w.l(btod.o)
    0x0000ed1c   0x00000046   Code   RO         1643    CL$$btod_d2e_denorm_low  c_w.l(btod.o)
    0x0000ed62   0x00000060   Code   RO         1642    CL$$btod_d2e_norm_op1  c_w.l(btod.o)
    0x0000edc2   0x00000338   Code   RO         1651    CL$$btod_div_common  c_w.l(btod.o)
    0x0000f0fa   0x000000c6   Code   RO         1648    CL$$btod_e2e        c_w.l(btod.o)
    0x0000f1c0   0x00000028   Code   RO         1645    CL$$btod_ediv       c_w.l(btod.o)
    0x0000f1e8   0x00000028   Code   RO         1644    CL$$btod_emul       c_w.l(btod.o)
    0x0000f210   0x00000244   Code   RO         1650    CL$$btod_mult_common  c_w.l(btod.o)
    0x0000f454   0x000000fc   Code   RO          795    i.BtnsMotorXHandler  main.o
    0x0000f550   0x000000fc   Code   RO          783    i.BtnsMotorYHandler  main.o
    0x0000f64c   0x000000fc   Code   RO          789    i.BtnsMotorZHandler  main.o
    0x0000f748   0x000000a8   Code   RO          832    i.ButtonsToRegs     main.o
    0x0000f7f0   0x00000084   Code   RO          822    i.CheckPointFrz     main.o
    0x0000f874   0x00000068   Code   RO          807    i.FormQueue         main.o
    0x0000f8dc   0x00000088   Code   RO          827    i.HTCheckPointFrz   main.o
    0x0000f964   0x00000118   Code   RO          759    i.HorizontalCheckPointFrz  main.o
    0x0000fa7c   0x0000014c   Code   RO          753    i.HorizontalDat     main.o
    0x0000fbc8   0x000000b8   Code   RO          837    i.InitFrzTimers     main.o
    0x0000fc80   0x000004aa   Code   RO         1205    i.MoveBtnX          motor_x.o
    0x0001012a   0x00000002   PAD
    0x0001012c   0x000004b8   Code   RO         1263    i.MoveBtnY          motor_y.o
    0x000105e4   0x0000055c   Code   RO         1313    i.MoveBtnZ          motor_z.o
    0x00010b40   0x00000168   Code   RO          801    i.MoveByRegs        main.o
    0x00010ca8   0x0000043c   Code   RO         1199    i.MovePosX          motor_x.o
    0x000110e4   0x00000446   Code   RO         1257    i.MovePosY          motor_y.o
    0x0001152a   0x00000002   PAD
    0x0001152c   0x00000394   Code   RO         1307    i.MovePosZ          motor_z.o
    0x000118c0   0x00000280   Code   RO         1193    i.PositX            motor_x.o
    0x00011b40   0x00000280   Code   RO         1251    i.PositY            motor_y.o
    0x00011dc0   0x00000240   Code   RO         1301    i.PositZ            motor_z.o
    0x00012000   0x00000264   Code   RO          771    i.RecoverBlock      main.o
    0x00012264   0x000000c0   Code   RO          817    i.RunHorizontalDatFrz  main.o
    0x00012324   0x00000110   Code   RO          777    i.RunPrgFrz         main.o
    0x00012434   0x000000dc   Code   RO          765    i.StopPrg           main.o
    0x00012510   0x00000088   Code   RO          812    i.ZZCheckPointFrz   main.o
    0x00012598   0x00000074   Code   RO          842    i.ZZeroDat          main.o
    0x0001260c   0x00000028   Code   RO         1674    i.__ARM_fpclassify  m_ws.l(fpclassify.o)
    0x00012634   0x000000aa   Code   RO         1599    i.__kernel_poly     m_ws.l(poly.o)
    0x000126de   0x00000006   Code   RO         1586    i.__mathlib_dbl_infnan  m_ws.l(dunder.o)
    0x000126e4   0x0000000c   Code   RO         1588    i.__mathlib_dbl_invalid  m_ws.l(dunder.o)
    0x000126f0   0x0000000e   Code   RO         1392    i._is_digit         c_w.l(__printf_wp.o)
    0x000126fe   0x00000002   PAD
    0x00012700   0x0000027c   Code   RO         1493    i.acos              m_ws.l(acos.o)
    0x0001297c   0x000000dc   Code   RO         1503    i.ceil              m_ws.l(ceil.o)
    0x00012a58   0x0000004c   Code   RO         1507    i.sqrt              m_ws.l(sqrt.o)
    0x00012aa4   0x0000002c   Code   RO         1666    locale$$code        c_w.l(lc_numeric_c.o)
    0x00012ad0   0x0000002c   Code   RO         1747    locale$$code        c_w.l(lc_ctype_c.o)
    0x00012afc   0x00000062   Code   RO         1424    x$fpl$d2f           fz_ws.l(d2f.o)
    0x00012b5e   0x00000002   PAD
    0x00012b60   0x00000150   Code   RO         1426    x$fpl$dadd          fz_ws.l(daddsub_clz.o)
    0x00012cb0   0x00000010   Code   RO         1668    x$fpl$dcheck1       fz_ws.l(dcheck1.o)
    0x00012cc0   0x00000018   Code   RO         1670    x$fpl$dcmpinf       fz_ws.l(dcmpi.o)
    0x00012cd8   0x000002b0   Code   RO         1433    x$fpl$ddiv          fz_ws.l(ddiv.o)
    0x00012f88   0x0000005e   Code   RO         1436    x$fpl$dfix          fz_ws.l(dfix.o)
    0x00012fe6   0x00000002   PAD
    0x00012fe8   0x0000005a   Code   RO         1440    x$fpl$dfixu         fz_ws.l(dfixu.o)
    0x00013042   0x0000002e   Code   RO         1449    x$fpl$dflt          fz_ws.l(dflt_clz.o)
    0x00013070   0x00000026   Code   RO         1448    x$fpl$dfltu         fz_ws.l(dflt_clz.o)
    0x00013096   0x00000002   PAD
    0x00013098   0x0000008a   Code   RO         1455    x$fpl$dfltull       fz_ws.l(dfltll_clz.o)
    0x00013122   0x00000002   PAD
    0x00013124   0x00000078   Code   RO         1566    x$fpl$dleqf         fz_ws.l(dleqf.o)
    0x0001319c   0x00000154   Code   RO         1458    x$fpl$dmul          fz_ws.l(dmul.o)
    0x000132f0   0x0000009c   Code   RO         1568    x$fpl$dnaninf       fz_ws.l(dnaninf.o)
    0x0001338c   0x0000000c   Code   RO         1570    x$fpl$dretinf       fz_ws.l(dretinf.o)
    0x00013398   0x0000006c   Code   RO         1572    x$fpl$drleqf        fz_ws.l(drleqf.o)
    0x00013404   0x00000016   Code   RO         1427    x$fpl$drsb          fz_ws.l(daddsub_clz.o)
    0x0001341a   0x00000002   PAD
    0x0001341c   0x000001cc   Code   RO         1574    x$fpl$dsqrt         fz_ws.l(dsqrt_noumaal.o)
    0x000135e8   0x000001d4   Code   RO         1428    x$fpl$dsub          fz_ws.l(daddsub_clz.o)
    0x000137bc   0x00000056   Code   RO         1460    x$fpl$f2d           fz_ws.l(f2d.o)
    0x00013812   0x00000002   PAD
    0x00013814   0x000000c4   Code   RO         1462    x$fpl$fadd          fz_ws.l(faddsub_clz.o)
    0x000138d8   0x00000018   Code   RO         1576    x$fpl$fcmpinf       fz_ws.l(fcmpi.o)
    0x000138f0   0x00000184   Code   RO         1469    x$fpl$fdiv          fz_ws.l(fdiv.o)
    0x00013a74   0x00000068   Code   RO         1472    x$fpl$feqf          fz_ws.l(feqf.o)
    0x00013adc   0x00000036   Code   RO         1474    x$fpl$ffix          fz_ws.l(ffix.o)
    0x00013b12   0x00000002   PAD
    0x00013b14   0x00000030   Code   RO         1479    x$fpl$fflt          fz_ws.l(fflt_clz.o)
    0x00013b44   0x00000026   Code   RO         1478    x$fpl$ffltu         fz_ws.l(fflt_clz.o)
    0x00013b6a   0x00000002   PAD
    0x00013b6c   0x00000068   Code   RO         1484    x$fpl$fleqf         fz_ws.l(fleqf.o)
    0x00013bd4   0x00000102   Code   RO         1486    x$fpl$fmul          fz_ws.l(fmul.o)
    0x00013cd6   0x0000008c   Code   RO         1578    x$fpl$fnaninf       fz_ws.l(fnaninf.o)
    0x00013d62   0x0000000a   Code   RO         1580    x$fpl$fretinf       fz_ws.l(fretinf.o)
    0x00013d6c   0x00000062   Code   RO         1488    x$fpl$frleqf        fz_ws.l(frleqf.o)
    0x00013dce   0x00000014   Code   RO         1463    x$fpl$frsb          fz_ws.l(faddsub_clz.o)
    0x00013de2   0x00000002   PAD
    0x00013de4   0x000000ea   Code   RO         1464    x$fpl$fsub          fz_ws.l(faddsub_clz.o)
    0x00013ece   0x00000002   PAD
    0x00013ed0   0x00000078   Code   RO         1444    x$fpl$llufromd      fz_ws.l(dfixull.o)
    0x00013f48   0x00000004   Code   RO         1490    x$fpl$printf1       fz_ws.l(printf1.o)
    0x00013f4c   0x00000064   Code   RO         1740    x$fpl$retnan        fz_ws.l(retnan.o)
    0x00013fb0   0x0000005c   Code   RO         1582    x$fpl$scalbn        fz_ws.l(scalbn.o)
    0x0001400c   0x00000030   Code   RO         1757    x$fpl$trapveneer    fz_ws.l(trapv.o)
    0x0001403c   0x00000000   Code   RO         1584    x$fpl$usenofp       fz_ws.l(usenofp.o)
    0x0001403c   0x00000200   Data   RO          221    .constdata          modbus.o
    0x0001423c   0x00000010   Data   RO          509    .constdata          flash.o
    0x0001424c   0x00000028   Data   RO         1380    .constdata          c_w.l(_printf_hex_int_ll_ptr.o)
    0x00014274   0x00000011   Data   RO         1400    .constdata          c_w.l(__printf_flags_ss_wp.o)
    0x00014285   0x00000003   PAD
    0x00014288   0x00000050   Data   RO         1494    .constdata          m_ws.l(acos.o)
    0x000142d8   0x00000008   Data   RO         1536    .constdata          c_w.l(_printf_wctomb.o)
    0x000142e0   0x00000094   Data   RO         1639    .constdata          c_w.l(bigflt0.o)
    0x00014374   0x0000017b   Data   RO          733    .conststring        main.o
    0x000144ef   0x00000001   PAD
    0x000144f0   0x00000058   Data   RO         1030    .conststring        motors.o
    0x00014548   0x00000066   Data   RO         1175    .conststring        motor_x.o
    0x000145ae   0x00000002   PAD
    0x000145b0   0x00000056   Data   RO         1233    .conststring        motor_y.o
    0x00014606   0x00000002   PAD
    0x00014608   0x00000056   Data   RO         1283    .conststring        motor_z.o
    0x0001465e   0x00000002   PAD
    0x00014660   0x00000040   Data   RO         1826    Region$$Table       anon$$obj.o
    0x000146a0   0x0000001c   Data   RO         1665    locale$$data        c_w.l(lc_numeric_c.o)
    0x000146bc   0x00000110   Data   RO         1746    locale$$data        c_w.l(lc_ctype_c.o)


    Execution Region RW_IRAM1 (Base: 0x10000000, Size: 0x00005318, Max: 0x00008000, ABSOLUTE, COMPRESSED[0x00000208])

    Base Addr    Size         Type   Attr      Idx    E Section Name        Object

    0x10000000   0x00000004   Data   RW           26    .data               system_lpc17xx.o
    0x10000004   0x00000018   Data   RW          222    .data               modbus.o
    0x1000001c   0x00000001   Data   RW          223    .data               modbus.o
    0x1000001d   0x00000003   PAD
    0x10000020   0x00000008   Data   RW          337    .data               msg.o
    0x10000028   0x00000040   Data   RW          419    .data               timers.o
    0x10000068   0x00000100   Data   RW          487    .data               tools.o
    0x10000168   0x000001b0   Data   RW          536    .data               staticpins.o
    0x10000318   0x00000014   Data   RW          736    .data               main.o
    0x1000032c   0x00000004   Data   RW          978    .data               handlers.o
    0x10000330   0x000000c0   Data   RW         1031    .data               motors.o
    0x100003f0   0x0000000c   Data   RW         1072    .data               freqinvr.o
    0x100003fc   0x0000006c   Data   RW         1134    .data               vpfrz.o
    0x10000468   0x00000004   Data   RW         1148    .data               keypad.o
    0x1000046c   0x00000004   Data   RW         1150    .data               keypad.o
    0x10000470   0x00000004   Data   RW         1152    .data               keypad.o
    0x10000474   0x00000004   Data   RW         1154    .data               keypad.o
    0x10000478   0x00000001   Data   RW         1176    .data               motor_x.o
    0x10000479   0x00000001   Data   RW         1284    .data               motor_z.o
    0x1000047a   0x00000001   Data   RW          849    .data__ZZ11ZZeroDatFrzE2f2  main.o
    0x1000047b   0x00000001   Data   RW          857    .data__ZZ13CheckPointFrzE2f3  main.o
    0x1000047c   0x00000001   Data   RW          869    .data__ZZ13CrushWaterFrzE1f  main.o
    0x1000047d   0x00000001   Data   RW          859    .data__ZZ15HTCheckPointFrzE2f5  main.o
    0x1000047e   0x00000001   Data   RW          851    .data__ZZ15ZZCheckPointFrzE2f6  main.o
    0x1000047f   0x00000001   Data   RW          867    .data__ZZ17BtnsMotorXHandlerE2fB  main.o
    0x10000480   0x00000001   Data   RW          863    .data__ZZ17BtnsMotorYHandlerE2fB  main.o
    0x10000481   0x00000001   Data   RW          865    .data__ZZ17BtnsMotorZHandlerE2fB  main.o
    0x10000482   0x00000001   Data   RW          861    .data__ZZ20BtnAxisSwitchHandlerE1f  main.o
    0x10000483   0x00000001   Data   RW          853    .data__ZZ21StartHorizontalDatFrzE2f2  main.o
    0x10000484   0x00000001   Data   RW          855    .data__ZZ23HorizontalCheckPointFrzE2f5  main.o
    0x10000485   0x00000001   Data   RW          847    .data__ZZ9ByPassFrzE2f1  main.o
    0x10000486   0x00000002   PAD
    0x10000488   0x00002500   Zero   RW          220    .bss                modbus.o
    0x10002988   0x00000a38   Zero   RW          292    .bss                fs.o
    0x100033c0   0x000000f0   Zero   RW          388    .bss                ti.o
    0x100034b0   0x00000830   Zero   RW          457    .bss                uart.o
    0x10003ce0   0x000002e0   Zero   RW          557    .bss                virtualpins.o
    0x10003fc0   0x0000011e   Zero   RW          732    .bss                main.o
    0x100040de   0x00000002   PAD
    0x100040e0   0x00000d52   Zero   RW          975    .bss                handlers.o
    0x10004e32   0x00000006   PAD
    0x10004e38   0x00000080   Zero   RW         1232    .bss                motor_y.o
    0x10004eb8   0x00000060   Zero   RW         1677    .bss                c_w.l(libspace.o)
    0x10004f18   0x00000400   Zero   RW            1    STACK               startup_lpc17xx.o


    Execution Region RW_IRAM2 (Base: 0x2007c000, Size: 0x00005310, Max: 0x00008000, ABSOLUTE, COMPRESSED[0x00000710])

    Base Addr    Size         Type   Attr      Idx    E Section Name        Object

    0x2007c000   0x0000002c   Data   RW          293    .data               fs.o
    0x2007c02c   0x00000008   Data   RW          458    .data               uart.o
    0x2007c034   0x00000fb0   Data   RW          510    .data               flash.o
    0x2007cfe4   0x00000050   Data   RW          558    .data               virtualpins.o
    0x2007d034   0x00000003   Data   RW          601    .data               queue.o
    0x2007d037   0x00000001   PAD
    0x2007d038   0x00000060   Data   RW          976    .data               handlers.o
    0x2007d098   0x000000e0   Data   RW         1100    .data               regs.o
    0x2007d178   0x00000001   Data   RW         1101    .data               regs.o
    0x2007d179   0x00000003   PAD
    0x2007d17c   0x00000004   Data   RW         1102    .data               regs.o
    0x2007d180   0x00000014   Data   RW         1147    .data               keypad.o
    0x2007d194   0x00000004   Data   RW         1149    .data               keypad.o
    0x2007d198   0x00000004   Data   RW         1151    .data               keypad.o
    0x2007d19c   0x00000004   Data   RW         1153    .data               keypad.o
    0x2007d1a0   0x00000001   Data   RW         1234    .data               motor_y.o
    0x2007d1a1   0x00000001   Data   RW          868    .data__ZZ11Btn5HandlerE1f  main.o
    0x2007d1a2   0x00000001   Data   RW          858    .data__ZZ13CheckPointFrzE2f4  main.o
    0x2007d1a3   0x00000001   Data   RW          860    .data__ZZ15HTCheckPointFrzE2f6  main.o
    0x2007d1a4   0x00000001   Data   RW          850    .data__ZZ15ZZCheckPointFrzE2f5  main.o
    0x2007d1a5   0x00000001   Data   RW          866    .data__ZZ17BtnsMotorXHandlerE2fD  main.o
    0x2007d1a6   0x00000001   Data   RW          862    .data__ZZ17BtnsMotorYHandlerE2fD  main.o
    0x2007d1a7   0x00000001   Data   RW          864    .data__ZZ17BtnsMotorZHandlerE2fD  main.o
    0x2007d1a8   0x00000001   Data   RW          852    .data__ZZ19RunHorizontalDatFrzE2f2  main.o
    0x2007d1a9   0x00000001   Data   RW          854    .data__ZZ20StopHorizontalDatFrzE2f2  main.o
    0x2007d1aa   0x00000001   Data   RW          856    .data__ZZ23HorizontalCheckPointFrzE2f6  main.o
    0x2007d1ab   0x00000001   Data   RW          848    .data__ZZ9HTCorrFrzE2f2  main.o
    0x2007d1ac   0x00000140   Zero   RW          336    .bss                msg.o
    0x2007d2ec   0x000007e0   Zero   RW          507    .bss                flash.o
    0x2007dacc   0x00000cea   Zero   RW          600    .bss                queue.o
    0x2007e7b6   0x00000109   Zero   RW          637    .bss                u0packets.o
    0x2007e8bf   0x000000ff   Zero   RW          702    .bss                u1packets.o
    0x2007e9be   0x00000002   PAD
    0x2007e9c0   0x00000048   Zero   RW         1029    .bss                motors.o
    0x2007ea08   0x00002008   Zero   RW         1099    .bss                regs.o
    0x20080a10   0x00000080   Zero   RW         1174    .bss                motor_x.o
    0x20080a90   0x00000080   Zero   RW         1282    .bss                motor_z.o
    0x20080b10   0x00000800   Zero   RW            2    HEAP                startup_lpc17xx.o



  Load Region LR$$.ARM.__at_0x02FC (Base: 0x000002fc, Size: 0x00000004, Max: 0x00000004, ABSOLUTE)

    Execution Region ER$$.ARM.__at_0x02FC (Base: 0x000002fc, Size: 0x00000004, Max: 0x00000004, ABSOLUTE, UNINIT)

    Base Addr    Size         Type   Attr      Idx    E Section Name        Object

    0x000002fc   0x00000004   Code   RO            4    .ARM.__at_0x02FC    startup_lpc17xx.o


==============================================================================

Image component sizes


      Code (inc. data)   RO Data    RW Data    ZI Data      Debug   Object Name

       568          0          0          0          0       5699   bfs.o
         0          0          0          0          0       4500   core_cm3.o
      1724        166         16       4016       2016      10350   flash.o
       232         42          0         12          0       2223   freqinvr.o
      5660       1110          0         44       2616      22959   fs.o
      7208        946          0        100       3410      24347   handlers.o
       256         10          0         48          0       1895   keypad.o
       264         16          0          0          0       3421   lpc17xx_clkpwr.o
       168          6          0          0          0       4105   lpc17xx_pinsel.o
       760         18          0          0          0       8343   lpc17xx_timer.o
      1548         30          0          0          0      35485   lpc17xx_uart.o
      5260        908        379         43        286      44666   main.o
       900         62        512         25       9472      12904   modbus.o
      3130        152        102          1        128       5724   motor_x.o
      3170        140         86          1        128       4217   motor_y.o
      3076        138         86          1        128       4205   motor_z.o
      6976       1008         88        192         72      11641   motors.o
       208         16          0          8        320       2309   msg.o
        80          8          0          0          0        806   pwm.o
      1536        328          0          3       3306       4414   queue.o
      7232       2712          0        229       8200      13752   regs.o
         8          0          0          0          0        336   sbl_iap.o
        68         30        204          0       3072       1140   startup_lpc17xx.o
         0          0          0        432          0        919   staticpins.o
       376         46          0          4          0       1053   system_lpc17xx.o
        56          6          0          0        240       2855   ti.o
      1588         58          0         64          0      29165   timers.o
        80          6          0        256          0       1653   tools.o
      4876       1004          0          0        265      41895   u0packets.o
        72          8          0          0        255       1319   u1packets.o
      1736         60          0          8       2096       8877   uart.o
      1356         44          0         80        736       6915   virtualpins.o
         0          0          0        108          0        215   vpfrz.o

    ----------------------------------------------------------------------
     60176       9078       1544       5684      36756     324307   Object Totals
         0          0         64          0          0          0   (incl. Generated)
         4          0          7          9         10          0   (incl. Padding)

    ----------------------------------------------------------------------

      Code (inc. data)   RO Data    RW Data    ZI Data      Debug   Library Member Name

        44          6          0          0          0         84   __2sprintf.o
       100          0          0          0          0          0   __dclz77c.o
         8          0          0          0          0         68   __main.o
       392          4         17          0          0         92   __printf_flags_ss_wp.o
        14          0          0          0          0         68   __printf_wp.o
         0          0          0          0          0          0   __rtentry.o
        12          0          0          0          0          0   __rtentry2.o
         6          0          0          0          0          0   __rtentry4.o
        52          8          0          0          0          0   __scatter.o
        28          0          0          0          0          0   __scatter_zi.o
         6          0          0          0          0          0   _printf_a.o
         6          0          0          0          0          0   _printf_c.o
        44          0          0          0          0        108   _printf_char.o
        48          6          0          0          0         96   _printf_char_common.o
        40          0          0          0          0         68   _printf_charcount.o
         6          0          0          0          0          0   _printf_d.o
       120         16          0          0          0         92   _printf_dec.o
         6          0          0          0          0          0   _printf_e.o
         6          0          0          0          0          0   _printf_f.o
      1050          0          0          0          0        216   _printf_fp_dec.o
       128         16          0          0          0         84   _printf_fp_infnan.o
         6          0          0          0          0          0   _printf_g.o
       148          4         40          0          0        160   _printf_hex_int_ll_ptr.o
         6          0          0          0          0          0   _printf_i.o
       178          0          0          0          0         88   _printf_intcommon.o
        10          0          0          0          0          0   _printf_l.o
         6          0          0          0          0          0   _printf_lc.o
        10          0          0          0          0          0   _printf_ll.o
         6          0          0          0          0          0   _printf_lld.o
         6          0          0          0          0          0   _printf_lli.o
         6          0          0          0          0          0   _printf_llo.o
         6          0          0          0          0          0   _printf_llu.o
         6          0          0          0          0          0   _printf_llx.o
       124         16          0          0          0         92   _printf_longlong_dec.o
         6          0          0          0          0          0   _printf_ls.o
         6          0          0          0          0          0   _printf_n.o
         6          0          0          0          0          0   _printf_o.o
       112          8          0          0          0        124   _printf_oct_int_ll.o
         6          0          0          0          0          0   _printf_p.o
        78          0          0          0          0        108   _printf_pad.o
         0          0          0          0          0          0   _printf_percent.o
         4          0          0          0          0          0   _printf_percent_end.o
         6          0          0          0          0          0   _printf_s.o
        82          0          0          0          0         80   _printf_str.o
        36          0          0          0          0         84   _printf_truncate.o
         6          0          0          0          0          0   _printf_u.o
        44          0          0          0          0        108   _printf_wchar.o
       188          6          8          0          0         92   _printf_wctomb.o
         6          0          0          0          0          0   _printf_x.o
        22          0          0          0          0        100   _rserrno.o
        10          0          0          0          0         68   _sputc.o
        64          0          0          0          0         92   _wcrtomb.o
       220          4        148          0          0         96   bigflt0.o
      1910        128          0          0          0        672   btod.o
        36          4          0          0          0         76   c89vsprintf.o
        18          0          0          0          0         80   exit.o
         6          0          0          0          0        152   heapauxi.o
         0          0          0          0          0          0   indicate_semi.o
        44         10        272          0          0         76   lc_ctype_c.o
        44         10         28          0          0         76   lc_numeric_c.o
         2          0          0          0          0          0   libinit.o
        30          0          0          0          0          0   libinit2.o
         2          0          0          0          0          0   libshutdown.o
         2          0          0          0          0          0   libshutdown2.o
         8          4          0          0         96         68   libspace.o
       138          0          0          0          0         80   lludiv10.o
       238          0          0          0          0        100   lludivv7m.o
        16          4          0          0          0         76   rt_ctype_table.o
         8          4          0          0          0         68   rt_errno_addr_intlibspace.o
         8          4          0          0          0         68   rt_locale_intlibspace.o
        68          0          0          0          0         68   rt_memclr.o
        78          0          0          0          0         80   rt_memclr_w.o
       138          0          0          0          0         68   rt_memcpy_v6.o
       100          0          0          0          0         80   rt_memcpy_w.o
         2          0          0          0          0          0   rtexit.o
        10          0          0          0          0          0   rtexit2.o
       128          0          0          0          0         68   strcmpv7m.o
        72          0          0          0          0         80   strcpy.o
        62          0          0          0          0         76   strlen.o
        12          4          0          0          0         68   sys_exit.o
        74          0          0          0          0         80   sys_stackheap_outer.o
         2          0          0          0          0         68   use_no_semi.o
        98          4          0          0          0         92   d2f.o
       826         16          0          0          0        348   daddsub_clz.o
        16          4          0          0          0         68   dcheck1.o
        24          0          0          0          0         68   dcmpi.o
       688        140          0          0          0        208   ddiv.o
        94          4          0          0          0         92   dfix.o
        90          4          0          0          0         92   dfixu.o
       120          4          0          0          0        104   dfixull.o
        84          0          0          0          0        136   dflt_clz.o
       138          0          0          0          0         84   dfltll_clz.o
       120          4          0          0          0         92   dleqf.o
       340         12          0          0          0        104   dmul.o
       156          4          0          0          0         92   dnaninf.o
        12          0          0          0          0         68   dretinf.o
       108          0          0          0          0         80   drleqf.o
       460         56          0          0          0        120   dsqrt_noumaal.o
        86          4          0          0          0         84   f2d.o
       450          8          0          0          0        236   faddsub_clz.o
        24          0          0          0          0         68   fcmpi.o
       388         76          0          0          0         96   fdiv.o
       104          4          0          0          0         84   feqf.o
        54          4          0          0          0         84   ffix.o
        86          0          0          0          0        136   fflt_clz.o
       104          4          0          0          0         84   fleqf.o
       258          4          0          0          0         84   fmul.o
       140          4          0          0          0         84   fnaninf.o
        10          0          0          0          0         68   fretinf.o
        98          0          0          0          0         68   frleqf.o
         4          0          0          0          0         68   printf1.o
       100          0          0          0          0         68   retnan.o
        92          0          0          0          0         68   scalbn.o
        48          0          0          0          0         68   trapv.o
         0          0          0          0          0          0   usenofp.o
       636         62         80          0          0        188   acos.o
       220         16          0          0          0         84   ceil.o
        18          0          0          0          0        136   dunder.o
        40          0          0          0          0         68   fpclassify.o
       170          0          0          0          0         96   poly.o
        76          0          0          0          0         84   sqrt.o

    ----------------------------------------------------------------------
     13412        704        596          0         96       8548   Library Totals
        40          0          3          0          0          0   (incl. Padding)

    ----------------------------------------------------------------------

      Code (inc. data)   RO Data    RW Data    ZI Data      Debug   Library Name

      6792        266        513          0         96       4596   c_w.l
      5420        360          0          0          0       3296   fz_ws.l
      1160         78         80          0          0        656   m_ws.l

    ----------------------------------------------------------------------
     13412        704        596          0         96       8548   Library Totals

    ----------------------------------------------------------------------

==============================================================================


      Code (inc. data)   RO Data    RW Data    ZI Data      Debug   

     73588       9782       2140       5684      36852     322867   Grand Totals
     73588       9782       2140       2328      36852     322867   ELF Image Totals (compressed)
     73588       9782       2140       2328          0          0   ROM Totals

==============================================================================

    Total RO  Size (Code + RO Data)                75728 (  73.95kB)
    Total RW  Size (RW Data + ZI Data)             42536 (  41.54kB)
    Total ROM Size (Code + RO Data + RW Data)      78056 (  76.23kB)

==============================================================================

