Component: ARM Compiler 5.06 update 7 (build 960) Tool: armlink [4d3601]

==============================================================================

Section Cross References

    startup_lpc17xx.o(STACK) refers (Special) to heapauxi.o(.text) for __use_two_region_memory
    startup_lpc17xx.o(HEAP) refers (Special) to heapauxi.o(.text) for __use_two_region_memory
    startup_lpc17xx.o(RESET) refers (Special) to heapauxi.o(.text) for __use_two_region_memory
    startup_lpc17xx.o(RESET) refers to startup_lpc17xx.o(STACK) for __initial_sp
    startup_lpc17xx.o(RESET) refers to startup_lpc17xx.o(.text) for Reset_Handler
    startup_lpc17xx.o(RESET) refers to main.o(.text) for NMI_Handler
    startup_lpc17xx.o(RESET) refers to timers.o(.text) for TIMER0_IRQHandler
    startup_lpc17xx.o(RESET) refers to uart.o(.text) for UART0_IRQHandler
    startup_lpc17xx.o(.ARM.__at_0x02FC) refers (Special) to heapauxi.o(.text) for __use_two_region_memory
    startup_lpc17xx.o(.text) refers (Special) to heapauxi.o(.text) for __use_two_region_memory
    startup_lpc17xx.o(.text) refers to system_lpc17xx.o(.text) for SystemInit
    startup_lpc17xx.o(.text) refers to __main.o(!!!main) for __main
    startup_lpc17xx.o(.text) refers to startup_lpc17xx.o(HEAP) for Heap_Mem
    startup_lpc17xx.o(.text) refers to startup_lpc17xx.o(STACK) for Stack_Mem
    system_lpc17xx.o(.text) refers to system_lpc17xx.o(.data) for .data
    lpc17xx_clkpwr.o(.text) refers to system_lpc17xx.o(.data) for SystemCoreClock
    lpc17xx_uart.o(.text) refers to lpc17xx_clkpwr.o(.text) for CLKPWR_GetPCLK
    lpc17xx_uart.o(.text) refers to lludivv7m.o(.text) for __aeabi_uldivmod
    lpc17xx_timer.o(.text) refers to lpc17xx_clkpwr.o(.text) for CLKPWR_ConfigPPWR
    lpc17xx_timer.o(.text) refers to lludivv7m.o(.text) for __aeabi_uldivmod
    sbl_iap.o(.text) refers to sbl_iap.o(.emb_text) for boot_jump
    sbl_iap.o(.text) refers to sbl_iap.o(.bss) for .bss
    sbl_iap.o(.text) refers to system_lpc17xx.o(.data) for SystemCoreClock
    sbl_iap.o(.text) refers to sbl_iap.o(.constdata) for .constdata
    sbl_iap.o(.text) refers to sbl_iap.o(.data) for .data
    modbus.o(.text) refers to dflt_clz.o(x$fpl$dfltu) for __aeabi_ui2d
    modbus.o(.text) refers to ddiv.o(x$fpl$ddiv) for __aeabi_ddiv
    modbus.o(.text) refers to dfixu.o(x$fpl$dfixu) for __aeabi_d2uiz
    modbus.o(.text) refers to rt_memcpy_v6.o(.text) for __aeabi_memcpy
    modbus.o(.text) refers to rt_memclr.o(.text) for __aeabi_memclr
    modbus.o(.text) refers to msg.o(.text) for Msg
    modbus.o(.text) refers to queue.o(.text) for quAddPack
    modbus.o(.text) refers to uart.o(.text) for UART1_SendBuffer
    modbus.o(.text) refers to modbus.o(.data) for .data
    modbus.o(.text) refers to modbus.o(.constdata) for .constdata
    modbus.o(.text) refers to ti.o(.bss) for time
    modbus.o(.text) refers to modbus.o(.bss) for .bss
    modbus.o(.text) refers to regs.o(.data) for pErrCSU1
    modbus.o(.text) refers to nextion.o(.data) for neEOLN
    fs.o(.text) refers to flash.o(.text) for FLASH_GetBankID
    fs.o(.text) refers to strlen.o(.text) for strlen
    fs.o(.text) refers to tools.o(.text) for CRC8
    fs.o(.text) refers to strcmpv7m.o(.text) for strcmp
    fs.o(.text) refers to fs.o(.data) for .data
    fs.o(.text) refers to fs.o(.bss) for .bss
    fs.o(.text) refers to strcpy.o(.text) for strcpy
    fs.o(.text) refers to rt_memcpy_v6.o(.text) for __aeabi_memcpy
    fs.o(.text) refers to msg.o(.text) for Msg
    msg.o(.text) refers to _printf_pad.o(.text) for _printf_pre_padding
    msg.o(.text) refers to _printf_percent.o(.ARM.Collect$$_printf_percent$$00000000) for _printf_percent
    msg.o(.text) refers to _printf_x.o(.ARM.Collect$$_printf_percent$$0000000C) for _printf_x
    msg.o(.text) refers to _printf_hex_int_ll_ptr.o(.text) for _printf_longlong_hex
    msg.o(.text) refers to rt_memclr.o(.text) for __aeabi_memclr
    msg.o(.text) refers to c89vsprintf.o(.text) for __c89vsprintf
    msg.o(.text) refers to strlen.o(.text) for strlen
    msg.o(.text) refers to rt_memcpy_v6.o(.text) for __aeabi_memcpy
    msg.o(.text) refers to __2sprintf.o(.text) for __2sprintf
    msg.o(.text) refers to modbus.o(.text) for mbByteToPack
    msg.o(.text) refers to msg.o(.bss) for .bss
    msg.o(.text) refers to msg.o(.data) for .data
    bfs.o(.text) refers to fs.o(.text) for FS_ReadByte
    ti.o(.text) refers to ti.o(.bss) for .bss
    timers.o(.text) refers to lpc17xx_timer.o(.text) for TIM_Init
    timers.o(.text) refers to ti.o(.text) for TI_Handler
    timers.o(.text) refers to timers.o(.data) for .data
    uart.o(.text) refers to lpc17xx_uart.o(.text) for UART0_Send
    uart.o(.text) refers to lpc17xx_pinsel.o(.text) for PINSEL_ConfigPin
    uart.o(.text) refers to uart.o(.bss) for .bss
    uart.o(.text) refers to uart.o(.data) for .data
    uart.o(.text) refers to ti.o(.bss) for ti
    tools.o(.text) refers to fmul.o(x$fpl$fmul) for __aeabi_fmul
[...]
    _printf_truncate_signed                  0x0000e259   Thumb Code    18  _printf_truncate.o(.text)
    _printf_truncate_unsigned                0x0000e26b   Thumb Code    18  _printf_truncate.o(.text)
    _printf_str                              0x0000e27d   Thumb Code    82  _printf_str.o(.text)
    _printf_int_common                       0x0000e2cf   Thumb Code   178  _printf_intcommon.o(.text)
    _printf_charcount                        0x0000e381   Thumb Code    40  _printf_charcount.o(.text)
    __lib_sel_fp_printf                      0x0000e3a9   Thumb Code     2  _printf_fp_dec.o(.text)
    _printf_fp_dec_real                      0x0000e55b   Thumb Code   620  _printf_fp_dec.o(.text)
    _printf_char_common                      0x0000e7d3   Thumb Code    32  _printf_char_common.o(.text)
    _sputc                                   0x0000e7f9   Thumb Code    10  _sputc.o(.text)
    _printf_wctomb                           0x0000e805   Thumb Code   182  _printf_wctomb.o(.text)
    _printf_longlong_dec                     0x0000e8c1   Thumb Code   108  _printf_longlong_dec.o(.text)
    _printf_longlong_oct                     0x0000e93d   Thumb Code    66  _printf_oct_int_ll.o(.text)
    _printf_int_oct                          0x0000e97f   Thumb Code    24  _printf_oct_int_ll.o(.text)
    _printf_ll_oct                           0x0000e997   Thumb Code    12  _printf_oct_int_ll.o(.text)
    __rt_locale                              0x0000e9ad   Thumb Code     8  rt_locale_intlibspace.o(.text)
    __aeabi_errno_addr                       0x0000e9b5   Thumb Code     8  rt_errno_addr_intlibspace.o(.text)
    __errno$intlibspace                      0x0000e9b5   Thumb Code     0  rt_errno_addr_intlibspace.o(.text)
    __rt_errno_addr$intlibspace              0x0000e9b5   Thumb Code     0  rt_errno_addr_intlibspace.o(.text)
    _ll_udiv10                               0x0000e9bd   Thumb Code   138  lludiv10.o(.text)
    _printf_fp_infnan                        0x0000ea49   Thumb Code   112  _printf_fp_infnan.o(.text)
    _printf_cs_common                        0x0000eac9   Thumb Code    20  _printf_char.o(.text)
    _printf_char                             0x0000eadd   Thumb Code    16  _printf_char.o(.text)
    _printf_string                           0x0000eaed   Thumb Code     8  _printf_char.o(.text)
    _printf_lcs_common                       0x0000eaf5   Thumb Code    20  _printf_wchar.o(.text)
    _printf_wchar                            0x0000eb09   Thumb Code    16  _printf_wchar.o(.text)
    _printf_wstring                          0x0000eb19   Thumb Code     8  _printf_wchar.o(.text)
    _btod_etento                             0x0000eb21   Thumb Code   224  bigflt0.o(.text)
    _wcrtomb                                 0x0000ec05   Thumb Code    64  _wcrtomb.o(.text)
    __user_libspace                          0x0000ec45   Thumb Code     8  libspace.o(.text)
    __user_perproc_libspace                  0x0000ec45   Thumb Code     0  libspace.o(.text)
    __user_perthread_libspace                0x0000ec45   Thumb Code     0  libspace.o(.text)
    __user_setup_stackheap                   0x0000ec4d   Thumb Code    74  sys_stackheap_outer.o(.text)
    __rt_ctype_table                         0x0000ec99   Thumb Code    16  rt_ctype_table.o(.text)
    exit                                     0x0000eca9   Thumb Code    18  exit.o(.text)
    _sys_exit                                0x0000ecbd   Thumb Code     8  sys_exit.o(.text)
    __I$use$semihosting                      0x0000ecc9   Thumb Code     0  use_no_semi.o(.text)
    __use_no_semihosting_swi                 0x0000ecc9   Thumb Code     2  use_no_semi.o(.text)
    __semihosting_library_function           0x0000eccb   Thumb Code     0  indicate_semi.o(.text)
    _btod_d2e                                0x0000eccb   Thumb Code    62  btod.o(CL$$btod_d2e)
    _d2e_denorm_low                          0x0000ed09   Thumb Code    70  btod.o(CL$$btod_d2e_denorm_low)
    _d2e_norm_op1                            0x0000ed4f   Thumb Code    96  btod.o(CL$$btod_d2e_norm_op1)
    __btod_div_common                        0x0000edaf   Thumb Code   696  btod.o(CL$$btod_div_common)
    _e2e                                     0x0000f0e7   Thumb Code   220  btod.o(CL$$btod_e2e)
    _btod_ediv                               0x0000f1c3   Thumb Code    42  btod.o(CL$$btod_ediv)
    _btod_emul                               0x0000f1ed   Thumb Code    42  btod.o(CL$$btod_emul)
    __btod_mult_common                       0x0000f217   Thumb Code   580  btod.o(CL$$btod_mult_common)
    BtnsMotorXHandler                        0x0000f45d   Thumb Code   226  main.o(i.BtnsMotorXHandler)
    BtnsMotorYHandler                        0x0000f559   Thumb Code   226  main.o(i.BtnsMotorYHandler)
    BtnsMotorZHandler                        0x0000f655   Thumb Code   226  main.o(i.BtnsMotorZHandler)
    ButtonsToRegs                            0x0000f751   Thumb Code   136  main.o(i.ButtonsToRegs)
    CheckPointFrz                            0x0000f7f9   Thumb Code   106  main.o(i.CheckPointFrz)
    FormQueue                                0x0000f87d   Thumb Code    84  main.o(i.FormQueue)
    HTCheckPointFrz                          0x0000f8e5   Thumb Code   110  main.o(i.HTCheckPointFrz)
    HorizontalCheckPointFrz                  0x0000f96d   Thumb Code   226  main.o(i.HorizontalCheckPointFrz)
    HorizontalDat                            0x0000fa85   Thumb Code   264  main.o(i.HorizontalDat)
    InitFrzTimers                            0x0000fbd1   Thumb Code   142  main.o(i.InitFrzTimers)
    InitPlatform                             0x0000fc89   Thumb Code   126  main.o(i.InitPlatform)
    MoveBtnX                                 0x0000fd19   Thumb Code  1194  motor_x.o(i.MoveBtnX)
    MoveBtnY                                 0x000101c5   Thumb Code  1208  motor_y.o(i.MoveBtnY)
    MoveBtnZ                                 0x0001067d   Thumb Code  1368  motor_z.o(i.MoveBtnZ)
    MoveByRegs                               0x00010bd9   Thumb Code   334  main.o(i.MoveByRegs)
    MovePosX                                 0x00010d45   Thumb Code  1084  motor_x.o(i.MovePosX)
    MovePosY                                 0x00011181   Thumb Code  1094  motor_y.o(i.MovePosY)
    MovePosZ                                 0x000115c9   Thumb Code   876  motor_z.o(i.MovePosZ)
    PositX                                   0x0001195d   Thumb Code   588  motor_x.o(i.PositX)
    PositY                                   0x00011bdd   Thumb Code   592  motor_y.o(i.PositY)
    PositZ                                   0x00011e5d   Thumb Code   532  motor_z.o(i.PositZ)
    RecoverBlock                             0x0001209d   Thumb Code   530  main.o(i.RecoverBlock)
    RunHorizontalDatFrz                      0x00012301   Thumb Code   158  main.o(i.RunHorizontalDatFrz)
    RunPrgFrz                                0x000123c1   Thumb Code   224  main.o(i.RunPrgFrz)
    StopPrg                                  0x000124d1   Thumb Code   186  main.o(i.StopPrg)
    ZZCheckPointFrz                          0x000125ad   Thumb Code   110  main.o(i.ZZCheckPointFrz)
    ZZeroDat                                 0x00012635   Thumb Code    86  main.o(i.ZZeroDat)
    __ARM_fpclassify                         0x000126a9   Thumb Code    40  fpclassify.o(i.__ARM_fpclassify)
    __kernel_poly                            0x000126d1   Thumb Code   170  poly.o(i.__kernel_poly)
    __mathlib_dbl_infnan                     0x0001277b   Thumb Code     6  dunder.o(i.__mathlib_dbl_infnan)
    __mathlib_dbl_invalid                    0x00012781   Thumb Code    12  dunder.o(i.__mathlib_dbl_invalid)
    _is_digit                                0x0001278d   Thumb Code    14  __printf_wp.o(i._is_digit)
    acos                                     0x0001279d   Thumb Code   574  acos.o(i.acos)
    ceil                                     0x00012a19   Thumb Code   204  ceil.o(i.ceil)
    sqrt                                     0x00012af5   Thumb Code    76  sqrt.o(i.sqrt)
    _get_lc_numeric                          0x00012b41   Thumb Code    44  lc_numeric_c.o(locale$$code)
    _get_lc_ctype                            0x00012b6d   Thumb Code    44  lc_ctype_c.o(locale$$code)
    __aeabi_d2f                              0x00012b99   Thumb Code     0  d2f.o(x$fpl$d2f)
    _d2f                                     0x00012b99   Thumb Code    98  d2f.o(x$fpl$d2f)
    __aeabi_dadd                             0x00012bfd   Thumb Code     0  daddsub_clz.o(x$fpl$dadd)
    _dadd                                    0x00012bfd   Thumb Code   332  daddsub_clz.o(x$fpl$dadd)
    __fpl_dcheck_NaN1                        0x00012d4d   Thumb Code    10  dcheck1.o(x$fpl$dcheck1)
    __fpl_dcmp_Inf                           0x00012d5d   Thumb Code    24  dcmpi.o(x$fpl$dcmpinf)
    __aeabi_ddiv                             0x00012d75   Thumb Code     0  ddiv.o(x$fpl$ddiv)
    _ddiv                                    0x00012d75   Thumb Code   552  ddiv.o(x$fpl$ddiv)
    __aeabi_d2iz                             0x00013025   Thumb Code     0  dfix.o(x$fpl$dfix)
    _dfix                                    0x00013025   Thumb Code    94  dfix.o(x$fpl$dfix)
    __aeabi_d2uiz                            0x00013085   Thumb Code     0  dfixu.o(x$fpl$dfixu)
    _dfixu                                   0x00013085   Thumb Code    90  dfixu.o(x$fpl$dfixu)
    __aeabi_i2d                              0x000130df   Thumb Code     0  dflt_clz.o(x$fpl$dflt)
    _dflt                                    0x000130df   Thumb Code    46  dflt_clz.o(x$fpl$dflt)
    __aeabi_ui2d                             0x0001310d   Thumb Code     0  dflt_clz.o(x$fpl$dfltu)
    _dfltu                                   0x0001310d   Thumb Code    38  dflt_clz.o(x$fpl$dfltu)
    __aeabi_ul2d                             0x00013135   Thumb Code     0  dfltll_clz.o(x$fpl$dfltull)
    _ll_uto_d                                0x00013135   Thumb Code   138  dfltll_clz.o(x$fpl$dfltull)
    __aeabi_cdcmple                          0x000131c1   Thumb Code     0  dleqf.o(x$fpl$dleqf)
    _dcmple                                  0x000131c1   Thumb Code   120  dleqf.o(x$fpl$dleqf)
    __fpl_dcmple_InfNaN                      0x00013223   Thumb Code     0  dleqf.o(x$fpl$dleqf)
    __aeabi_dmul                             0x00013239   Thumb Code     0  dmul.o(x$fpl$dmul)
    _dmul                                    0x00013239   Thumb Code   332  dmul.o(x$fpl$dmul)
    __fpl_dnaninf                            0x0001338d   Thumb Code   156  dnaninf.o(x$fpl$dnaninf)
    __fpl_dretinf                            0x00013429   Thumb Code    12  dretinf.o(x$fpl$dretinf)
    __aeabi_cdrcmple                         0x00013435   Thumb Code     0  drleqf.o(x$fpl$drleqf)
    _drcmple                                 0x00013435   Thumb Code   108  drleqf.o(x$fpl$drleqf)
    __aeabi_drsub                            0x000134a1   Thumb Code     0  daddsub_clz.o(x$fpl$drsb)
    _drsb                                    0x000134a1   Thumb Code    22  daddsub_clz.o(x$fpl$drsb)
    _dsqrt                                   0x000134b9   Thumb Code   456  dsqrt_noumaal.o(x$fpl$dsqrt)
    __aeabi_dsub                             0x00013685   Thumb Code     0  daddsub_clz.o(x$fpl$dsub)
    _dsub                                    0x00013685   Thumb Code   464  daddsub_clz.o(x$fpl$dsub)
    __aeabi_f2d                              0x00013859   Thumb Code     0  f2d.o(x$fpl$f2d)
    _f2d                                     0x00013859   Thumb Code    86  f2d.o(x$fpl$f2d)
    __aeabi_fadd                             0x000138b1   Thumb Code     0  faddsub_clz.o(x$fpl$fadd)
    _fadd                                    0x000138b1   Thumb Code   196  faddsub_clz.o(x$fpl$fadd)
    __fpl_fcmp_Inf                           0x00013975   Thumb Code    24  fcmpi.o(x$fpl$fcmpinf)
    __aeabi_fdiv                             0x0001398d   Thumb Code     0  fdiv.o(x$fpl$fdiv)
    _fdiv                                    0x0001398d   Thumb Code   384  fdiv.o(x$fpl$fdiv)
    __aeabi_cfcmpeq                          0x00013b11   Thumb Code     0  feqf.o(x$fpl$feqf)
    _fcmpeq                                  0x00013b11   Thumb Code   104  feqf.o(x$fpl$feqf)
    __aeabi_f2iz                             0x00013b79   Thumb Code     0  ffix.o(x$fpl$ffix)
    _ffix                                    0x00013b79   Thumb Code    54  ffix.o(x$fpl$ffix)
    __aeabi_i2f                              0x00013bb1   Thumb Code     0  fflt_clz.o(x$fpl$fflt)
    _fflt                                    0x00013bb1   Thumb Code    48  fflt_clz.o(x$fpl$fflt)
    __aeabi_ui2f                             0x00013be1   Thumb Code     0  fflt_clz.o(x$fpl$ffltu)
    _ffltu                                   0x00013be1   Thumb Code    38  fflt_clz.o(x$fpl$ffltu)
    __aeabi_cfcmple                          0x00013c09   Thumb Code     0  fleqf.o(x$fpl$fleqf)
    _fcmple                                  0x00013c09   Thumb Code   104  fleqf.o(x$fpl$fleqf)
    __fpl_fcmple_InfNaN                      0x00013c5b   Thumb Code     0  fleqf.o(x$fpl$fleqf)
    __aeabi_fmul                             0x00013c71   Thumb Code     0  fmul.o(x$fpl$fmul)
    _fmul                                    0x00013c71   Thumb Code   258  fmul.o(x$fpl$fmul)
    __fpl_fnaninf                            0x00013d73   Thumb Code   140  fnaninf.o(x$fpl$fnaninf)
    __fpl_fretinf                            0x00013dff   Thumb Code    10  fretinf.o(x$fpl$fretinf)
    __aeabi_cfrcmple                         0x00013e09   Thumb Code     0  frleqf.o(x$fpl$frleqf)
    _frcmple                                 0x00013e09   Thumb Code    98  frleqf.o(x$fpl$frleqf)
    __aeabi_frsub                            0x00013e6b   Thumb Code     0  faddsub_clz.o(x$fpl$frsb)
    _frsb                                    0x00013e6b   Thumb Code    20  faddsub_clz.o(x$fpl$frsb)
    __aeabi_fsub                             0x00013e81   Thumb Code     0  faddsub_clz.o(x$fpl$fsub)
    _fsub                                    0x00013e81   Thumb Code   234  faddsub_clz.o(x$fpl$fsub)
    __aeabi_d2ulz                            0x00013f6d   Thumb Code     0  dfixull.o(x$fpl$llufromd)
    _ll_ufrom_d                              0x00013f6d   Thumb Code   120  dfixull.o(x$fpl$llufromd)
    _printf_fp_dec                           0x00013fe5   Thumb Code     4  printf1.o(x$fpl$printf1)
    __fpl_return_NaN                         0x00013fe9   Thumb Code   100  retnan.o(x$fpl$retnan)
    __ARM_scalbn                             0x0001404d   Thumb Code    92  scalbn.o(x$fpl$scalbn)
    __fpl_cmpreturn                          0x000140a9   Thumb Code    48  trapv.o(x$fpl$trapveneer)
    __I$use$fp                               0x000140d8   Number         0  usenofp.o(x$fpl$usenofp)
    Region$$Table$$Base                      0x00014700   Number         0  anon$$obj.o(Region$$Table)
    Region$$Table$$Limit                     0x00014740   Number         0  anon$$obj.o(Region$$Table)
    __ctype                                  0x00014769   Data           0  lc_ctype_c.o(locale$$data)
    SystemCoreClock                          0x10000000   Data           4  system_lpc17xx.o(.data)
    mbRDataLen0                              0x10000004   Data           2  modbus.o(.data)
    mbRDataLen1                              0x10000006   Data           2  modbus.o(.data)
    mbSDataLen0                              0x10000008   Data           2  modbus.o(.data)
    mbSDataLen1                              0x1000000a   Data           2  modbus.o(.data)
    mbSFDLen0                                0x1000000c   Data           2  modbus.o(.data)
    mbSFDLen1                                0x1000000e   Data           2  modbus.o(.data)
    mbDelay0                                 0x10000010   Data           2  modbus.o(.data)
    mbDelay1                                 0x10000012   Data           2  modbus.o(.data)
    pPackHandler0                            0x10000014   Data           4  modbus.o(.data)
    pPackHandler1                            0x10000018   Data           4  modbus.o(.data)
    MsgLen                                   0x1000001c   Data           2  msg.o(.data)
    vArgs                                    0x10000020   Data           4  msg.o(.data)
    T0MR0                                    0x10000024   Data           4  timers.o(.data)
    T0MR1                                    0x10000028   Data           4  timers.o(.data)
    T0MR2                                    0x1000002c   Data           4  timers.o(.data)
    T0MR3                                    0x10000030   Data           4  timers.o(.data)
    T1MR0                                    0x10000034   Data           4  timers.o(.data)
    T1MR1                                    0x10000038   Data           4  timers.o(.data)
    T1MR2                                    0x1000003c   Data           4  timers.o(.data)
    T1MR3                                    0x10000040   Data           4  timers.o(.data)
    T2MR0                                    0x10000044   Data           4  timers.o(.data)
    T2MR1                                    0x10000048   Data           4  timers.o(.data)
    T2MR2                                    0x1000004c   Data           4  timers.o(.data)
    T2MR3                                    0x10000050   Data           4  timers.o(.data)
    T3MR0                                    0x10000054   Data           4  timers.o(.data)
    T3MR1                                    0x10000058   Data           4  timers.o(.data)
    T3MR2                                    0x1000005c   Data           4  timers.o(.data)
    T3MR3                                    0x10000060   Data           4  timers.o(.data)
    Table_CRC8                               0x10000064   Data         256  tools.o(.data)
    aPin                                     0x10000164   Data         432  staticpins.o(.data)
    len                                      0x10000314   Data           1  nextion.o(.data)
    neEOLN                                   0x10000315   Data           3  nextion.o(.data)
    EAddr                                    0x10000318   Data           1  queue.o(.data)
    ECmd                                     0x10000319   Data           1  queue.o(.data)
    ECode                                    0x1000031a   Data           1  queue.o(.data)
    Index1                                   0x1000031c   Data           1  main.o(.data)
    Index2                                   0x1000031d   Data           1  main.o(.data)
    Save_sGo                                 0x1000031e   Data           1  main.o(.data)
    fb                                       0x10000320   Data           4  main.o(.data)
    pb                                       0x10000324   Data           4  main.o(.data)
    Save_Feed                                0x10000328   Data           4  main.o(.data)
    Save_Speed                               0x1000032c   Data           4  main.o(.data)
    fStartMoveZLowSpeed                      0x10000330   Data           1  motors.o(.data)
    SendPointCount                           0x10000331   Data           1  motors.o(.data)
    ClrF                                     0x10000332   Data           1  motors.o(.data)
    f                                        0x10000333   Data           1  motors.o(.data)
    stepX                                    0x10000334   Data           1  motors.o(.data)
    stepY                                    0x10000335   Data           1  motors.o(.data)
    stepZ                                    0x10000336   Data           1  motors.o(.data)
    Index                                    0x10000338   Data           4  motors.o(.data)
    pX1                                      0x1000033c   Data           4  motors.o(.data)
    pY1                                      0x10000340   Data           4  motors.o(.data)
    pZ1                                      0x10000344   Data           4  motors.o(.data)
    pX2                                      0x10000348   Data           4  motors.o(.data)
    pY2                                      0x1000034c   Data           4  motors.o(.data)
    pZ2                                      0x10000350   Data           4  motors.o(.data)
    pX3                                      0x10000354   Data           4  motors.o(.data)
    pY3                                      0x10000358   Data           4  motors.o(.data)
    pZ3                                      0x1000035c   Data           4  motors.o(.data)
    pfZcomp                                  0x10000360   Data           4  motors.o(.data)
    pA                                       0x10000364   Data           4  motors.o(.data)
    pB                                       0x10000368   Data           4  motors.o(.data)
    pC                                       0x1000036c   Data           4  motors.o(.data)
    pD                                       0x10000370   Data           4  motors.o(.data)
    dz                                       0x10000374   Data           4  motors.o(.data)
    SaveZPos                                 0x10000378   Data           4  motors.o(.data)
    SaveXPos                                 0x1000037c   Data           4  motors.o(.data)
    SaveYPos                                 0x10000380   Data           4  motors.o(.data)
    px                                       0x10000384   Data           4  motors.o(.data)
    py                                       0x10000388   Data           4  motors.o(.data)
    pz                                       0x1000038c   Data           4  motors.o(.data)
    pHdat                                    0x10000390   Data           4  motors.o(.data)
    Vct                                      0x10000394   Data           4  motors.o(.data)
    con                                      0x10000398   Data           4  motors.o(.data)
    Vin                                      0x1000039c   Data           4  motors.o(.data)
    itc                                      0x100003a0   Data           4  motors.o(.data)
    cm                                       0x100003a4   Data           4  motors.o(.data)
    cc                                       0x100003a8   Data           4  motors.o(.data)
    cd                                       0x100003ac   Data           4  motors.o(.data)
    Tacc                                     0x100003b0   Data           4  motors.o(.data)
    Tdec                                     0x100003b4   Data           4  motors.o(.data)
    Sti                                      0x100003b8   Data           4  motors.o(.data)
    save_mc_Z_FrReq                          0x100003c0   Data           8  motors.o(.data)
    save_mc_Z_FrMax                          0x100003c8   Data           8  motors.o(.data)
    save_mc_X_FrReq                          0x100003d0   Data           8  motors.o(.data)
    save_mc_X_FrMax                          0x100003d8   Data           8  motors.o(.data)
    save_mc_Y_FrReq                          0x100003e0   Data           8  motors.o(.data)
    save_mc_Y_FrMax                          0x100003e8   Data           8  motors.o(.data)
    TROS_DIR                                 0x100003f0   Data           1  freqinvr.o(.data)
    pFIPWM                                   0x100003f4   Data           4  freqinvr.o(.data)
    pFIPWMFreq                               0x100003f8   Data           4  freqinvr.o(.data)
    CurVarIndex                              0x100003fc   Data           4  regs.o(.data)
    vPinsdef                                 0x10000400   Data         108  vpfrz.o(.data)
    pZmove                                   0x1000046c   Data           4  keypad.o(.data)
    pUnusedmove                              0x10000470   Data           4  keypad.o(.data)
    pAxisSwitch                              0x10000474   Data           4  keypad.o(.data)
    ClrSX                                    0x10000478   Data           1  motor_x.o(.data)
    ClrSZ                                    0x10000479   Data           1  motor_z.o(.data)
    ZZeroDatFrz::f2                          0x1000047a   Data           1  main.o(.data__ZZ11ZZeroDatFrzE2f2)
    CheckPointFrz::f3                        0x1000047b   Data           1  main.o(.data__ZZ13CheckPointFrzE2f3)
    CrushWaterFrz::f                         0x1000047c   Data           1  main.o(.data__ZZ13CrushWaterFrzE1f)
    HTCheckPointFrz::f5                      0x1000047d   Data           1  main.o(.data__ZZ15HTCheckPointFrzE2f5)
    ZZCheckPointFrz::f6                      0x1000047e   Data           1  main.o(.data__ZZ15ZZCheckPointFrzE2f6)
    BtnsMotorXHandler::fB                    0x1000047f   Data           1  main.o(.data__ZZ17BtnsMotorXHandlerE2fB)
    BtnsMotorYHandler::fB                    0x10000480   Data           1  main.o(.data__ZZ17BtnsMotorYHandlerE2fB)
    BtnsMotorZHandler::fB                    0x10000481   Data           1  main.o(.data__ZZ17BtnsMotorZHandlerE2fB)
    BtnAxisSwitchHandler::f                  0x10000482   Data           1  main.o(.data__ZZ20BtnAxisSwitchHandlerE1f)
    StartHorizontalDatFrz::f2                0x10000483   Data           1  main.o(.data__ZZ21StartHorizontalDatFrzE2f2)
    HorizontalCheckPointFrz::f5              0x10000484   Data           1  main.o(.data__ZZ23HorizontalCheckPointFrzE2f5)
    ByPassFrz::f1                            0x10000485   Data           1  main.o(.data__ZZ9ByPassFrzE2f1)
    mbRBuffer0                               0x10000488   Data        8192  modbus.o(.bss)
    mbRBuffer1                               0x10002488   Data         256  modbus.o(.bss)
    mbSBuffer0                               0x10002588   Data         256  modbus.o(.bss)
    mbSBuffer1                               0x10002688   Data         256  modbus.o(.bss)
    mbSFBuf0                                 0x10002788   Data         256  modbus.o(.bss)
    mbSFBuf1                                 0x10002888   Data         256  modbus.o(.bss)
    pFCSArray                                0x10002988   Data          32  fs.o(.bss)
    FCSArray                                 0x100029a8   Data        2584  fs.o(.bss)
    ti                                       0x100033c0   Data         120  ti.o(.bss)
    time                                     0x10003438   Data         120  ti.o(.bss)
    rb0                                      0x100034b0   Data        1048  uart.o(.bss)
    rb1                                      0x100038c8   Data        1048  uart.o(.bss)
    aVQPIN                                   0x10003ce0   Data         720  virtualpins.o(.bss)
    pe                                       0x10003fb0   Data          16  virtualpins.o(.bss)
    sb                                       0x10003fc0   Data         236  main.o(.bss)
    si                                       0x100040ac   Data          50  main.o(.bss)
    qb                                       0x100040e0   Data        2364  handlers.o(.bss)
    st                                       0x10004a1c   Data          50  handlers.o(.bss)
    ctb                                      0x10004a50   Data         236  handlers.o(.bss)
    rbs                                      0x10004b3c   Data         236  handlers.o(.bss)
    rbc                                      0x10004c28   Data         236  handlers.o(.bss)
    tb                                       0x10004d14   Data         236  handlers.o(.bss)
    s                                        0x10004e00   Data          50  handlers.o(.bss)
    tcs_MotorY                               0x10004e38   Data          28  motor_y.o(.bss)
    mc_Y                                     0x10004e54   Data          40  motor_y.o(.bss)
    ms_Y                                     0x10004e80   Data          56  motor_y.o(.bss)
    __libspace_start                         0x10004eb8   Data          96  libspace.o(.bss)
    __temporary_stack_top$libspace           0x10004f18   Data           0  libspace.o(.bss)
    WaitFlag                                 0x2007c000   Data           1  modbus.o(.data)
    FLASH_BANKS_NUM                          0x2007c004   Data           1  fs.o(.data)
    FS_IS_INITED                             0x2007c005   Data           1  fs.o(.data)
    FS_STATE                                 0x2007c006   Data           1  fs.o(.data)
    SECTORS_NUMBER                           0x2007c008   Data           2  fs.o(.data)
    CLUSTERS_PER_SECTOR                      0x2007c00a   Data           2  fs.o(.data)
    CLUSTERS_NUMBER                          0x2007c00c   Data           2  fs.o(.data)
    ClusterMAX                               0x2007c00e   Data           2  fs.o(.data)
    CLUSTER_SIZE                             0x2007c010   Data           2  fs.o(.data)
    CATRecordsNumber                         0x2007c012   Data           2  fs.o(.data)
    CATRecordMAX                             0x2007c014   Data           2  fs.o(.data)
    SECTOR_SIZE                              0x2007c018   Data           4  fs.o(.data)
    CAT_Size                                 0x2007c01c   Data           4  fs.o(.data)
    FNTRecordsNumber                         0x2007c020   Data           4  fs.o(.data)
    FNTRecordMAX                             0x2007c024   Data           4  fs.o(.data)
    CAT_BASE_ADDRESS                         0x2007c028   Data           4  fs.o(.data)
    CLUSTERS_BASE_ADDRESS                    0x2007c02c   Data           4  fs.o(.data)
    TxIntStat0                               0x2007c030   Data           1  uart.o(.data)
    TxIntStat1                               0x2007c031   Data           1  uart.o(.data)
    Delay                                    0x2007c034   Data           4  uart.o(.data)
    FLASH_BankSize                           0x2007c03c   Data           4  flash.o(.data)
    FLASH_TotalSize                          0x2007c040   Data           4  flash.o(.data)
    str1                                     0x2007c048   Data        2000  flash.o(.data)
    str2                                     0x2007c818   Data        2000  flash.o(.data)
    pErrHandler                              0x2007cfe8   Data           4  virtualpins.o(.data)
    pvPins                                   0x2007cfec   Data           4  virtualpins.o(.data)
    adrb                                     0x2007cff0   Data          72  virtualpins.o(.data)
    Busy                                     0x2007d038   Data           1  handlers.o(.data)
    sG0                                      0x2007d039   Data           1  handlers.o(.data)
    EndTranslate                             0x2007d03a   Data           1  handlers.o(.data)
    SPS                                      0x2007d03b   Data           1  handlers.o(.data)
    eb                                       0x2007d03c   Data           4  handlers.o(.data)
    X                                        0x2007d040   Data           4  handlers.o(.data)
    Y                                        0x2007d044   Data           4  handlers.o(.data)
    Z                                        0x2007d048   Data           4  handlers.o(.data)
    pPrgFileName                             0x2007d04c   Data           4  handlers.o(.data)
    pPrgFileHandle                           0x2007d050   Data           4  handlers.o(.data)
    pPrgLineCount                            0x2007d054   Data           4  handlers.o(.data)
    pPrgRun                                  0x2007d058   Data           4  handlers.o(.data)
    pRCS                                     0x2007d05c   Data           4  handlers.o(.data)
    pCurCadr                                 0x2007d060   Data           4  handlers.o(.data)
    pNumReadLine                             0x2007d064   Data           4  handlers.o(.data)
    pBlock                                   0x2007d068   Data           4  handlers.o(.data)
    save_ts_pos                              0x2007d06c   Data           4  handlers.o(.data)
    pTrAngle                                 0x2007d070   Data           4  handlers.o(.data)
    Sr                                       0x2007d074   Data           4  handlers.o(.data)
    Sri                                      0x2007d078   Data           4  handlers.o(.data)
    pRunSpPause                              0x2007d07c   Data           4  handlers.o(.data)
    ppb                                      0x2007d080   Data           4  handlers.o(.data)
    nb                                       0x2007d084   Data           4  handlers.o(.data)
    ts                                       0x2007d088   Data           8  handlers.o(.data)
    rs                                       0x2007d090   Data           8  handlers.o(.data)
    pWF_CRC                                  0x2007d098   Data           4  handlers.o(.data)
    VChange                                  0x2007d09c   Data           1  regs.o(.data)
    KP_NA_Count                              0x2007d09d   Data           1  regs.o(.data)
    fStopPrg                                 0x2007d09e   Data           1  regs.o(.data)
    fStartPrg                                0x2007d09f   Data           1  regs.o(.data)
    fSaveRegs                                0x2007d0a0   Data           1  regs.o(.data)
    iva                                      0x2007d0a2   Data           2  regs.o(.data)
    pByPass                                  0x2007d0a8   Data           4  regs.o(.data)
    pCrushWater                              0x2007d0ac   Data           4  regs.o(.data)
    pQURepCount                              0x2007d0b0   Data           4  regs.o(.data)
    pQUTimeout                               0x2007d0b4   Data           4  regs.o(.data)
    pACmdDump                                0x2007d0b8   Data           4  regs.o(.data)
    pAMsg                                    0x2007d0bc   Data           4  regs.o(.data)
    pAAnswDump                               0x2007d0c0   Data           4  regs.o(.data)
    pAECmdDump                               0x2007d0c4   Data           4  regs.o(.data)
    pAEMsg                                   0x2007d0c8   Data           4  regs.o(.data)
    pAEAnswDump                              0x2007d0cc   Data           4  regs.o(.data)
    pANCmdDump                               0x2007d0d0   Data           4  regs.o(.data)
    pANMsg                                   0x2007d0d4   Data           4  regs.o(.data)
    pErrCSU1                                 0x2007d0d8   Data           4  regs.o(.data)
    pDropCmd                                 0x2007d0dc   Data           4  regs.o(.data)
    pX_PG_MM                                 0x2007d0e0   Data           4  regs.o(.data)
    pX_SPR                                   0x2007d0e4   Data           4  regs.o(.data)
    pX_MIN                                   0x2007d0e8   Data           4  regs.o(.data)
    pX_MAX                                   0x2007d0ec   Data           4  regs.o(.data)
    vX_MIN_POS                               0x2007d0f0   Data           4  regs.o(.data)
    vX_MAX_POS                               0x2007d0f4   Data           4  regs.o(.data)
    pY_PG_MM                                 0x2007d0f8   Data           4  regs.o(.data)
    pY_SPR                                   0x2007d0fc   Data           4  regs.o(.data)
    pY_MIN                                   0x2007d100   Data           4  regs.o(.data)
    pY_MAX                                   0x2007d104   Data           4  regs.o(.data)
    vY_MIN_POS                               0x2007d108   Data           4  regs.o(.data)
    vY_MAX_POS                               0x2007d10c   Data           4  regs.o(.data)
    pZ_PG_MM                                 0x2007d110   Data           4  regs.o(.data)
    pZ_SPR                                   0x2007d114   Data           4  regs.o(.data)
    pZ_MIN                                   0x2007d118   Data           4  regs.o(.data)
    pZ_MAX                                   0x2007d11c   Data           4  regs.o(.data)
    vZ_MIN_POS                               0x2007d120   Data           4  regs.o(.data)
    vZ_MAX_POS                               0x2007d124   Data           4  regs.o(.data)
    dXPos                                    0x2007d128   Data           4  regs.o(.data)
    dYPos                                    0x2007d12c   Data           4  regs.o(.data)
    dZPos                                    0x2007d130   Data           4  regs.o(.data)
    pIntKPCtrl                               0x2007d134   Data           4  regs.o(.data)
    pIntKPCtrlStop                           0x2007d138   Data           4  regs.o(.data)
    pKP_NA_Max                               0x2007d13c   Data           4  regs.o(.data)
    pLinkKP                                  0x2007d140   Data           4  regs.o(.data)
    pCorrStop                                0x2007d144   Data           4  regs.o(.data)
    pRecoverBlock                            0x2007d148   Data           4  regs.o(.data)
    pHTCorr                                  0x2007d14c   Data           4  regs.o(.data)
    pZZeroDat                                0x2007d150   Data           4  regs.o(.data)
    pHorizontalDat                           0x2007d154   Data           4  regs.o(.data)
    pHorizDatDir                             0x2007d158   Data           4  regs.o(.data)
    pHorizDatState                           0x2007d15c   Data           4  regs.o(.data)
    pHorizDiam                               0x2007d160   Data           4  regs.o(.data)
    pHorizMeasError                          0x2007d164   Data           4  regs.o(.data)
    pHorizX                                  0x2007d168   Data           4  regs.o(.data)
    pHorizY                                  0x2007d16c   Data           4  regs.o(.data)
    pFdbyFnom                                0x2007d170   Data           4  regs.o(.data)
    pFnom                                    0x2007d174   Data           4  regs.o(.data)
    OutAllocTable                            0x2007d17c   Data           1  regs.o(.data)
    pUsesKP485                               0x2007d180   Data           4  keypad.o(.data)
    pAddrKPCtrl                              0x2007d184   Data           4  keypad.o(.data)
    pDrDelay                                 0x2007d188   Data           4  keypad.o(.data)
    pDCTime                                  0x2007d18c   Data           4  keypad.o(.data)
    pPercVmin                                0x2007d190   Data           4  keypad.o(.data)
    pYmove                                   0x2007d194   Data           4  keypad.o(.data)
    pXmove                                   0x2007d198   Data           4  keypad.o(.data)
    pBtn5                                    0x2007d19c   Data           4  keypad.o(.data)
    pBUZZ                                    0x2007d1a0   Data           4  keypad.o(.data)
    ClrSY                                    0x2007d1a4   Data           1  motor_y.o(.data)
    Btn5Handler::f                           0x2007d1a5   Data           1  main.o(.data__ZZ11Btn5HandlerE1f)
    CheckPointFrz::f4                        0x2007d1a6   Data           1  main.o(.data__ZZ13CheckPointFrzE2f4)
    HTCheckPointFrz::f6                      0x2007d1a7   Data           1  main.o(.data__ZZ15HTCheckPointFrzE2f6)
    ZZCheckPointFrz::f5                      0x2007d1a8   Data           1  main.o(.data__ZZ15ZZCheckPointFrzE2f5)
    BtnsMotorXHandler::fD                    0x2007d1a9   Data           1  main.o(.data__ZZ17BtnsMotorXHandlerE2fD)
    BtnsMotorYHandler::fD                    0x2007d1aa   Data           1  main.o(.data__ZZ17BtnsMotorYHandlerE2fD)
    BtnsMotorZHandler::fD                    0x2007d1ab   Data           1  main.o(.data__ZZ17BtnsMotorZHandlerE2fD)
    RunHorizontalDatFrz::f2                  0x2007d1ac   Data           1  main.o(.data__ZZ19RunHorizontalDatFrzE2f2)
    StopHorizontalDatFrz::f2                 0x2007d1ad   Data           1  main.o(.data__ZZ20StopHorizontalDatFrzE2f2)
    HorizontalCheckPointFrz::f6              0x2007d1ae   Data           1  main.o(.data__ZZ23HorizontalCheckPointFrzE2f6)
    HTCorrFrz::f2                            0x2007d1af   Data           1  main.o(.data__ZZ9HTCorrFrzE2f2)
    MsgBuf                                   0x2007d1b0   Data         200  msg.o(.bss)
    bufmsg                                   0x2007d278   Data         120  msg.o(.bss)
    FLASH_BankCapacity                       0x2007d2f0   Data          16  flash.o(.bss)
    str3                                     0x2007d300   Data        2000  flash.o(.bss)
    qu                                       0x2007dad0   Data        3306  queue.o(.bss)
    rbuf                                     0x2007e7ba   Data         255  u0packets.o(.bss)
    buffer0                                  0x2007e8b9   Data          10  u0packets.o(.bss)
    buffer1                                  0x2007e8c3   Data         255  u1packets.o(.bss)
    tcs_FMove                                0x2007e9c4   Data          28  motors.o(.bss)
    fmvc                                     0x2007e9e0   Data          25  motors.o(.bss)
    fmvs                                     0x2007e9fc   Data          16  motors.o(.bss)
    va                                       0x2007ea0c   Data        7200  regs.o(.bss)
    regs                                     0x2008062c   Data        1000  regs.o(.bss)
    tcs_MotorX                               0x20080a18   Data          28  motor_x.o(.bss)
    mc_X                                     0x20080a34   Data          40  motor_x.o(.bss)
    ms_X                                     0x20080a60   Data          56  motor_x.o(.bss)
    tcs_MotorZ                               0x20080a98   Data          28  motor_z.o(.bss)
    mc_Z                                     0x20080ab4   Data          40  motor_z.o(.bss)
    ms_Z                                     0x20080ae0   Data          56  motor_z.o(.bss)



==============================================================================

Memory Map of the image

  Image Entry point : 0x000020cd

  Load Region LR_IROM1 (Base: 0x00002000, Size: 0x00013ea4, Max: 0x00080000, ABSOLUTE, COMPRESSED[0x0001318c])

    Execution Region ER_IROM1 (Exec base: 0x00002000, Load base: 0x00002000, Size: 0x0001286c, Max: 0x00080000, ABSOLUTE)

    Exec Addr    Load Addr    Size         Type   Attr      Idx    E Section Name        Object

    0x00002000   0x00002000   0x000000cc   Data   RO            3    RESET               startup_lpc17xx.o
    0x000020cc   0x000020cc   0x00000008   Code   RO         1466  * !!!main             c_w.l(__main.o)
    0x000020d4   0x000020d4   0x00000034   Code   RO         1876    !!!scatter          c_w.l(__scatter.o)
    0x00002108   0x00002108   0x00000064   Code   RO         1874    !!dclz77c           c_w.l(__dclz77c.o)
    0x0000216c   0x0000216c   0x0000001c   Code   RO         1878    !!handler_zi        c_w.l(__scatter_zi.o)
    0x00002188   0x00002188   0x00000000   Code   RO         1449    .ARM.Collect$$_printf_percent$$00000000  c_w.l(_printf_percent.o)
    0x00002188   0x00002188   0x00000006   Code   RO         1592    .ARM.Collect$$_printf_percent$$00000001  c_w.l(_printf_n.o)
    0x0000218e   0x0000218e   0x00000006   Code   RO         1593    .ARM.Collect$$_printf_percent$$00000002  c_w.l(_printf_p.o)
    0x00002194   0x00002194   0x00000006   Code   RO         1448    .ARM.Collect$$_printf_percent$$00000003  c_w.l(_printf_f.o)
    0x0000219a   0x0000219a   0x00000006   Code   RO         1597    .ARM.Collect$$_printf_percent$$00000004  c_w.l(_printf_e.o)
    0x000021a0   0x000021a0   0x00000006   Code   RO         1598    .ARM.Collect$$_printf_percent$$00000005  c_w.l(_printf_g.o)
    0x000021a6   0x000021a6   0x00000006   Code   RO         1599    .ARM.Collect$$_printf_percent$$00000006  c_w.l(_printf_a.o)
    0x000021ac   0x000021ac   0x0000000a   Code   RO         1604    .ARM.Collect$$_printf_percent$$00000007  c_w.l(_printf_ll.o)
    0x000021b6   0x000021b6   0x00000006   Code   RO         1595    .ARM.Collect$$_printf_percent$$00000008  c_w.l(_printf_i.o)
    0x000021bc   0x000021bc   0x00000006   Code   RO         1447    .ARM.Collect$$_printf_percent$$00000009  c_w.l(_printf_d.o)
    0x000021c2   0x000021c2   0x00000006   Code   RO         1596    .ARM.Collect$$_printf_percent$$0000000A  c_w.l(_printf_u.o)
    0x000021c8   0x000021c8   0x00000006   Code   RO         1594    .ARM.Collect$$_printf_percent$$0000000B  c_w.l(_printf_o.o)
    0x000021ce   0x000021ce   0x00000006   Code   RO         1446    .ARM.Collect$$_printf_percent$$0000000C  c_w.l(_printf_x.o)
    0x000021d4   0x000021d4   0x00000006   Code   RO         1601    .ARM.Collect$$_printf_percent$$0000000D  c_w.l(_printf_lli.o)
    0x000021da   0x000021da   0x00000006   Code   RO         1602    .ARM.Collect$$_printf_percent$$0000000E  c_w.l(_printf_lld.o)
    0x000021e0   0x000021e0   0x00000006   Code   RO         1603    .ARM.Collect$$_printf_percent$$0000000F  c_w.l(_printf_llu.o)
    0x000021e6   0x000021e6   0x00000006   Code   RO         1608    .ARM.Collect$$_printf_percent$$00000010  c_w.l(_printf_llo.o)
    0x000021ec   0x000021ec   0x00000006   Code   RO         1609    .ARM.Collect$$_printf_percent$$00000011  c_w.l(_printf_llx.o)
    0x000021f2   0x000021f2   0x0000000a   Code   RO         1605    .ARM.Collect$$_printf_percent$$00000012  c_w.l(_printf_l.o)
    0x000021fc   0x000021fc   0x00000006   Code   RO         1590    .ARM.Collect$$_printf_percent$$00000013  c_w.l(_printf_c.o)
    0x00002202   0x00002202   0x00000006   Code   RO         1591    .ARM.Collect$$_printf_percent$$00000014  c_w.l(_printf_s.o)
    0x00002208   0x00002208   0x00000006   Code   RO         1606    .ARM.Collect$$_printf_percent$$00000015  c_w.l(_printf_lc.o)
    0x0000220e   0x0000220e   0x00000006   Code   RO         1607    .ARM.Collect$$_printf_percent$$00000016  c_w.l(_printf_ls.o)
    0x00002214   0x00002214   0x00000004   Code   RO         1600    .ARM.Collect$$_printf_percent$$00000017  c_w.l(_printf_percent_end.o)
    0x00002218   0x00002218   0x00000002   Code   RO         1738    .ARM.Collect$$libinit$$00000000  c_w.l(libinit.o)
    0x0000221a   0x0000221a   0x00000000   Code   RO         1740    .ARM.Collect$$libinit$$00000002  c_w.l(libinit2.o)
    0x0000221a   0x0000221a   0x00000000   Code   RO         1742    .ARM.Collect$$libinit$$00000004  c_w.l(libinit2.o)
    0x0000221a   0x0000221a   0x00000000   Code   RO         1745    .ARM.Collect$$libinit$$0000000A  c_w.l(libinit2.o)
    0x0000221a   0x0000221a   0x00000000   Code   RO         1747    .ARM.Collect$$libinit$$0000000C  c_w.l(libinit2.o)
    0x0000221a   0x0000221a   0x00000000   Code   RO         1749    .ARM.Collect$$libinit$$0000000E  c_w.l(libinit2.o)
    0x0000221a   0x0000221a   0x00000006   Code   RO         1750    .ARM.Collect$$libinit$$0000000F  c_w.l(libinit2.o)
    0x00002220   0x00002220   0x00000000   Code   RO         1752    .ARM.Collect$$libinit$$00000011  c_w.l(libinit2.o)
    0x00002220   0x00002220   0x0000000c   Code   RO         1753    .ARM.Collect$$libinit$$00000012  c_w.l(libinit2.o)
    0x0000222c   0x0000222c   0x00000000   Code   RO         1754    .ARM.Collect$$libinit$$00000013  c_w.l(libinit2.o)
    0x0000222c   0x0000222c   0x00000000   Code   RO         1756    .ARM.Collect$$libinit$$00000015  c_w.l(libinit2.o)
    0x0000222c   0x0000222c   0x0000000a   Code   RO         1757    .ARM.Collect$$libinit$$00000016  c_w.l(libinit2.o)
    0x00002236   0x00002236   0x00000000   Code   RO         1758    .ARM.Collect$$libinit$$00000017  c_w.l(libinit2.o)
    0x00002236   0x00002236   0x00000000   Code   RO         1760    .ARM.Collect$$libinit$$00000019  c_w.l(libinit2.o)
    0x00002236   0x00002236   0x00000000   Code   RO         1762    .ARM.Collect$$libinit$$0000001B  c_w.l(libinit2.o)
    0x00002236   0x00002236   0x00000000   Code   RO         1764    .ARM.Collect$$libinit$$0000001D  c_w.l(libinit2.o)
    0x00002236   0x00002236   0x00000000   Code   RO         1766    .ARM.Collect$$libinit$$0000001F  c_w.l(libinit2.o)
    0x00002236   0x00002236   0x00000000   Code   RO         1768    .ARM.Collect$$libinit$$00000021  c_w.l(libinit2.o)
    0x00002236   0x00002236   0x00000000   Code   RO         1770    .ARM.Collect$$libinit$$00000023  c_w.l(libinit2.o)
    0x00002236   0x00002236   0x00000000   Code   RO         1772    .ARM.Collect$$libinit$$00000025  c_w.l(libinit2.o)
    0x00002236   0x00002236   0x00000000   Code   RO         1776    .ARM.Collect$$libinit$$0000002C  c_w.l(libinit2.o)
    0x00002236   0x00002236   0x00000000   Code   RO         1778    .ARM.Collect$$libinit$$0000002E  c_w.l(libinit2.o)
    0x00002236   0x00002236   0x00000000   Code   RO         1780    .ARM.Collect$$libinit$$00000030  c_w.l(libinit2.o)
    0x00002236   0x00002236   0x00000000   Code   RO         1782    .ARM.Collect$$libinit$$00000032  c_w.l(libinit2.o)
    0x00002236   0x00002236   0x00000002   Code   RO         1783    .ARM.Collect$$libinit$$00000033  c_w.l(libinit2.o)
    0x00002238   0x00002238   0x00000002   Code   RO         1837    .ARM.Collect$$libshutdown$$00000000  c_w.l(libshutdown.o)
    0x0000223a   0x0000223a   0x00000000   Code   RO         1855    .ARM.Collect$$libshutdown$$00000002  c_w.l(libshutdown2.o)
    0x0000223a   0x0000223a   0x00000000   Code   RO         1857    .ARM.Collect$$libshutdown$$00000004  c_w.l(libshutdown2.o)
    0x0000223a   0x0000223a   0x00000000   Code   RO         1859    .ARM.Collect$$libshutdown$$00000006  c_w.l(libshutdown2.o)
    0x0000223a   0x0000223a   0x00000000   Code   RO         1862    .ARM.Collect$$libshutdown$$00000009  c_w.l(libshutdown2.o)
    0x0000223a   0x0000223a   0x00000000   Code   RO         1865    .ARM.Collect$$libshutdown$$0000000C  c_w.l(libshutdown2.o)
    0x0000223a   0x0000223a   0x00000000   Code   RO         1867    .ARM.Collect$$libshutdown$$0000000E  c_w.l(libshutdown2.o)
    0x0000223a   0x0000223a   0x00000000   Code   RO         1870    .ARM.Collect$$libshutdown$$00000011  c_w.l(libshutdown2.o)
    0x0000223a   0x0000223a   0x00000002   Code   RO         1871    .ARM.Collect$$libshutdown$$00000012  c_w.l(libshutdown2.o)
    0x0000223c   0x0000223c   0x00000000   Code   RO         1558    .ARM.Collect$$rtentry$$00000000  c_w.l(__rtentry.o)
    0x0000223c   0x0000223c   0x00000000   Code   RO         1646    .ARM.Collect$$rtentry$$00000002  c_w.l(__rtentry2.o)
    0x0000223c   0x0000223c   0x00000006   Code   RO         1658    .ARM.Collect$$rtentry$$00000004  c_w.l(__rtentry4.o)
    0x00002242   0x00002242   0x00000000   Code   RO         1648    .ARM.Collect$$rtentry$$00000009  c_w.l(__rtentry2.o)
    0x00002242   0x00002242   0x00000004   Code   RO         1649    .ARM.Collect$$rtentry$$0000000A  c_w.l(__rtentry2.o)
    0x00002246   0x00002246   0x00000000   Code   RO         1651    .ARM.Collect$$rtentry$$0000000C  c_w.l(__rtentry2.o)
    0x00002246   0x00002246   0x00000008   Code   RO         1652    .ARM.Collect$$rtentry$$0000000D  c_w.l(__rtentry2.o)
    0x0000224e   0x0000224e   0x00000002   Code   RO         1786    .ARM.Collect$$rtexit$$00000000  c_w.l(rtexit.o)
    0x00002250   0x00002250   0x00000000   Code   RO         1806    .ARM.Collect$$rtexit$$00000002  c_w.l(rtexit2.o)
    0x00002250   0x00002250   0x00000004   Code   RO         1807    .ARM.Collect$$rtexit$$00000003  c_w.l(rtexit2.o)
    0x00002254   0x00002254   0x00000006   Code   RO         1808    .ARM.Collect$$rtexit$$00000004  c_w.l(rtexit2.o)
    0x0000225a   0x0000225a   0x00000002   PAD
    0x0000225c   0x0000225c   0x00000008   Code   RO          182    .emb_text           sbl_iap.o
    0x00002264   0x00002264   0x00000040   Code   RO            5    .text               startup_lpc17xx.o
    0x000022a4   0x000022a4   0x00000178   Code   RO           25    .text               system_lpc17xx.o
    0x0000241c   0x0000241c   0x0000010c   Code   RO           64    .text               lpc17xx_clkpwr.o
    0x00002528   0x00002528   0x000000a8   Code   RO          102    .text               lpc17xx_pinsel.o
    0x000025d0   0x000025d0   0x0000060c   Code   RO          125    .text               lpc17xx_uart.o
    0x00002bdc   0x00002bdc   0x000002f8   Code   RO          159    .text               lpc17xx_timer.o
    0x00002ed4   0x00002ed4   0x00000394   Code   RO          219    .text               modbus.o
    0x00003268   0x00003268   0x0000161c   Code   RO          295    .text               fs.o
    0x00004884   0x00004884   0x000000d0   Code   RO          339    .text               msg.o
    0x00004954   0x00004954   0x00000238   Code   RO          380    .text               bfs.o
    0x00004b8c   0x00004b8c   0x00000038   Code   RO          399    .text               ti.o
    0x00004bc4   0x00004bc4   0x00000634   Code   RO          428    .text               timers.o
    0x000051f8   0x000051f8   0x000006c8   Code   RO          466    .text               uart.o
    0x000058c0   0x000058c0   0x00000050   Code   RO          496    .text               tools.o
    0x00005910   0x00005910   0x000006bc   Code   RO          516    .text               flash.o
    0x00005fcc   0x00005fcc   0x0000054c   Code   RO          566    .text               virtualpins.o
    0x00006518   0x00006518   0x00000600   Code   RO          647    .text               queue.o
    0x00006b18   0x00006b18   0x0000130c   Code   RO          686    .text               u0packets.o
    0x00007e24   0x00007e24   0x00000048   Code   RO          744    .text               u1packets.o
    0x00007e6c   0x00007e6c   0x000004b4   Code   RO          774    .text               main.o
    0x00008320   0x00008320   0x00001c2c   Code   RO         1025    .text               handlers.o
    0x00009f4c   0x00009f4c   0x00001b40   Code   RO         1072    .text               motors.o
    0x0000ba8c   0x0000ba8c   0x000000e8   Code   RO         1115    .text               freqinvr.o
    0x0000bb74   0x0000bb74   0x00001c40   Code   RO         1142    .text               regs.o
    0x0000d7b4   0x0000d7b4   0x00000100   Code   RO         1190    .text               keypad.o
    0x0000d8b4   0x0000d8b4   0x000000d4   Code   RO         1217    .text               motor_x.o
    0x0000d988   0x0000d988   0x000000e4   Code   RO         1275    .text               motor_y.o
    0x0000da6c   0x0000da6c   0x000000d4   Code   RO         1325    .text               motor_z.o
    0x0000db40   0x0000db40   0x00000050   Code   RO         1371    .text               pwm.o
    0x0000db90   0x0000db90   0x000000ee   Code   RO         1391    .text               c_w.l(lludivv7m.o)
    0x0000dc7e   0x0000dc7e   0x00000002   PAD
    0x0000dc80   0x0000dc80   0x00000024   Code   RO         1393    .text               c_w.l(c89vsprintf.o)
    0x0000dca4   0x0000dca4   0x0000002c   Code   RO         1395    .text               c_w.l(__2sprintf.o)
    0x0000dcd0   0x0000dcd0   0x0000004e   Code   RO         1401    .text               c_w.l(_printf_pad.o)
    0x0000dd1e   0x0000dd1e   0x00000002   PAD
    0x0000dd20   0x0000dd20   0x00000078   Code   RO         1403    .text               c_w.l(_printf_dec.o)
    0x0000dd98   0x0000dd98   0x00000094   Code   RO         1423    .text               c_w.l(_printf_hex_int_ll_ptr.o)
    0x0000de2c   0x0000de2c   0x00000188   Code   RO         1443    .text               c_w.l(__printf_flags_ss_wp.o)
    0x0000dfb4   0x0000dfb4   0x00000048   Code   RO         1450    .text               c_w.l(strcpy.o)
    0x0000dffc   0x0000dffc   0x0000003e   Code   RO         1452    .text               c_w.l(strlen.o)
    0x0000e03a   0x0000e03a   0x0000008a   Code   RO         1454    .text               c_w.l(rt_memcpy_v6.o)
    0x0000e0c4   0x0000e0c4   0x00000064   Code   RO         1456    .text               c_w.l(rt_memcpy_w.o)
    0x0000e128   0x0000e128   0x00000044   Code   RO         1458    .text               c_w.l(rt_memclr.o)
    0x0000e16c   0x0000e16c   0x0000004e   Code   RO         1460    .text               c_w.l(rt_memclr_w.o)
    0x0000e1ba   0x0000e1ba   0x00000002   PAD
    0x0000e1bc   0x0000e1bc   0x00000080   Code   RO         1462    .text               c_w.l(strcmpv7m.o)
    0x0000e23c   0x0000e23c   0x00000006   Code   RO         1464    .text               c_w.l(heapauxi.o)
    0x0000e242   0x0000e242   0x00000016   Code   RO         1563    .text               c_w.l(_rserrno.o)
    0x0000e258   0x0000e258   0x00000024   Code   RO         1565    .text               c_w.l(_printf_truncate.o)
    0x0000e27c   0x0000e27c   0x00000052   Code   RO         1567    .text               c_w.l(_printf_str.o)
    0x0000e2ce   0x0000e2ce   0x000000b2   Code   RO         1569    .text               c_w.l(_printf_intcommon.o)
    0x0000e380   0x0000e380   0x00000028   Code   RO         1571    .text               c_w.l(_printf_charcount.o)
    0x0000e3a8   0x0000e3a8   0x0000041e   Code   RO         1573    .text               c_w.l(_printf_fp_dec.o)
    0x0000e7c6   0x0000e7c6   0x00000002   PAD
    0x0000e7c8   0x0000e7c8   0x00000030   Code   RO         1575    .text               c_w.l(_printf_char_common.o)
    0x0000e7f8   0x0000e7f8   0x0000000a   Code   RO         1577    .text               c_w.l(_sputc.o)
    0x0000e802   0x0000e802   0x00000002   PAD
    0x0000e804   0x0000e804   0x000000bc   Code   RO         1579    .text               c_w.l(_printf_wctomb.o)
    0x0000e8c0   0x0000e8c0   0x0000007c   Code   RO         1582    .text               c_w.l(_printf_longlong_dec.o)
    0x0000e93c   0x0000e93c   0x00000070   Code   RO         1588    .text               c_w.l(_printf_oct_int_ll.o)
    0x0000e9ac   0x0000e9ac   0x00000008   Code   RO         1665    .text               c_w.l(rt_locale_intlibspace.o)
    0x0000e9b4   0x0000e9b4   0x00000008   Code   RO         1670    .text               c_w.l(rt_errno_addr_intlibspace.o)
    0x0000e9bc   0x0000e9bc   0x0000008a   Code   RO         1672    .text               c_w.l(lludiv10.o)
    0x0000ea46   0x0000ea46   0x00000002   PAD
    0x0000ea48   0x0000ea48   0x00000080   Code   RO         1674    .text               c_w.l(_printf_fp_infnan.o)
    0x0000eac8   0x0000eac8   0x0000002c   Code   RO         1678    .text               c_w.l(_printf_char.o)
    0x0000eaf4   0x0000eaf4   0x0000002c   Code   RO         1680    .text               c_w.l(_printf_wchar.o)
    0x0000eb20   0x0000eb20   0x000000e4   Code   RO         1682    .text               c_w.l(bigflt0.o)
    0x0000ec04   0x0000ec04   0x00000040   Code   RO         1707    .text               c_w.l(_wcrtomb.o)
    0x0000ec44   0x0000ec44   0x00000008   Code   RO         1720    .text               c_w.l(libspace.o)
    0x0000ec4c   0x0000ec4c   0x0000004a   Code   RO         1723    .text               c_w.l(sys_stackheap_outer.o)
    0x0000ec96   0x0000ec96   0x00000002   PAD
    0x0000ec98   0x0000ec98   0x00000010   Code   RO         1725    .text               c_w.l(rt_ctype_table.o)
    0x0000eca8   0x0000eca8   0x00000012   Code   RO         1727    .text               c_w.l(exit.o)
    0x0000ecba   0x0000ecba   0x00000002   PAD
    0x0000ecbc   0x0000ecbc   0x0000000c   Code   RO         1803    .text               c_w.l(sys_exit.o)
    0x0000ecc8   0x0000ecc8   0x00000002   Code   RO         1824    .text               c_w.l(use_no_semi.o)
    0x0000ecca   0x0000ecca   0x00000000   Code   RO         1826    .text               c_w.l(indicate_semi.o)
    0x0000ecca   0x0000ecca   0x0000003e   Code   RO         1685    CL$$btod_d2e        c_w.l(btod.o)
    0x0000ed08   0x0000ed08   0x00000046   Code   RO         1687    CL$$btod_d2e_denorm_low  c_w.l(btod.o)
    0x0000ed4e   0x0000ed4e   0x00000060   Code   RO         1686    CL$$btod_d2e_norm_op1  c_w.l(btod.o)
    0x0000edae   0x0000edae   0x00000338   Code   RO         1695    CL$$btod_div_common  c_w.l(btod.o)
    0x0000f0e6   0x0000f0e6   0x000000dc   Code   RO         1692    CL$$btod_e2e        c_w.l(btod.o)
    0x0000f1c2   0x0000f1c2   0x0000002a   Code   RO         1689    CL$$btod_ediv       c_w.l(btod.o)
    0x0000f1ec   0x0000f1ec   0x0000002a   Code   RO         1688    CL$$btod_emul       c_w.l(btod.o)
    0x0000f216   0x0000f216   0x00000244   Code   RO         1694    CL$$btod_mult_common  c_w.l(btod.o)
    0x0000f45a   0x0000f45a   0x00000002   PAD
    0x0000f45c   0x0000f45c   0x000000fc   Code   RO          838    i.BtnsMotorXHandler  main.o
    0x0000f558   0x0000f558   0x000000fc   Code   RO          826    i.BtnsMotorYHandler  main.o
    0x0000f654   0x0000f654   0x000000fc   Code   RO          832    i.BtnsMotorZHandler  main.o
    0x0000f750   0x0000f750   0x000000a8   Code   RO          875    i.ButtonsToRegs     main.o
    0x0000f7f8   0x0000f7f8   0x00000084   Code   RO          865    i.CheckPointFrz     main.o
    0x0000f87c   0x0000f87c   0x00000068   Code   RO          850    i.FormQueue         main.o
    0x0000f8e4   0x0000f8e4   0x00000088   Code   RO          870    i.HTCheckPointFrz   main.o
    0x0000f96c   0x0000f96c   0x00000118   Code   RO          802    i.HorizontalCheckPointFrz  main.o
    0x0000fa84   0x0000fa84   0x0000014c   Code   RO          796    i.HorizontalDat     main.o
    0x0000fbd0   0x0000fbd0   0x000000b8   Code   RO          885    i.InitFrzTimers     main.o
    0x0000fc88   0x0000fc88   0x00000090   Code   RO          880    i.InitPlatform      main.o
    0x0000fd18   0x0000fd18   0x000004aa   Code   RO         1249    i.MoveBtnX          motor_x.o
    0x000101c2   0x000101c2   0x00000002   PAD
    0x000101c4   0x000101c4   0x000004b8   Code   RO         1307    i.MoveBtnY          motor_y.o
    0x0001067c   0x0001067c   0x0000055c   Code   RO         1357    i.MoveBtnZ          motor_z.o
    0x00010bd8   0x00010bd8   0x0000016c   Code   RO          844    i.MoveByRegs        main.o
    0x00010d44   0x00010d44   0x0000043c   Code   RO         1243    i.MovePosX          motor_x.o
    0x00011180   0x00011180   0x00000446   Code   RO         1301    i.MovePosY          motor_y.o
    0x000115c6   0x000115c6   0x00000002   PAD
    0x000115c8   0x000115c8   0x00000394   Code   RO         1351    i.MovePosZ          motor_z.o
    0x0001195c   0x0001195c   0x00000280   Code   RO         1237    i.PositX            motor_x.o
    0x00011bdc   0x00011bdc   0x00000280   Code   RO         1295    i.PositY            motor_y.o
    0x00011e5c   0x00011e5c   0x00000240   Code   RO         1345    i.PositZ            motor_z.o
    0x0001209c   0x0001209c   0x00000264   Code   RO          814    i.RecoverBlock      main.o
    0x00012300   0x00012300   0x000000c0   Code   RO          860    i.RunHorizontalDatFrz  main.o
    0x000123c0   0x000123c0   0x00000110   Code   RO          820    i.RunPrgFrz         main.o
    0x000124d0   0x000124d0   0x000000dc   Code   RO          808    i.StopPrg           main.o
    0x000125ac   0x000125ac   0x00000088   Code   RO          855    i.ZZCheckPointFrz   main.o
    0x00012634   0x00012634   0x00000074   Code   RO          890    i.ZZeroDat          main.o
    0x000126a8   0x000126a8   0x00000028   Code   RO         1718    i.__ARM_fpclassify  m_ws.l(fpclassify.o)
    0x000126d0   0x000126d0   0x000000aa   Code   RO         1643    i.__kernel_poly     m_ws.l(poly.o)
    0x0001277a   0x0001277a   0x00000006   Code   RO         1630    i.__mathlib_dbl_infnan  m_ws.l(dunder.o)
    0x00012780   0x00012780   0x0000000c   Code   RO         1632    i.__mathlib_dbl_invalid  m_ws.l(dunder.o)
    0x0001278c   0x0001278c   0x0000000e   Code   RO         1436    i._is_digit         c_w.l(__printf_wp.o)
    0x0001279a   0x0001279a   0x00000002   PAD
    0x0001279c   0x0001279c   0x0000027c   Code   RO         1537    i.acos              m_ws.l(acos.o)
    0x00012a18   0x00012a18   0x000000dc   Code   RO         1547    i.ceil              m_ws.l(ceil.o)
    0x00012af4   0x00012af4   0x0000004c   Code   RO         1551    i.sqrt              m_ws.l(sqrt.o)
    0x00012b40   0x00012b40   0x0000002c   Code   RO         1710    locale$$code        c_w.l(lc_numeric_c.o)
    0x00012b6c   0x00012b6c   0x0000002c   Code   RO         1791    locale$$code        c_w.l(lc_ctype_c.o)
    0x00012b98   0x00012b98   0x00000062   Code   RO         1468    x$fpl$d2f           fz_ws.l(d2f.o)
    0x00012bfa   0x00012bfa   0x00000002   PAD
    0x00012bfc   0x00012bfc   0x00000150   Code   RO         1470    x$fpl$dadd          fz_ws.l(daddsub_clz.o)
    0x00012d4c   0x00012d4c   0x00000010   Code   RO         1712    x$fpl$dcheck1       fz_ws.l(dcheck1.o)
    0x00012d5c   0x00012d5c   0x00000018   Code   RO         1714    x$fpl$dcmpinf       fz_ws.l(dcmpi.o)
    0x00012d74   0x00012d74   0x000002b0   Code   RO         1477    x$fpl$ddiv          fz_ws.l(ddiv.o)
    0x00013024   0x00013024   0x0000005e   Code   RO         1480    x$fpl$dfix          fz_ws.l(dfix.o)
    0x00013082   0x00013082   0x00000002   PAD
    0x00013084   0x00013084   0x0000005a   Code   RO         1484    x$fpl$dfixu         fz_ws.l(dfixu.o)
    0x000130de   0x000130de   0x0000002e   Code   RO         1493    x$fpl$dflt          fz_ws.l(dflt_clz.o)
    0x0001310c   0x0001310c   0x00000026   Code   RO         1492    x$fpl$dfltu         fz_ws.l(dflt_clz.o)
    0x00013132   0x00013132   0x00000002   PAD
    0x00013134   0x00013134   0x0000008a   Code   RO         1499    x$fpl$dfltull       fz_ws.l(dfltll_clz.o)
    0x000131be   0x000131be   0x00000002   PAD
    0x000131c0   0x000131c0   0x00000078   Code   RO         1610    x$fpl$dleqf         fz_ws.l(dleqf.o)
    0x00013238   0x00013238   0x00000154   Code   RO         1502    x$fpl$dmul          fz_ws.l(dmul.o)
    0x0001338c   0x0001338c   0x0000009c   Code   RO         1612    x$fpl$dnaninf       fz_ws.l(dnaninf.o)
    0x00013428   0x00013428   0x0000000c   Code   RO         1614    x$fpl$dretinf       fz_ws.l(dretinf.o)
    0x00013434   0x00013434   0x0000006c   Code   RO         1616    x$fpl$drleqf        fz_ws.l(drleqf.o)
    0x000134a0   0x000134a0   0x00000016   Code   RO         1471    x$fpl$drsb          fz_ws.l(daddsub_clz.o)
    0x000134b6   0x000134b6   0x00000002   PAD
    0x000134b8   0x000134b8   0x000001cc   Code   RO         1618    x$fpl$dsqrt         fz_ws.l(dsqrt_noumaal.o)
    0x00013684   0x00013684   0x000001d4   Code   RO         1472    x$fpl$dsub          fz_ws.l(daddsub_clz.o)
    0x00013858   0x00013858   0x00000056   Code   RO         1504    x$fpl$f2d           fz_ws.l(f2d.o)
    0x000138ae   0x000138ae   0x00000002   PAD
    0x000138b0   0x000138b0   0x000000c4   Code   RO         1506    x$fpl$fadd          fz_ws.l(faddsub_clz.o)
    0x00013974   0x00013974   0x00000018   Code   RO         1620    x$fpl$fcmpinf       fz_ws.l(fcmpi.o)
    0x0001398c   0x0001398c   0x00000184   Code   RO         1513    x$fpl$fdiv          fz_ws.l(fdiv.o)
    0x00013b10   0x00013b10   0x00000068   Code   RO         1516    x$fpl$feqf          fz_ws.l(feqf.o)
    0x00013b78   0x00013b78   0x00000036   Code   RO         1518    x$fpl$ffix          fz_ws.l(ffix.o)
    0x00013bae   0x00013bae   0x00000002   PAD
    0x00013bb0   0x00013bb0   0x00000030   Code   RO         1523    x$fpl$fflt          fz_ws.l(fflt_clz.o)
    0x00013be0   0x00013be0   0x00000026   Code   RO         1522    x$fpl$ffltu         fz_ws.l(fflt_clz.o)
    0x00013c06   0x00013c06   0x00000002   PAD
    0x00013c08   0x00013c08   0x00000068   Code   RO         1528    x$fpl$fleqf         fz_ws.l(fleqf.o)
    0x00013c70   0x00013c70   0x00000102   Code   RO         1530    x$fpl$fmul          fz_ws.l(fmul.o)
    0x00013d72   0x00013d72   0x0000008c   Code   RO         1622    x$fpl$fnaninf       fz_ws.l(fnaninf.o)
    0x00013dfe   0x00013dfe   0x0000000a   Code   RO         1624    x$fpl$fretinf       fz_ws.l(fretinf.o)
    0x00013e08   0x00013e08   0x00000062   Code   RO         1532    x$fpl$frleqf        fz_ws.l(frleqf.o)
    0x00013e6a   0x00013e6a   0x00000014   Code   RO         1507    x$fpl$frsb          fz_ws.l(faddsub_clz.o)
    0x00013e7e   0x00013e7e   0x00000002   PAD
    0x00013e80   0x00013e80   0x000000ea   Code   RO         1508    x$fpl$fsub          fz_ws.l(faddsub_clz.o)
    0x00013f6a   0x00013f6a   0x00000002   PAD
    0x00013f6c   0x00013f6c   0x00000078   Code   RO         1488    x$fpl$llufromd      fz_ws.l(dfixull.o)
    0x00013fe4   0x00013fe4   0x00000004   Code   RO         1534    x$fpl$printf1       fz_ws.l(printf1.o)
    0x00013fe8   0x00013fe8   0x00000064   Code   RO         1784    x$fpl$retnan        fz_ws.l(retnan.o)
    0x0001404c   0x0001404c   0x0000005c   Code   RO         1626    x$fpl$scalbn        fz_ws.l(scalbn.o)
    0x000140a8   0x000140a8   0x00000030   Code   RO         1801    x$fpl$trapveneer    fz_ws.l(trapv.o)
    0x000140d8   0x000140d8   0x00000000   Code   RO         1628    x$fpl$usenofp       fz_ws.l(usenofp.o)
    0x000140d8   0x000140d8   0x00000200   Data   RO          221    .constdata          modbus.o
    0x000142d8   0x000142d8   0x00000010   Data   RO          519    .constdata          flash.o
    0x000142e8   0x000142e8   0x00000028   Data   RO         1424    .constdata          c_w.l(_printf_hex_int_ll_ptr.o)
    0x00014310   0x00014310   0x00000011   Data   RO         1444    .constdata          c_w.l(__printf_flags_ss_wp.o)
    0x00014321   0x00014321   0x00000007   PAD
    0x00014328   0x00014328   0x00000050   Data   RO         1538    .constdata          m_ws.l(acos.o)
    0x00014378   0x00014378   0x00000008   Data   RO         1580    .constdata          c_w.l(_printf_wctomb.o)
    0x00014380   0x00014380   0x00000094   Data   RO         1683    .constdata          c_w.l(bigflt0.o)
    0x00014414   0x00014414   0x0000017b   Data   RO          776    .conststring        main.o
    0x0001458f   0x0001458f   0x00000001   PAD
    0x00014590   0x00014590   0x00000058   Data   RO         1074    .conststring        motors.o
    0x000145e8   0x000145e8   0x00000066   Data   RO         1219    .conststring        motor_x.o
    0x0001464e   0x0001464e   0x00000002   PAD
    0x00014650   0x00014650   0x00000056   Data   RO         1277    .conststring        motor_y.o
    0x000146a6   0x000146a6   0x00000002   PAD
    0x000146a8   0x000146a8   0x00000056   Data   RO         1327    .conststring        motor_z.o
    0x000146fe   0x000146fe   0x00000002   PAD
    0x00014700   0x00014700   0x00000040   Data   RO         1872    Region$$Table       anon$$obj.o
    0x00014740   0x00014740   0x0000001c   Data   RO         1709    locale$$data        c_w.l(lc_numeric_c.o)
    0x0001475c   0x0001475c   0x00000110   Data   RO         1790    locale$$data        c_w.l(lc_ctype_c.o)


    Execution Region RW_IRAM1 (Exec base: 0x10000000, Load base: 0x0001486c, Size: 0x00005318, Max: 0x00008000, ABSOLUTE, COMPRESSED[0x00000210])

    Exec Addr    Load Addr    Size         Type   Attr      Idx    E Section Name        Object

    0x10000000   COMPRESSED   0x00000004   Data   RW           26    .data               system_lpc17xx.o
    0x10000004   COMPRESSED   0x00000018   Data   RW          222    .data               modbus.o
    0x1000001c   COMPRESSED   0x00000008   Data   RW          341    .data               msg.o
    0x10000024   COMPRESSED   0x00000040   Data   RW          429    .data               timers.o
    0x10000064   COMPRESSED   0x00000100   Data   RW          497    .data               tools.o
    0x10000164   COMPRESSED   0x000001b0   Data   RW          546    .data               staticpins.o
    0x10000314   COMPRESSED   0x00000004   Data   RW          611    .data               nextion.o
    0x10000318   COMPRESSED   0x00000003   Data   RW          649    .data               queue.o
    0x1000031b   COMPRESSED   0x00000001   PAD
    0x1000031c   COMPRESSED   0x00000014   Data   RW          779    .data               main.o
    0x10000330   COMPRESSED   0x000000c0   Data   RW         1075    .data               motors.o
    0x100003f0   COMPRESSED   0x0000000c   Data   RW         1116    .data               freqinvr.o
    0x100003fc   COMPRESSED   0x00000004   Data   RW         1146    .data               regs.o
    0x10000400   COMPRESSED   0x0000006c   Data   RW         1178    .data               vpfrz.o
    0x1000046c   COMPRESSED   0x00000004   Data   RW         1193    .data               keypad.o
    0x10000470   COMPRESSED   0x00000004   Data   RW         1195    .data               keypad.o
    0x10000474   COMPRESSED   0x00000004   Data   RW         1197    .data               keypad.o
    0x10000478   COMPRESSED   0x00000001   Data   RW         1220    .data               motor_x.o
    0x10000479   COMPRESSED   0x00000001   Data   RW         1328    .data               motor_z.o
    0x1000047a   COMPRESSED   0x00000001   Data   RW          897    .data__ZZ11ZZeroDatFrzE2f2  main.o
    0x1000047b   COMPRESSED   0x00000001   Data   RW          905    .data__ZZ13CheckPointFrzE2f3  main.o
    0x1000047c   COMPRESSED   0x00000001   Data   RW          917    .data__ZZ13CrushWaterFrzE1f  main.o
    0x1000047d   COMPRESSED   0x00000001   Data   RW          907    .data__ZZ15HTCheckPointFrzE2f5  main.o
    0x1000047e   COMPRESSED   0x00000001   Data   RW          899    .data__ZZ15ZZCheckPointFrzE2f6  main.o
    0x1000047f   COMPRESSED   0x00000001   Data   RW          915    .data__ZZ17BtnsMotorXHandlerE2fB  main.o
    0x10000480   COMPRESSED   0x00000001   Data   RW          911    .data__ZZ17BtnsMotorYHandlerE2fB  main.o
    0x10000481   COMPRESSED   0x00000001   Data   RW          913    .data__ZZ17BtnsMotorZHandlerE2fB  main.o
    0x10000482   COMPRESSED   0x00000001   Data   RW          909    .data__ZZ20BtnAxisSwitchHandlerE1f  main.o
    0x10000483   COMPRESSED   0x00000001   Data   RW          901    .data__ZZ21StartHorizontalDatFrzE2f2  main.o
    0x10000484   COMPRESSED   0x00000001   Data   RW          903    .data__ZZ23HorizontalCheckPointFrzE2f5  main.o
    0x10000485   COMPRESSED   0x00000001   Data   RW          895    .data__ZZ9ByPassFrzE2f1  main.o
    0x10000486   COMPRESSED   0x00000002   PAD
    0x10000488        -       0x00002500   Zero   RW          220    .bss                modbus.o
    0x10002988        -       0x00000a38   Zero   RW          296    .bss                fs.o
    0x100033c0        -       0x000000f0   Zero   RW          400    .bss                ti.o
    0x100034b0        -       0x00000830   Zero   RW          467    .bss                uart.o
    0x10003ce0        -       0x000002e0   Zero   RW          567    .bss                virtualpins.o
    0x10003fc0        -       0x0000011e   Zero   RW          775    .bss                main.o
    0x100040de   COMPRESSED   0x00000002   PAD
    0x100040e0        -       0x00000d52   Zero   RW         1026    .bss                handlers.o
    0x10004e32   COMPRESSED   0x00000006   PAD
    0x10004e38        -       0x00000080   Zero   RW         1276    .bss                motor_y.o
    0x10004eb8        -       0x00000060   Zero   RW         1721    .bss                c_w.l(libspace.o)
    0x10004f18        -       0x00000400   Zero   RW            1    STACK               startup_lpc17xx.o


    Execution Region RW_IRAM2 (Exec base: 0x2007c000, Load base: 0x00014a7c, Size: 0x00005318, Max: 0x00008000, ABSOLUTE, COMPRESSED[0x00000710])

    Exec Addr    Load Addr    Size         Type   Attr      Idx    E Section Name        Object

    0x2007c000   COMPRESSED   0x00000001   Data   RW          223    .data               modbus.o
    0x2007c001   COMPRESSED   0x00000003   PAD
    0x2007c004   COMPRESSED   0x0000002c   Data   RW          297    .data               fs.o
    0x2007c030   COMPRESSED   0x00000008   Data   RW          468    .data               uart.o
    0x2007c038   COMPRESSED   0x00000fb0   Data   RW          520    .data               flash.o
    0x2007cfe8   COMPRESSED   0x00000050   Data   RW          568    .data               virtualpins.o
    0x2007d038   COMPRESSED   0x00000060   Data   RW         1027    .data               handlers.o
    0x2007d098   COMPRESSED   0x00000004   Data   RW         1029    .data               handlers.o
    0x2007d09c   COMPRESSED   0x000000e0   Data   RW         1144    .data               regs.o
    0x2007d17c   COMPRESSED   0x00000001   Data   RW         1145    .data               regs.o
    0x2007d17d   COMPRESSED   0x00000003   PAD
    0x2007d180   COMPRESSED   0x00000014   Data   RW         1191    .data               keypad.o
    0x2007d194   COMPRESSED   0x00000004   Data   RW         1192    .data               keypad.o
    0x2007d198   COMPRESSED   0x00000004   Data   RW         1194    .data               keypad.o
    0x2007d19c   COMPRESSED   0x00000004   Data   RW         1196    .data               keypad.o
    0x2007d1a0   COMPRESSED   0x00000004   Data   RW         1198    .data               keypad.o
    0x2007d1a4   COMPRESSED   0x00000001   Data   RW         1278    .data               motor_y.o
    0x2007d1a5   COMPRESSED   0x00000001   Data   RW          916    .data__ZZ11Btn5HandlerE1f  main.o
    0x2007d1a6   COMPRESSED   0x00000001   Data   RW          906    .data__ZZ13CheckPointFrzE2f4  main.o
    0x2007d1a7   COMPRESSED   0x00000001   Data   RW          908    .data__ZZ15HTCheckPointFrzE2f6  main.o
    0x2007d1a8   COMPRESSED   0x00000001   Data   RW          898    .data__ZZ15ZZCheckPointFrzE2f5  main.o
    0x2007d1a9   COMPRESSED   0x00000001   Data   RW          914    .data__ZZ17BtnsMotorXHandlerE2fD  main.o
    0x2007d1aa   COMPRESSED   0x00000001   Data   RW          910    .data__ZZ17BtnsMotorYHandlerE2fD  main.o
    0x2007d1ab   COMPRESSED   0x00000001   Data   RW          912    .data__ZZ17BtnsMotorZHandlerE2fD  main.o
    0x2007d1ac   COMPRESSED   0x00000001   Data   RW          900    .data__ZZ19RunHorizontalDatFrzE2f2  main.o
    0x2007d1ad   COMPRESSED   0x00000001   Data   RW          902    .data__ZZ20StopHorizontalDatFrzE2f2  main.o
    0x2007d1ae   COMPRESSED   0x00000001   Data   RW          904    .data__ZZ23HorizontalCheckPointFrzE2f6  main.o
    0x2007d1af   COMPRESSED   0x00000001   Data   RW          896    .data__ZZ9HTCorrFrzE2f2  main.o
    0x2007d1b0        -       0x00000140   Zero   RW          340    .bss                msg.o
    0x2007d2f0        -       0x000007e0   Zero   RW          517    .bss                flash.o
    0x2007dad0        -       0x00000cea   Zero   RW          648    .bss                queue.o
    0x2007e7ba        -       0x00000109   Zero   RW          688    .bss                u0packets.o
    0x2007e8c3        -       0x000000ff   Zero   RW          745    .bss                u1packets.o
    0x2007e9c2   COMPRESSED   0x00000002   PAD
    0x2007e9c4        -       0x00000048   Zero   RW         1073    .bss                motors.o
    0x2007ea0c        -       0x00002008   Zero   RW         1143    .bss                regs.o
    0x20080a14   COMPRESSED   0x00000004   PAD
    0x20080a18        -       0x00000080   Zero   RW         1218    .bss                motor_x.o
    0x20080a98        -       0x00000080   Zero   RW         1326    .bss                motor_z.o
    0x20080b18        -       0x00000800   Zero   RW            2    HEAP                startup_lpc17xx.o



  Load Region LR$$.ARM.__at_0x02FC (Base: 0x000002fc, Size: 0x00000004, Max: 0x00000004, ABSOLUTE)

    Execution Region ER$$.ARM.__at_0x02FC (Exec base: 0x000002fc, Load base: 0x000002fc, Size: 0x00000004, Max: 0x00000004, ABSOLUTE, UNINIT)

    Exec Addr    Load Addr    Size         Type   Attr      Idx    E Section Name        Object

    0x000002fc   0x000002fc   0x00000004   Code   RO            4    .ARM.__at_0x02FC    startup_lpc17xx.o


==============================================================================

Image component sizes


      Code (inc. data)   RO Data    RW Data    ZI Data      Debug   Object Name

       568          0          0          0          0       5667   bfs.o
         0          0          0          0          0       4508   core_cm3.o
      1724        166         16       4016       2016      10326   flash.o
       232         42          0         12          0       2199   freqinvr.o
      5660       1110          0         44       2616      22927   fs.o
      7212        948          0        100       3410      24303   handlers.o
       256         10          0         48          0       1871   keypad.o
       268         18          0          0          0       3409   lpc17xx_clkpwr.o
       168          6          0          0          0       4081   lpc17xx_pinsel.o
       760         18          0          0          0       8319   lpc17xx_timer.o
      1548         30          0          0          0      35465   lpc17xx_uart.o
      5352        932        379         43        286      44850   main.o
       916         64        512         25       9472      12872   modbus.o
      3130        152        102          1        128       5668   motor_x.o
      3170        140         86          1        128       4169   motor_y.o
      3076        138         86          1        128       4157   motor_z.o
      6976       1008         88        192         72      11609   motors.o
       208         16          0          8        320       3209   msg.o
         0          0          0          4          0        690   nextion.o
        80          8          0          0          0        798   pwm.o
      1536        328          0          3       3306       4406   queue.o
      7232       2712          0        229       8200      13720   regs.o
         8          0          0          0          0        328   sbl_iap.o
        68         30        204          0       3072       1124   startup_lpc17xx.o
         0          0          0        432          0        895   staticpins.o
       376         46          0          4          0       1037   system_lpc17xx.o
        56          6          0          0        240       2746   ti.o
      1588         58          0         64          0      29141   timers.o
        80          6          0        256          0       1629   tools.o
      4876       1004          0          0        265      40947   u0packets.o
        72          8          0          0        255       1295   u1packets.o
      1736         60          0          8       2096       8845   uart.o
      1356         44          0         80        736       6883   virtualpins.o
         0          0          0        108          0        207   vpfrz.o

    ----------------------------------------------------------------------
     60292       9108       1544       5688      36760     324300   Object Totals
         0          0         64          0          0          0   (incl. Generated)
         4          0          7          9         14          0   (incl. Padding)

    ----------------------------------------------------------------------

      Code (inc. data)   RO Data    RW Data    ZI Data      Debug   Library Member Name

        44          6          0          0          0         84   __2sprintf.o
       100          0          0          0          0          0   __dclz77c.o
         8          0          0          0          0         68   __main.o
       392          4         17          0          0         92   __printf_flags_ss_wp.o
        14          0          0          0          0         68   __printf_wp.o
         0          0          0          0          0          0   __rtentry.o
        12          0          0          0          0          0   __rtentry2.o
         6          0          0          0          0          0   __rtentry4.o
        52          8          0          0          0          0   __scatter.o
        28          0          0          0          0          0   __scatter_zi.o
         6          0          0          0          0          0   _printf_a.o
         6          0          0          0          0          0   _printf_c.o
        44          0          0          0          0        108   _printf_char.o
        48          6          0          0          0         96   _printf_char_common.o
        40          0          0          0          0         68   _printf_charcount.o
         6          0          0          0          0          0   _printf_d.o
       120         16          0          0          0         92   _printf_dec.o
         6          0          0          0          0          0   _printf_e.o
         6          0          0          0          0          0   _printf_f.o
      1054          0          0          0          0        216   _printf_fp_dec.o
       128         16          0          0          0         84   _printf_fp_infnan.o
         6          0          0          0          0          0   _printf_g.o
       148          4         40          0          0        160   _printf_hex_int_ll_ptr.o
         6          0          0          0          0          0   _printf_i.o
       178          0          0          0          0         88   _printf_intcommon.o
        10          0          0          0          0          0   _printf_l.o
         6          0          0          0          0          0   _printf_lc.o
        10          0          0          0          0          0   _printf_ll.o
         6          0          0          0          0          0   _printf_lld.o
         6          0          0          0          0          0   _printf_lli.o
         6          0          0          0          0          0   _printf_llo.o
         6          0          0          0          0          0   _printf_llu.o
         6          0          0          0          0          0   _printf_llx.o
       124         16          0          0          0         92   _printf_longlong_dec.o
         6          0          0          0          0          0   _printf_ls.o
         6          0          0          0          0          0   _printf_n.o
         6          0          0          0          0          0   _printf_o.o
       112         10          0          0          0        124   _printf_oct_int_ll.o
         6          0          0          0          0          0   _printf_p.o
        78          0          0          0          0        108   _printf_pad.o
         0          0          0          0          0          0   _printf_percent.o
         4          0          0          0          0          0   _printf_percent_end.o
         6          0          0          0          0          0   _printf_s.o
        82          0          0          0          0         80   _printf_str.o
        36          0          0          0          0         84   _printf_truncate.o
         6          0          0          0          0          0   _printf_u.o
        44          0          0          0          0        108   _printf_wchar.o
       188          6          8          0          0         92   _printf_wctomb.o
         6          0          0          0          0          0   _printf_x.o
        22          0          0          0          0        100   _rserrno.o
        10          0          0          0          0         68   _sputc.o
        64          0          0          0          0         92   _wcrtomb.o
       228          4        148          0          0         96   bigflt0.o
      1936        128          0          0          0        672   btod.o
        36          4          0          0          0         76   c89vsprintf.o
        18          0          0          0          0         80   exit.o
         6          0          0          0          0        152   heapauxi.o
         0          0          0          0          0          0   indicate_semi.o
        44         10        272          0          0         76   lc_ctype_c.o
        44         10         28          0          0         76   lc_numeric_c.o
         2          0          0          0          0          0   libinit.o
        30          0          0          0          0          0   libinit2.o
         2          0          0          0          0          0   libshutdown.o
         2          0          0          0          0          0   libshutdown2.o
         8          4          0          0         96         68   libspace.o
       138          0          0          0          0         80   lludiv10.o
       238          0          0          0          0        100   lludivv7m.o
        16          4          0          0          0         76   rt_ctype_table.o
         8          4          0          0          0         68   rt_errno_addr_intlibspace.o
         8          4          0          0          0         68   rt_locale_intlibspace.o
        68          0          0          0          0         68   rt_memclr.o
        78          0          0          0          0         80   rt_memclr_w.o
       138          0          0          0          0         68   rt_memcpy_v6.o
       100          0          0          0          0         80   rt_memcpy_w.o
         2          0          0          0          0          0   rtexit.o
        10          0          0          0          0          0   rtexit2.o
       128          0          0          0          0         68   strcmpv7m.o
        72          0          0          0          0         80   strcpy.o
        62          0          0          0          0         76   strlen.o
        12          4          0          0          0         68   sys_exit.o
        74          0          0          0          0         80   sys_stackheap_outer.o
         2          0          0          0          0         68   use_no_semi.o
        98          4          0          0          0         92   d2f.o
       826         16          0          0          0        348   daddsub_clz.o
        16          4          0          0          0         68   dcheck1.o
        24          0          0          0          0         68   dcmpi.o
       688        140          0          0          0        208   ddiv.o
        94          4          0          0          0         92   dfix.o
        90          4          0          0          0         92   dfixu.o
       120          4          0          0          0        104   dfixull.o
        84          0          0          0          0        136   dflt_clz.o
       138          0          0          0          0         84   dfltll_clz.o
       120          4          0          0          0         92   dleqf.o
       340         12          0          0          0        104   dmul.o
       156          4          0          0          0         92   dnaninf.o
        12          0          0          0          0         68   dretinf.o
       108          0          0          0          0         80   drleqf.o
       460         56          0          0          0        120   dsqrt_noumaal.o
        86          4          0          0          0         84   f2d.o
       450          8          0          0          0        236   faddsub_clz.o
        24          0          0          0          0         68   fcmpi.o
       388         76          0          0          0         96   fdiv.o
       104          4          0          0          0         84   feqf.o
        54          4          0          0          0         84   ffix.o
        86          0          0          0          0        136   fflt_clz.o
       104          4          0          0          0         84   fleqf.o
       258          4          0          0          0         84   fmul.o
       140          4          0          0          0         84   fnaninf.o
        10          0          0          0          0         68   fretinf.o
        98          0          0          0          0         68   frleqf.o
         4          0          0          0          0         68   printf1.o
       100          0          0          0          0         68   retnan.o
        92          0          0          0          0         68   scalbn.o
        48          0          0          0          0         68   trapv.o
         0          0          0          0          0          0   usenofp.o
       636         62         80          0          0        188   acos.o
       220         16          0          0          0         84   ceil.o
        18          0          0          0          0        136   dunder.o
        40          0          0          0          0         68   fpclassify.o
       170          0          0          0          0         96   poly.o
        76          0          0          0          0         84   sqrt.o

    ----------------------------------------------------------------------
     13452        706        600          0         96       8548   Library Totals
        42          0          7          0          0          0   (incl. Padding)

    ----------------------------------------------------------------------

      Code (inc. data)   RO Data    RW Data    ZI Data      Debug   Library Name

      6830        268        513          0         96       4596   c_w.l
      5420        360          0          0          0       3296   fz_ws.l
      1160         78         80          0          0        656   m_ws.l

    ----------------------------------------------------------------------
     13452        706        600          0         96       8548   Library Totals

    ----------------------------------------------------------------------

==============================================================================


      Code (inc. data)   RO Data    RW Data    ZI Data      Debug   

     73744       9814       2144       5688      36856     322808   Grand Totals
     73744       9814       2144       2336      36856     322808   ELF Image Totals (compressed)
     73744       9814       2144       2336          0          0   ROM Totals

==============================================================================

    Total RO  Size (Code + RO Data)                75888 (  74.11kB)
    Total RW  Size (RW Data + ZI Data)             42544 (  41.55kB)
    Total ROM Size (Code + RO Data + RW Data)      78224 (  76.39kB)

==============================================================================

