<html>
<body>
<pre>
<h1>µVision Build Log</h1>
<h2>Tool Versions:</h2>
IDE-Version: µVision V5.36.0.0
Copyright (C) 2021 ARM Ltd and ARM Germany GmbH. All rights reserved.
License Information: aaa aaa, aaa, LIC=65ISZ-JZ9J3-DYTV3-A8GHU-VGY9M-HR790
 
Tool Versions:
Toolchain:       MDK-ARM Plus  Version: 5.36.0.0
Toolchain Path:  C:\Keil_v5\ARM\ARMCC\Bin
C Compiler:      Armcc.exe V5.06 update 7 (build 960)
Assembler:       Armasm.exe V5.06 update 7 (build 960)
Linker/Locator:  ArmLink.exe V5.06 update 7 (build 960)
Library Manager: ArmAr.exe V5.06 update 7 (build 960)
Hex Converter:   FromElf.exe V5.06 update 7 (build 960)
CPU DLL:         SARMCM3.DLL V5.36.0.0
Dialog DLL:      DARMP1.DLL V1.27.0.0
Target DLL:      UL2CM3.DLL V1.164.0.0
Dialog DLL:      TARMP1.DLL V1.26.0.0
 
<h2>Project:</h2>
D:\bmahome\Documents\SEProjects\Polish\Polish.keil\saw.uvproj
Project File Date:  12/17/2021

<h2>Output:</h2>
*** Using Compiler 'V5.06 update 7 (build 960)', folder: 'C:\Keil_v5\ARM\ARMCC\Bin'
Rebuild target 'saw'
assembling startup_LPC17xx.s...
compiling core_cm3.c...
compiling system_LPC17xx.c...
compiling lpc17xx_clkpwr.c...
compiling lpc17xx_pinsel.c...
compiling lpc17xx_uart.c...
compiling sbl_iap.c...
compiling lpc17xx_timer.c...
compiling Modbus.c...
compiling msg.c...
compiling ti.c...
compiling bFS.c...
compiling FS.c...
compiling Tools.c...
compiling Timers.c...
compiling UART.c...
compiling Flash.c...
compiling StaticPins.c...
compiling VirtualPins.c...
compiling Nextion.c...
compiling queue.c...
compiling u1packets.c...
compiling u0packets.c...
compiling Main.c...
compiling FreqInvr.c...
compiling Motors.c...
compiling Handlers.c...
compiling VPFrz.c...
compiling KeyPad.c...
compiling regs.c...
compiling Motor_X.c...
compiling Motor_Y.c...
compiling pwm.c...
compiling Motor_Z.c...
linking...
Program Size: Code=73744 RO-data=2144 RW-data=5688 ZI-data=36856  
FromELF: creating hex file...
".\Flash\saw.axf" - 0 Error(s), 0 Warning(s).
Build Time Elapsed:  00:00:07
</pre>
</body>
</html>
