<!doctype html public "-//w3c//dtd html 4.0 transitional//en">
<html><head>
<title>Static Call Graph - [.\Flash\saw.axf]</title></head>
<body><HR>
<H1>Static Call Graph for image .\Flash\saw.axf</H1><HR>
<BR><P>#&#060CALLGRAPH&#062# ARM Linker, 5060960: Last Updated: Sat Dec 18 21:51:01 2021
<BR><P>
<H3>Maximum Stack Usage =        436 bytes + Unknown(Functions without stacksize, Cycles, Untraceable Function Pointers)</H3><H3>
Call chain for Maximum Stack Depth:</H3>
mbFrzPackHandler0 &rArr; pFS_BReadLn &rArr; bFS_BReadLn &rArr; bFS_ReadLn &rArr; FS_RSeek &rArr; FS_GetNextCluster &rArr; FLASH_Read &rArr; FLASH_BankRead &rArr; FLASH_ReceiveByte &rArr; SSP0_SendByte
<P>
<H3>
Functions with no stack information
</H3><UL>
 <LI><a href="#[206]">__user_initial_stackheap</a>
</UL>
</UL>
<P>
<H3>
Mutually Recursive functions
</H3> <LI><a href="#[25]">ADC_IRQHandler</a>&nbsp;&nbsp;&nbsp;&rArr;&nbsp;&nbsp;&nbsp;<a href="#[25]">ADC_IRQHandler</a><BR>
</UL>
<P>
<H3>
Function Pointers
</H3><UL>
 <LI><a href="#[25]">ADC_IRQHandler</a> from startup_lpc17xx.o(.text) referenced from startup_lpc17xx.o(RESET)
 <LI><a href="#[26]">BOD_IRQHandler</a> from startup_lpc17xx.o(.text) referenced from startup_lpc17xx.o(RESET)
 <LI><a href="#[9]">BusFault_Handler</a> from main.o(.text) referenced from startup_lpc17xx.o(RESET)
 <LI><a href="#[31]">CANActivity_IRQHandler</a> from startup_lpc17xx.o(.text) referenced from startup_lpc17xx.o(RESET)
 <LI><a href="#[28]">CAN_IRQHandler</a> from startup_lpc17xx.o(.text) referenced from startup_lpc17xx.o(RESET)
 <LI><a href="#[29]">DMA_IRQHandler</a> from startup_lpc17xx.o(.text) referenced from startup_lpc17xx.o(RESET)
 <LI><a href="#[c]">DebugMon_Handler</a> from main.o(.text) referenced from startup_lpc17xx.o(RESET)
 <LI><a href="#[21]">EINT0_IRQHandler</a> from startup_lpc17xx.o(.text) referenced from startup_lpc17xx.o(RESET)
 <LI><a href="#[22]">EINT1_IRQHandler</a> from startup_lpc17xx.o(.text) referenced from startup_lpc17xx.o(RESET)
 <LI><a href="#[23]">EINT2_IRQHandler</a> from startup_lpc17xx.o(.text) referenced from startup_lpc17xx.o(RESET)
 <LI><a href="#[24]">EINT3_IRQHandler</a> from startup_lpc17xx.o(.text) referenced from startup_lpc17xx.o(RESET)
 <LI><a href="#[2b]">ENET_IRQHandler</a> from startup_lpc17xx.o(.text) referenced from startup_lpc17xx.o(RESET)
 <LI><a href="#[3f]">FMove_HandlerQuick</a> from motors.o(.text) referenced from main.o(i.InitFrzTimers)
 <LI><a href="#[7]">HardFault_Handler</a> from main.o(.text) referenced from startup_lpc17xx.o(RESET)
 <LI><a href="#[19]">I2C0_IRQHandler</a> from startup_lpc17xx.o(.text) referenced from startup_lpc17xx.o(RESET)
 <LI><a href="#[1a]">I2C1_IRQHandler</a> from startup_lpc17xx.o(.text) referenced from startup_lpc17xx.o(RESET)
 <LI><a href="#[1b]">I2C2_IRQHandler</a> from startup_lpc17xx.o(.text) referenced from startup_lpc17xx.o(RESET)
 <LI><a href="#[2a]">I2S_IRQHandler</a> from startup_lpc17xx.o(.text) referenced from startup_lpc17xx.o(RESET)
 <LI><a href="#[2d]">MCPWM_IRQHandler</a> from startup_lpc17xx.o(.text) referenced from startup_lpc17xx.o(RESET)
 <LI><a href="#[8]">MemManage_Handler</a> from main.o(.text) referenced from startup_lpc17xx.o(RESET)
 <LI><a href="#[3c]">MotorX_Handler</a> from motor_x.o(.text) referenced from main.o(i.InitFrzTimers)
 <LI><a href="#[3d]">MotorY_Handler</a> from motor_y.o(.text) referenced from main.o(i.InitFrzTimers)
 <LI><a href="#[3e]">MotorZ_Handler</a> from motor_z.o(.text) referenced from main.o(i.InitFrzTimers)
 <LI><a href="#[6]">NMI_Handler</a> from main.o(.text) referenced from startup_lpc17xx.o(RESET)
 <LI><a href="#[1f]">PLL0_IRQHandler</a> from startup_lpc17xx.o(.text) referenced from startup_lpc17xx.o(RESET)
 <LI><a href="#[2f]">PLL1_IRQHandler</a> from startup_lpc17xx.o(.text) referenced from startup_lpc17xx.o(RESET)
 <LI><a href="#[18]">PWM1_IRQHandler</a> from startup_lpc17xx.o(.text) referenced from startup_lpc17xx.o(RESET)
 <LI><a href="#[d]">PendSV_Handler</a> from main.o(.text) referenced from startup_lpc17xx.o(RESET)
 <LI><a href="#[1d7]">PrgRunHandleFrz</a> from regs.o(.text) referenced from regs.o(.text)
 <LI><a href="#[2e]">QEI_IRQHandler</a> from startup_lpc17xx.o(.text) referenced from startup_lpc17xx.o(RESET)
 <LI><a href="#[2c]">RIT_IRQHandler</a> from startup_lpc17xx.o(.text) referenced from startup_lpc17xx.o(RESET)
 <LI><a href="#[20]">RTC_IRQHandler</a> from startup_lpc17xx.o(.text) referenced from startup_lpc17xx.o(RESET)
 <LI><a href="#[5]">Reset_Handler</a> from startup_lpc17xx.o(.text) referenced from startup_lpc17xx.o(RESET)
 <LI><a href="#[1c]">SPI_IRQHandler</a> from startup_lpc17xx.o(.text) referenced from startup_lpc17xx.o(RESET)
 <LI><a href="#[1d]">SSP0_IRQHandler</a> from startup_lpc17xx.o(.text) referenced from startup_lpc17xx.o(RESET)
 <LI><a href="#[1e]">SSP1_IRQHandler</a> from startup_lpc17xx.o(.text) referenced from startup_lpc17xx.o(RESET)
 <LI><a href="#[b]">SVC_Handler</a> from main.o(.text) referenced from startup_lpc17xx.o(RESET)
 <LI><a href="#[e]">SysTick_Handler</a> from main.o(.text) referenced from startup_lpc17xx.o(RESET)
 <LI><a href="#[32]">SystemInit</a> from system_lpc17xx.o(.text) referenced from startup_lpc17xx.o(.text)
 <LI><a href="#[10]">TIMER0_IRQHandler</a> from timers.o(.text) referenced from startup_lpc17xx.o(RESET)
 <LI><a href="#[11]">TIMER1_IRQHandler</a> from timers.o(.text) referenced from startup_lpc17xx.o(RESET)
 <LI><a href="#[12]">TIMER2_IRQHandler</a> from timers.o(.text) referenced from startup_lpc17xx.o(RESET)
 <LI><a href="#[13]">TIMER3_IRQHandler</a> from timers.o(.text) referenced from startup_lpc17xx.o(RESET)
 <LI><a href="#[14]">UART0_IRQHandler</a> from uart.o(.text) referenced from startup_lpc17xx.o(RESET)
 <LI><a href="#[15]">UART1_IRQHandler</a> from uart.o(.text) referenced from startup_lpc17xx.o(RESET)
 <LI><a href="#[16]">UART2_IRQHandler</a> from startup_lpc17xx.o(.text) referenced from startup_lpc17xx.o(RESET)
 <LI><a href="#[17]">UART3_IRQHandler</a> from startup_lpc17xx.o(.text) referenced from startup_lpc17xx.o(RESET)
 <LI><a href="#[30]">USBActivity_IRQHandler</a> from startup_lpc17xx.o(.text) referenced from startup_lpc17xx.o(RESET)
 <LI><a href="#[27]">USB_IRQHandler</a> from startup_lpc17xx.o(.text) referenced from startup_lpc17xx.o(RESET)
 <LI><a href="#[a]">UsageFault_Handler</a> from main.o(.text) referenced from startup_lpc17xx.o(RESET)
 <LI><a href="#[f]">WDT_IRQHandler</a> from startup_lpc17xx.o(.text) referenced from startup_lpc17xx.o(RESET)
 <LI><a href="#[1d2]">XPositOnHandle</a> from regs.o(.text) referenced from regs.o(.text)
 <LI><a href="#[1d3]">YPositOnHandle</a> from regs.o(.text) referenced from regs.o(.text)
 <LI><a href="#[1d4]">ZPositOnHandle</a> from regs.o(.text) referenced from regs.o(.text)
 <LI><a href="#[40]">__main</a> from __main.o(!!!main) referenced from startup_lpc17xx.o(.text)
 <LI><a href="#[3b]">_get_lc_ctype</a> from lc_ctype_c.o(locale$$code) referenced from rt_ctype_table.o(.text)
 <LI><a href="#[3a]">_printf_input_char</a> from _printf_char_common.o(.text) referenced from _printf_char_common.o(.text)
 <LI><a href="#[39]">_sputc</a> from _sputc.o(.text) referenced 2 times from c89vsprintf.o(.text)
 <LI><a href="#[34]">mbFrzPackHandler0</a> from u0packets.o(.text) referenced from main.o(.text)
 <LI><a href="#[35]">mbFrzPackHandler1</a> from u1packets.o(.text) referenced from main.o(.text)
 <LI><a href="#[1d9]">mvcVHandleFrz</a> from regs.o(.text) referenced from regs.o(.text)
 <LI><a href="#[1d5]">pByPassHandle</a> from regs.o(.text) referenced from regs.o(.text)
 <LI><a href="#[1d8]">pCurCadrHandleFrz</a> from regs.o(.text) referenced from regs.o(.text)
 <LI><a href="#[37]">pDCTimeHandle</a> from regs.o(.text) referenced from regs.o(.text)
 <LI><a href="#[36]">pDrDelayHandle</a> from regs.o(.text) referenced from regs.o(.text)
 <LI><a href="#[1d6]">pHorizDatHandle</a> from regs.o(.text) referenced from regs.o(.text)
 <LI><a href="#[38]">pPercVminHandle</a> from regs.o(.text) referenced from regs.o(.text)
</UL>
<P>
<H3>
Global Symbols
</H3>
<P><STRONG><a name="[40]"></a>__main</STRONG> (Thumb, 8 bytes, Stack size 0 bytes, __main.o(!!!main))
<BR><BR>[Calls]<UL><LI><a href="#[42]">&gt;&gt;</a>&nbsp;&nbsp;&nbsp;__rt_entry
<LI><a href="#[41]">&gt;&gt;</a>&nbsp;&nbsp;&nbsp;__scatterload
</UL>

<P><STRONG><a name="[41]"></a>__scatterload</STRONG> (Thumb, 0 bytes, Stack size unknown bytes, __scatter.o(!!!scatter))
<BR><BR>[Called By]<UL><LI><a href="#[40]">&gt;&gt;</a>&nbsp;&nbsp;&nbsp;__main
</UL>

<P><STRONG><a name="[43]"></a>__scatterload_rt2</STRONG> (Thumb, 44 bytes, Stack size unknown bytes, __scatter.o(!!!scatter), UNUSED)
<BR><BR>[Calls]<UL><LI><a href="#[42]">&gt;&gt;</a>&nbsp;&nbsp;&nbsp;__rt_entry
</UL>

<P><STRONG><a name="[24b]"></a>__scatterload_rt2_thumb_only</STRONG> (Thumb, 0 bytes, Stack size unknown bytes, __scatter.o(!!!scatter), UNUSED)

<P><STRONG><a name="[24c]"></a>__scatterload_null</STRONG> (Thumb, 0 bytes, Stack size unknown bytes, __scatter.o(!!!scatter), UNUSED)

<P><STRONG><a name="[24d]"></a>__decompress</STRONG> (Thumb, 100 bytes, Stack size unknown bytes, __dclz77c.o(!!dclz77c), UNUSED)

<P><STRONG><a name="[24e]"></a>__decompress2</STRONG> (Thumb, 0 bytes, Stack size unknown bytes, __dclz77c.o(!!dclz77c), UNUSED)

<P><STRONG><a name="[24f]"></a>__scatterload_zeroinit</STRONG> (Thumb, 28 bytes, Stack size unknown bytes, __scatter_zi.o(!!handler_zi), UNUSED)

<P><STRONG><a name="[44]"></a>_printf_n</STRONG> (Thumb, 0 bytes, Stack size unknown bytes, _printf_n.o(.ARM.Collect$$_printf_percent$$00000001))
<BR><BR>[Calls]<UL><LI><a href="#[45]">&gt;&gt;</a>&nbsp;&nbsp;&nbsp;_printf_charcount
</UL>

<P><STRONG><a name="[1ec]"></a>_printf_percent</STRONG> (Thumb, 0 bytes, Stack size unknown bytes, _printf_percent.o(.ARM.Collect$$_printf_percent$$00000000))
<BR><BR>[Called By]<UL><LI><a href="#[1ea]">&gt;&gt;</a>&nbsp;&nbsp;&nbsp;__printf
</UL>

<P><STRONG><a name="[46]"></a>_printf_p</STRONG> (Thumb, 0 bytes, Stack size unknown bytes, _printf_p.o(.ARM.Collect$$_printf_percent$$00000002))
<BR><BR>[Stack]<UL><LI>Max Depth = 64 + Unknown Stack Size
<LI>Call Chain = _printf_p &rArr; _printf_hex_ptr &rArr; _printf_longlong_hex &rArr; _printf_int_common &rArr; _printf_post_padding
</UL>
<BR>[Calls]<UL><LI><a href="#[47]">&gt;&gt;</a>&nbsp;&nbsp;&nbsp;_printf_hex_ptr
</UL>

<P><STRONG><a name="[48]"></a>_printf_f</STRONG> (Thumb, 0 bytes, Stack size unknown bytes, _printf_f.o(.ARM.Collect$$_printf_percent$$00000003))
<BR><BR>[Stack]<UL><LI>Max Depth = 324 + Unknown Stack Size
<LI>Call Chain = _printf_f &rArr; _printf_fp_dec &rArr; _printf_fp_dec_real &rArr; _fp_digits &rArr; _btod_etento &rArr; _btod_emul &rArr; _e2e
</UL>
<BR>[Calls]<UL><LI><a href="#[49]">&gt;&gt;</a>&nbsp;&nbsp;&nbsp;_printf_fp_dec
</UL>

<P><STRONG><a name="[4a]"></a>_printf_e</STRONG> (Thumb, 0 bytes, Stack size unknown bytes, _printf_e.o(.ARM.Collect$$_printf_percent$$00000004))
<BR><BR>[Stack]<UL><LI>Max Depth = 324 + Unknown Stack Size
<LI>Call Chain = _printf_e &rArr; _printf_fp_dec &rArr; _printf_fp_dec_real &rArr; _fp_digits &rArr; _btod_etento &rArr; _btod_emul &rArr; _e2e
</UL>
<BR>[Calls]<UL><LI><a href="#[49]">&gt;&gt;</a>&nbsp;&nbsp;&nbsp;_printf_fp_dec
</UL>

<P><STRONG><a name="[4b]"></a>_printf_g</STRONG> (Thumb, 0 bytes, Stack size unknown bytes, _printf_g.o(.ARM.Collect$$_printf_percent$$00000005))
<BR><BR>[Stack]<UL><LI>Max Depth = 324 + Unknown Stack Size
<LI>Call Chain = _printf_g &rArr; _printf_fp_dec &rArr; _printf_fp_dec_real &rArr; _fp_digits &rArr; _btod_etento &rArr; _btod_emul &rArr; _e2e
</UL>
<BR>[Calls]<UL><LI><a href="#[49]">&gt;&gt;</a>&nbsp;&nbsp;&nbsp;_printf_fp_dec
</UL>

<P><STRONG><a name="[250]"></a>_printf_a</STRONG> (Thumb, 0 bytes, Stack size unknown bytes, _printf_a.o(.ARM.Collect$$_printf_percent$$00000006))

<P><STRONG><a name="[251]"></a>_printf_ll</STRONG> (Thumb, 0 bytes, Stack size unknown bytes, _printf_ll.o(.ARM.Collect$$_printf_percent$$00000007))

<P><STRONG><a name="[4c]"></a>_printf_i</STRONG> (Thumb, 0 bytes, Stack size unknown bytes, _printf_i.o(.ARM.Collect$$_printf_percent$$00000008))
<BR><BR>[Stack]<UL><LI>Max Depth = 72 + Unknown Stack Size
<LI>Call Chain = _printf_i &rArr; _printf_int_dec &rArr; _printf_int_common &rArr; _printf_post_padding
</UL>
<BR>[Calls]<UL><LI><a href="#[4d]">&gt;&gt;</a>&nbsp;&nbsp;&nbsp;_printf_int_dec
</UL>

<P><STRONG><a name="[4e]"></a>_printf_d</STRONG> (Thumb, 0 bytes, Stack size unknown bytes, _printf_d.o(.ARM.Collect$$_printf_percent$$00000009))
<BR><BR>[Stack]<UL><LI>Max Depth = 72 + Unknown Stack Size
<LI>Call Chain = _printf_d &rArr; _printf_int_dec &rArr; _printf_int_common &rArr; _printf_post_padding
</UL>
<BR>[Calls]<UL><LI><a href="#[4d]">&gt;&gt;</a>&nbsp;&nbsp;&nbsp;_printf_int_dec
</UL>

<P><STRONG><a name="[4f]"></a>_printf_u</STRONG> (Thumb, 0 bytes, Stack size unknown bytes, _printf_u.o(.ARM.Collect$$_printf_percent$$0000000A))
<BR><BR>[Stack]<UL><LI>Max Depth = 72 + Unknown Stack Size
<LI>Call Chain = _printf_u &rArr; _printf_int_dec &rArr; _printf_int_common &rArr; _printf_post_padding
</UL>
<BR>[Calls]<UL><LI><a href="#[4d]">&gt;&gt;</a>&nbsp;&nbsp;&nbsp;_printf_int_dec
</UL>

<P><STRONG><a name="[50]"></a>_printf_o</STRONG> (Thumb, 0 bytes, Stack size unknown bytes, _printf_o.o(.ARM.Collect$$_printf_percent$$0000000B))
<BR><BR>[Stack]<UL><LI>Max Depth = 64 + Unknown Stack Size
<LI>Call Chain = _printf_o &rArr; _printf_int_oct &rArr; _printf_longlong_oct &rArr; _printf_int_common &rArr; _printf_post_padding
</UL>
<BR>[Calls]<UL><LI><a href="#[51]">&gt;&gt;</a>&nbsp;&nbsp;&nbsp;_printf_int_oct
</UL>

<P><STRONG><a name="[52]"></a>_printf_x</STRONG> (Thumb, 0 bytes, Stack size unknown bytes, _printf_x.o(.ARM.Collect$$_printf_percent$$0000000C))
<BR><BR>[Stack]<UL><LI>Max Depth = 80 + Unknown Stack Size
<LI>Call Chain = _printf_x &rArr; _printf_int_hex &rArr; _printf_longlong_hex &rArr; _printf_int_common &rArr; _printf_post_padding
</UL>
<BR>[Calls]<UL><LI><a href="#[53]">&gt;&gt;</a>&nbsp;&nbsp;&nbsp;_printf_int_hex
</UL>

<P><STRONG><a name="[54]"></a>_printf_lli</STRONG> (Thumb, 0 bytes, Stack size unknown bytes, _printf_lli.o(.ARM.Collect$$_printf_percent$$0000000D))
<BR><BR>[Stack]<UL><LI>Max Depth = 72 + Unknown Stack Size
<LI>Call Chain = _printf_lli &rArr; _printf_longlong_dec &rArr; _printf_int_common &rArr; _printf_post_padding
</UL>
<BR>[Calls]<UL><LI><a href="#[55]">&gt;&gt;</a>&nbsp;&nbsp;&nbsp;_printf_longlong_dec
</UL>

<P><STRONG><a name="[56]"></a>_printf_lld</STRONG> (Thumb, 0 bytes, Stack size unknown bytes, _printf_lld.o(.ARM.Collect$$_printf_percent$$0000000E))
<BR><BR>[Stack]<UL><LI>Max Depth = 72 + Unknown Stack Size
<LI>Call Chain = _printf_lld &rArr; _printf_longlong_dec &rArr; _printf_int_common &rArr; _printf_post_padding
</UL>
<BR>[Calls]<UL><LI><a href="#[55]">&gt;&gt;</a>&nbsp;&nbsp;&nbsp;_printf_longlong_dec
</UL>

<P><STRONG><a name="[57]"></a>_printf_llu</STRONG> (Thumb, 0 bytes, Stack size unknown bytes, _printf_llu.o(.ARM.Collect$$_printf_percent$$0000000F))
<BR><BR>[Stack]<UL><LI>Max Depth = 72 + Unknown Stack Size
<LI>Call Chain = _printf_llu &rArr; _printf_longlong_dec &rArr; _printf_int_common &rArr; _printf_post_padding
</UL>
<BR>[Calls]<UL><LI><a href="#[55]">&gt;&gt;</a>&nbsp;&nbsp;&nbsp;_printf_longlong_dec
</UL>

<P><STRONG><a name="[58]"></a>_printf_llo</STRONG> (Thumb, 0 bytes, Stack size unknown bytes, _printf_llo.o(.ARM.Collect$$_printf_percent$$00000010))
<BR><BR>[Stack]<UL><LI>Max Depth = 56 + Unknown Stack Size
<LI>Call Chain = _printf_llo &rArr; _printf_ll_oct &rArr; _printf_longlong_oct &rArr; _printf_int_common &rArr; _printf_post_padding
</UL>
<BR>[Calls]<UL><LI><a href="#[59]">&gt;&gt;</a>&nbsp;&nbsp;&nbsp;_printf_ll_oct
</UL>

<P><STRONG><a name="[5a]"></a>_printf_llx</STRONG> (Thumb, 0 bytes, Stack size unknown bytes, _printf_llx.o(.ARM.Collect$$_printf_percent$$00000011))
<BR><BR>[Stack]<UL><LI>Max Depth = 64 + Unknown Stack Size
<LI>Call Chain = _printf_llx &rArr; _printf_ll_hex &rArr; _printf_longlong_hex &rArr; _printf_int_common &rArr; _printf_post_padding
</UL>
<BR>[Calls]<UL><LI><a href="#[5b]">&gt;&gt;</a>&nbsp;&nbsp;&nbsp;_printf_ll_hex
</UL>

<P><STRONG><a name="[252]"></a>_printf_l</STRONG> (Thumb, 0 bytes, Stack size unknown bytes, _printf_l.o(.ARM.Collect$$_printf_percent$$00000012))

<P><STRONG><a name="[5c]"></a>_printf_c</STRONG> (Thumb, 0 bytes, Stack size unknown bytes, _printf_c.o(.ARM.Collect$$_printf_percent$$00000013))
<BR><BR>[Stack]<UL><LI>Max Depth = 40 + Unknown Stack Size
<LI>Call Chain = _printf_c &rArr; _printf_char &rArr; _printf_cs_common &rArr; _printf_str &rArr; _printf_post_padding
</UL>
<BR>[Calls]<UL><LI><a href="#[5d]">&gt;&gt;</a>&nbsp;&nbsp;&nbsp;_printf_char
</UL>

<P><STRONG><a name="[5e]"></a>_printf_s</STRONG> (Thumb, 0 bytes, Stack size unknown bytes, _printf_s.o(.ARM.Collect$$_printf_percent$$00000014))
<BR><BR>[Stack]<UL><LI>Max Depth = 40 + Unknown Stack Size
<LI>Call Chain = _printf_s &rArr; _printf_string &rArr; _printf_cs_common &rArr; _printf_str &rArr; _printf_post_padding
</UL>
<BR>[Calls]<UL><LI><a href="#[5f]">&gt;&gt;</a>&nbsp;&nbsp;&nbsp;_printf_string
</UL>

<P><STRONG><a name="[60]"></a>_printf_lc</STRONG> (Thumb, 0 bytes, Stack size unknown bytes, _printf_lc.o(.ARM.Collect$$_printf_percent$$00000015))
<BR><BR>[Stack]<UL><LI>Max Depth = 88 + Unknown Stack Size
<LI>Call Chain = _printf_lc &rArr; _printf_wchar &rArr; _printf_lcs_common &rArr; _printf_wctomb &rArr; _wcrtomb &rArr; __rt_ctype_table
</UL>
<BR>[Calls]<UL><LI><a href="#[61]">&gt;&gt;</a>&nbsp;&nbsp;&nbsp;_printf_wchar
</UL>

<P><STRONG><a name="[62]"></a>_printf_ls</STRONG> (Thumb, 0 bytes, Stack size unknown bytes, _printf_ls.o(.ARM.Collect$$_printf_percent$$00000016))
<BR><BR>[Stack]<UL><LI>Max Depth = 88 + Unknown Stack Size
<LI>Call Chain = _printf_ls &rArr; _printf_wstring &rArr; _printf_lcs_common &rArr; _printf_wctomb &rArr; _wcrtomb &rArr; __rt_ctype_table
</UL>
<BR>[Calls]<UL><LI><a href="#[63]">&gt;&gt;</a>&nbsp;&nbsp;&nbsp;_printf_wstring
</UL>

<P><STRONG><a name="[253]"></a>_printf_percent_end</STRONG> (Thumb, 0 bytes, Stack size unknown bytes, _printf_percent_end.o(.ARM.Collect$$_printf_percent$$00000017))

<P><STRONG><a name="[6c]"></a>__rt_lib_init</STRONG> (Thumb, 0 bytes, Stack size unknown bytes, libinit.o(.ARM.Collect$$libinit$$00000000))
<BR><BR>[Called By]<UL><LI><a href="#[6b]">&gt;&gt;</a>&nbsp;&nbsp;&nbsp;__rt_entry_li
</UL>

<P><STRONG><a name="[254]"></a>__rt_lib_init_fp_1</STRONG> (Thumb, 0 bytes, Stack size unknown bytes, libinit2.o(.ARM.Collect$$libinit$$00000002))

<P><STRONG><a name="[255]"></a>__rt_lib_init_heap_1</STRONG> (Thumb, 0 bytes, Stack size unknown bytes, libinit2.o(.ARM.Collect$$libinit$$0000000A))

<P><STRONG><a name="[64]"></a>__rt_lib_init_lc_common</STRONG> (Thumb, 0 bytes, Stack size unknown bytes, libinit2.o(.ARM.Collect$$libinit$$0000000F))
<BR><BR>[Calls]<UL><LI><a href="#[65]">&gt;&gt;</a>&nbsp;&nbsp;&nbsp;__rt_locale
</UL>

<P><STRONG><a name="[256]"></a>__rt_lib_init_preinit_1</STRONG> (Thumb, 0 bytes, Stack size unknown bytes, libinit2.o(.ARM.Collect$$libinit$$00000004))

<P><STRONG><a name="[257]"></a>__rt_lib_init_rand_1</STRONG> (Thumb, 0 bytes, Stack size unknown bytes, libinit2.o(.ARM.Collect$$libinit$$0000000E))

<P><STRONG><a name="[258]"></a>__rt_lib_init_user_alloc_1</STRONG> (Thumb, 0 bytes, Stack size unknown bytes, libinit2.o(.ARM.Collect$$libinit$$0000000C))

<P><STRONG><a name="[259]"></a>__rt_lib_init_lc_collate_1</STRONG> (Thumb, 0 bytes, Stack size unknown bytes, libinit2.o(.ARM.Collect$$libinit$$00000011))

<P><STRONG><a name="[66]"></a>__rt_lib_init_lc_ctype_2</STRONG> (Thumb, 0 bytes, Stack size unknown bytes, libinit2.o(.ARM.Collect$$libinit$$00000012))
<BR><BR>[Stack]<UL><LI>Max Depth = 8 + Unknown Stack Size
<LI>Call Chain = __rt_lib_init_lc_ctype_2 &rArr; _get_lc_ctype
</UL>
<BR>[Calls]<UL><LI><a href="#[3b]">&gt;&gt;</a>&nbsp;&nbsp;&nbsp;_get_lc_ctype
</UL>

<P><STRONG><a name="[25a]"></a>__rt_lib_init_lc_ctype_1</STRONG> (Thumb, 0 bytes, Stack size unknown bytes, libinit2.o(.ARM.Collect$$libinit$$00000013))

<P><STRONG><a name="[25b]"></a>__rt_lib_init_lc_monetary_1</STRONG> (Thumb, 0 bytes, Stack size unknown bytes, libinit2.o(.ARM.Collect$$libinit$$00000015))

<P><STRONG><a name="[67]"></a>__rt_lib_init_lc_numeric_2</STRONG> (Thumb, 0 bytes, Stack size unknown bytes, libinit2.o(.ARM.Collect$$libinit$$00000016))
<BR><BR>[Stack]<UL><LI>Max Depth = 8 + Unknown Stack Size
<LI>Call Chain = __rt_lib_init_lc_numeric_2 &rArr; _get_lc_numeric
</UL>
<BR>[Calls]<UL><LI><a href="#[68]">&gt;&gt;</a>&nbsp;&nbsp;&nbsp;_get_lc_numeric
</UL>

<P><STRONG><a name="[25c]"></a>__rt_lib_init_alloca_1</STRONG> (Thumb, 0 bytes, Stack size unknown bytes, libinit2.o(.ARM.Collect$$libinit$$0000002E))

<P><STRONG><a name="[25d]"></a>__rt_lib_init_argv_1</STRONG> (Thumb, 0 bytes, Stack size unknown bytes, libinit2.o(.ARM.Collect$$libinit$$0000002C))

<P><STRONG><a name="[25e]"></a>__rt_lib_init_atexit_1</STRONG> (Thumb, 0 bytes, Stack size unknown bytes, libinit2.o(.ARM.Collect$$libinit$$0000001B))

<P><STRONG><a name="[25f]"></a>__rt_lib_init_clock_1</STRONG> (Thumb, 0 bytes, Stack size unknown bytes, libinit2.o(.ARM.Collect$$libinit$$00000021))

<P><STRONG><a name="[260]"></a>__rt_lib_init_cpp_1</STRONG> (Thumb, 0 bytes, Stack size unknown bytes, libinit2.o(.ARM.Collect$$libinit$$00000032))

<P><STRONG><a name="[261]"></a>__rt_lib_init_exceptions_1</STRONG> (Thumb, 0 bytes, Stack size unknown bytes, libinit2.o(.ARM.Collect$$libinit$$00000030))

<P><STRONG><a name="[262]"></a>__rt_lib_init_fp_trap_1</STRONG> (Thumb, 0 bytes, Stack size unknown bytes, libinit2.o(.ARM.Collect$$libinit$$0000001F))

<P><STRONG><a name="[263]"></a>__rt_lib_init_getenv_1</STRONG> (Thumb, 0 bytes, Stack size unknown bytes, libinit2.o(.ARM.Collect$$libinit$$00000023))

<P><STRONG><a name="[264]"></a>__rt_lib_init_lc_numeric_1</STRONG> (Thumb, 0 bytes, Stack size unknown bytes, libinit2.o(.ARM.Collect$$libinit$$00000017))

<P><STRONG><a name="[265]"></a>__rt_lib_init_lc_time_1</STRONG> (Thumb, 0 bytes, Stack size unknown bytes, libinit2.o(.ARM.Collect$$libinit$$00000019))

<P><STRONG><a name="[266]"></a>__rt_lib_init_return</STRONG> (Thumb, 0 bytes, Stack size unknown bytes, libinit2.o(.ARM.Collect$$libinit$$00000033))

<P><STRONG><a name="[267]"></a>__rt_lib_init_signal_1</STRONG> (Thumb, 0 bytes, Stack size unknown bytes, libinit2.o(.ARM.Collect$$libinit$$0000001D))

<P><STRONG><a name="[268]"></a>__rt_lib_init_stdio_1</STRONG> (Thumb, 0 bytes, Stack size unknown bytes, libinit2.o(.ARM.Collect$$libinit$$00000025))

<P><STRONG><a name="[71]"></a>__rt_lib_shutdown</STRONG> (Thumb, 0 bytes, Stack size unknown bytes, libshutdown.o(.ARM.Collect$$libshutdown$$00000000))
<BR><BR>[Called By]<UL><LI><a href="#[70]">&gt;&gt;</a>&nbsp;&nbsp;&nbsp;__rt_exit_ls
</UL>

<P><STRONG><a name="[269]"></a>__rt_lib_shutdown_cpp_1</STRONG> (Thumb, 0 bytes, Stack size unknown bytes, libshutdown2.o(.ARM.Collect$$libshutdown$$00000004))

<P><STRONG><a name="[26a]"></a>__rt_lib_shutdown_fini_1</STRONG> (Thumb, 0 bytes, Stack size unknown bytes, libshutdown2.o(.ARM.Collect$$libshutdown$$00000002))

<P><STRONG><a name="[26b]"></a>__rt_lib_shutdown_fp_trap_1</STRONG> (Thumb, 0 bytes, Stack size unknown bytes, libshutdown2.o(.ARM.Collect$$libshutdown$$00000009))

<P><STRONG><a name="[26c]"></a>__rt_lib_shutdown_heap_1</STRONG> (Thumb, 0 bytes, Stack size unknown bytes, libshutdown2.o(.ARM.Collect$$libshutdown$$00000011))

<P><STRONG><a name="[26d]"></a>__rt_lib_shutdown_return</STRONG> (Thumb, 0 bytes, Stack size unknown bytes, libshutdown2.o(.ARM.Collect$$libshutdown$$00000012))

<P><STRONG><a name="[26e]"></a>__rt_lib_shutdown_signal_1</STRONG> (Thumb, 0 bytes, Stack size unknown bytes, libshutdown2.o(.ARM.Collect$$libshutdown$$0000000C))

<P><STRONG><a name="[26f]"></a>__rt_lib_shutdown_stdio_1</STRONG> (Thumb, 0 bytes, Stack size unknown bytes, libshutdown2.o(.ARM.Collect$$libshutdown$$00000006))

<P><STRONG><a name="[270]"></a>__rt_lib_shutdown_user_alloc_1</STRONG> (Thumb, 0 bytes, Stack size unknown bytes, libshutdown2.o(.ARM.Collect$$libshutdown$$0000000E))

<P><STRONG><a name="[42]"></a>__rt_entry</STRONG> (Thumb, 0 bytes, Stack size unknown bytes, __rtentry.o(.ARM.Collect$$rtentry$$00000000))
<BR><BR>[Called By]<UL><LI><a href="#[40]">&gt;&gt;</a>&nbsp;&nbsp;&nbsp;__main
<LI><a href="#[43]">&gt;&gt;</a>&nbsp;&nbsp;&nbsp;__scatterload_rt2
</UL>

<P><STRONG><a name="[271]"></a>__rt_entry_presh_1</STRONG> (Thumb, 0 bytes, Stack size unknown bytes, __rtentry2.o(.ARM.Collect$$rtentry$$00000002))

<P><STRONG><a name="[69]"></a>__rt_entry_sh</STRONG> (Thumb, 0 bytes, Stack size unknown bytes, __rtentry4.o(.ARM.Collect$$rtentry$$00000004))
<BR><BR>[Stack]<UL><LI>Max Depth = 8 + Unknown Stack Size
<LI>Call Chain = __rt_entry_sh &rArr; __user_setup_stackheap
</UL>
<BR>[Calls]<UL><LI><a href="#[6a]">&gt;&gt;</a>&nbsp;&nbsp;&nbsp;__user_setup_stackheap
</UL>

<P><STRONG><a name="[6b]"></a>__rt_entry_li</STRONG> (Thumb, 0 bytes, Stack size unknown bytes, __rtentry2.o(.ARM.Collect$$rtentry$$0000000A))
<BR><BR>[Calls]<UL><LI><a href="#[6c]">&gt;&gt;</a>&nbsp;&nbsp;&nbsp;__rt_lib_init
</UL>

<P><STRONG><a name="[272]"></a>__rt_entry_postsh_1</STRONG> (Thumb, 0 bytes, Stack size unknown bytes, __rtentry2.o(.ARM.Collect$$rtentry$$00000009))

<P><STRONG><a name="[6d]"></a>__rt_entry_main</STRONG> (Thumb, 0 bytes, Stack size unknown bytes, __rtentry2.o(.ARM.Collect$$rtentry$$0000000D))
<BR><BR>[Stack]<UL><LI>Max Depth = 408 + Unknown Stack Size
<LI>Call Chain = __rt_entry_main &rArr; main &rArr; RunPrgFrz &rArr; RecoverBlock &rArr; TranslatePrg &rArr; CheckNextLine &rArr; TranslateLineToBlock &rArr; LineToBlock &rArr; Msg &rArr; __c89vsprintf &rArr; _printf_char_common &rArr; __printf
</UL>
<BR>[Calls]<UL><LI><a href="#[6e]">&gt;&gt;</a>&nbsp;&nbsp;&nbsp;main
<LI><a href="#[6f]">&gt;&gt;</a>&nbsp;&nbsp;&nbsp;exit
</UL>

<P><STRONG><a name="[273]"></a>__rt_entry_postli_1</STRONG> (Thumb, 0 bytes, Stack size unknown bytes, __rtentry2.o(.ARM.Collect$$rtentry$$0000000C))

<P><STRONG><a name="[207]"></a>__rt_exit</STRONG> (Thumb, 0 bytes, Stack size unknown bytes, rtexit.o(.ARM.Collect$$rtexit$$00000000))
<BR><BR>[Called By]<UL><LI><a href="#[6f]">&gt;&gt;</a>&nbsp;&nbsp;&nbsp;exit
</UL>

<P><STRONG><a name="[70]"></a>__rt_exit_ls</STRONG> (Thumb, 0 bytes, Stack size unknown bytes, rtexit2.o(.ARM.Collect$$rtexit$$00000003))
<BR><BR>[Calls]<UL><LI><a href="#[71]">&gt;&gt;</a>&nbsp;&nbsp;&nbsp;__rt_lib_shutdown
</UL>

<P><STRONG><a name="[274]"></a>__rt_exit_prels_1</STRONG> (Thumb, 0 bytes, Stack size unknown bytes, rtexit2.o(.ARM.Collect$$rtexit$$00000002))

<P><STRONG><a name="[72]"></a>__rt_exit_exit</STRONG> (Thumb, 0 bytes, Stack size unknown bytes, rtexit2.o(.ARM.Collect$$rtexit$$00000004))
<BR><BR>[Calls]<UL><LI><a href="#[73]">&gt;&gt;</a>&nbsp;&nbsp;&nbsp;_sys_exit
</UL>

<P><STRONG><a name="[126]"></a>boot_jump</STRONG> (Thumb, 8 bytes, Stack size 0 bytes, sbl_iap.o(.emb_text))
<BR><BR>[Called By]<UL><LI><a href="#[14d]">&gt;&gt;</a>&nbsp;&nbsp;&nbsp;pReset
<LI><a href="#[124]">&gt;&gt;</a>&nbsp;&nbsp;&nbsp;RunBootLoader
</UL>

<P><STRONG><a name="[5]"></a>Reset_Handler</STRONG> (Thumb, 8 bytes, Stack size 0 bytes, startup_lpc17xx.o(.text))
<BR>[Address Reference Count : 1]<UL><LI> startup_lpc17xx.o(RESET)
</UL>
<P><STRONG><a name="[25]"></a>ADC_IRQHandler</STRONG> (Thumb, 0 bytes, Stack size 0 bytes, startup_lpc17xx.o(.text))
<BR><BR>[Calls]<UL><LI><a href="#[25]">&gt;&gt;</a>&nbsp;&nbsp;&nbsp;ADC_IRQHandler
</UL>
<BR>[Called By]<UL><LI><a href="#[25]">&gt;&gt;</a>&nbsp;&nbsp;&nbsp;ADC_IRQHandler
</UL>
<BR>[Address Reference Count : 1]<UL><LI> startup_lpc17xx.o(RESET)
</UL>
<P><STRONG><a name="[26]"></a>BOD_IRQHandler</STRONG> (Thumb, 0 bytes, Stack size 0 bytes, startup_lpc17xx.o(.text))
<BR>[Address Reference Count : 1]<UL><LI> startup_lpc17xx.o(RESET)
</UL>
<P><STRONG><a name="[31]"></a>CANActivity_IRQHandler</STRONG> (Thumb, 0 bytes, Stack size 0 bytes, startup_lpc17xx.o(.text))
<BR>[Address Reference Count : 1]<UL><LI> startup_lpc17xx.o(RESET)
</UL>
<P><STRONG><a name="[28]"></a>CAN_IRQHandler</STRONG> (Thumb, 0 bytes, Stack size 0 bytes, startup_lpc17xx.o(.text))
<BR>[Address Reference Count : 1]<UL><LI> startup_lpc17xx.o(RESET)
</UL>
<P><STRONG><a name="[29]"></a>DMA_IRQHandler</STRONG> (Thumb, 0 bytes, Stack size 0 bytes, startup_lpc17xx.o(.text))
<BR>[Address Reference Count : 1]<UL><LI> startup_lpc17xx.o(RESET)
</UL>
<P><STRONG><a name="[21]"></a>EINT0_IRQHandler</STRONG> (Thumb, 0 bytes, Stack size 0 bytes, startup_lpc17xx.o(.text))
<BR>[Address Reference Count : 1]<UL><LI> startup_lpc17xx.o(RESET)
</UL>
<P><STRONG><a name="[22]"></a>EINT1_IRQHandler</STRONG> (Thumb, 0 bytes, Stack size 0 bytes, startup_lpc17xx.o(.text))
<BR>[Address Reference Count : 1]<UL><LI> startup_lpc17xx.o(RESET)
</UL>
<P><STRONG><a name="[23]"></a>EINT2_IRQHandler</STRONG> (Thumb, 0 bytes, Stack size 0 bytes, startup_lpc17xx.o(.text))
<BR>[Address Reference Count : 1]<UL><LI> startup_lpc17xx.o(RESET)
</UL>
<P><STRONG><a name="[24]"></a>EINT3_IRQHandler</STRONG> (Thumb, 0 bytes, Stack size 0 bytes, startup_lpc17xx.o(.text))
<BR>[Address Reference Count : 1]<UL><LI> startup_lpc17xx.o(RESET)
</UL>
<P><STRONG><a name="[2b]"></a>ENET_IRQHandler</STRONG> (Thumb, 0 bytes, Stack size 0 bytes, startup_lpc17xx.o(.text))
<BR>[Address Reference Count : 1]<UL><LI> startup_lpc17xx.o(RESET)
</UL>
<P><STRONG><a name="[19]"></a>I2C0_IRQHandler</STRONG> (Thumb, 0 bytes, Stack size 0 bytes, startup_lpc17xx.o(.text))
<BR>[Address Reference Count : 1]<UL><LI> startup_lpc17xx.o(RESET)
</UL>
<P><STRONG><a name="[1a]"></a>I2C1_IRQHandler</STRONG> (Thumb, 0 bytes, Stack size 0 bytes, startup_lpc17xx.o(.text))
<BR>[Address Reference Count : 1]<UL><LI> startup_lpc17xx.o(RESET)
</UL>
<P><STRONG><a name="[1b]"></a>I2C2_IRQHandler</STRONG> (Thumb, 0 bytes, Stack size 0 bytes, startup_lpc17xx.o(.text))
<BR>[Address Reference Count : 1]<UL><LI> startup_lpc17xx.o(RESET)
</UL>
<P><STRONG><a name="[2a]"></a>I2S_IRQHandler</STRONG> (Thumb, 0 bytes, Stack size 0 bytes, startup_lpc17xx.o(.text))
<BR>[Address Reference Count : 1]<UL><LI> startup_lpc17xx.o(RESET)
</UL>
<P><STRONG><a name="[2d]"></a>MCPWM_IRQHandler</STRONG> (Thumb, 0 bytes, Stack size 0 bytes, startup_lpc17xx.o(.text))
<BR>[Address Reference Count : 1]<UL><LI> startup_lpc17xx.o(RESET)
</UL>
<P><STRONG><a name="[1f]"></a>PLL0_IRQHandler</STRONG> (Thumb, 0 bytes, Stack size 0 bytes, startup_lpc17xx.o(.text))
<BR>[Address Reference Count : 1]<UL><LI> startup_lpc17xx.o(RESET)
</UL>
<P><STRONG><a name="[2f]"></a>PLL1_IRQHandler</STRONG> (Thumb, 0 bytes, Stack size 0 bytes, startup_lpc17xx.o(.text))
<BR>[Address Reference Count : 1]<UL><LI> startup_lpc17xx.o(RESET)
</UL>
<P><STRONG><a name="[18]"></a>PWM1_IRQHandler</STRONG> (Thumb, 0 bytes, Stack size 0 bytes, startup_lpc17xx.o(.text))
<BR>[Address Reference Count : 1]<UL><LI> startup_lpc17xx.o(RESET)
</UL>
<P><STRONG><a name="[2e]"></a>QEI_IRQHandler</STRONG> (Thumb, 0 bytes, Stack size 0 bytes, startup_lpc17xx.o(.text))
<BR>[Address Reference Count : 1]<UL><LI> startup_lpc17xx.o(RESET)
</UL>
<P><STRONG><a name="[2c]"></a>RIT_IRQHandler</STRONG> (Thumb, 0 bytes, Stack size 0 bytes, startup_lpc17xx.o(.text))
<BR>[Address Reference Count : 1]<UL><LI> startup_lpc17xx.o(RESET)
</UL>
<P><STRONG><a name="[20]"></a>RTC_IRQHandler</STRONG> (Thumb, 0 bytes, Stack size 0 bytes, startup_lpc17xx.o(.text))
<BR>[Address Reference Count : 1]<UL><LI> startup_lpc17xx.o(RESET)
</UL>
<P><STRONG><a name="[1c]"></a>SPI_IRQHandler</STRONG> (Thumb, 0 bytes, Stack size 0 bytes, startup_lpc17xx.o(.text))
<BR>[Address Reference Count : 1]<UL><LI> startup_lpc17xx.o(RESET)
</UL>
<P><STRONG><a name="[1d]"></a>SSP0_IRQHandler</STRONG> (Thumb, 0 bytes, Stack size 0 bytes, startup_lpc17xx.o(.text))
<BR>[Address Reference Count : 1]<UL><LI> startup_lpc17xx.o(RESET)
</UL>
<P><STRONG><a name="[1e]"></a>SSP1_IRQHandler</STRONG> (Thumb, 0 bytes, Stack size 0 bytes, startup_lpc17xx.o(.text))
<BR>[Address Reference Count : 1]<UL><LI> startup_lpc17xx.o(RESET)
</UL>
<P><STRONG><a name="[16]"></a>UART2_IRQHandler</STRONG> (Thumb, 0 bytes, Stack size 0 bytes, startup_lpc17xx.o(.text))
<BR>[Address Reference Count : 1]<UL><LI> startup_lpc17xx.o(RESET)
</UL>
<P><STRONG><a name="[17]"></a>UART3_IRQHandler</STRONG> (Thumb, 0 bytes, Stack size 0 bytes, startup_lpc17xx.o(.text))
<BR>[Address Reference Count : 1]<UL><LI> startup_lpc17xx.o(RESET)
</UL>
<P><STRONG><a name="[30]"></a>USBActivity_IRQHandler</STRONG> (Thumb, 0 bytes, Stack size 0 bytes, startup_lpc17xx.o(.text))
<BR>[Address Reference Count : 1]<UL><LI> startup_lpc17xx.o(RESET)
</UL>
<P><STRONG><a name="[27]"></a>USB_IRQHandler</STRONG> (Thumb, 0 bytes, Stack size 0 bytes, startup_lpc17xx.o(.text))
<BR>[Address Reference Count : 1]<UL><LI> startup_lpc17xx.o(RESET)
</UL>
<P><STRONG><a name="[f]"></a>WDT_IRQHandler</STRONG> (Thumb, 0 bytes, Stack size 0 bytes, startup_lpc17xx.o(.text))
<BR>[Address Reference Count : 1]<UL><LI> startup_lpc17xx.o(RESET)
</UL>
<P><STRONG><a name="[206]"></a>__user_initial_stackheap</STRONG> (Thumb, 0 bytes, Stack size unknown bytes, startup_lpc17xx.o(.text))
<BR><BR>[Called By]<UL><LI><a href="#[6a]">&gt;&gt;</a>&nbsp;&nbsp;&nbsp;__user_setup_stackheap
</UL>

<P><STRONG><a name="[275]"></a>SystemCoreClockUpdate</STRONG> (Thumb, 186 bytes, Stack size 0 bytes, system_lpc17xx.o(.text), UNUSED)

<P><STRONG><a name="[32]"></a>SystemInit</STRONG> (Thumb, 144 bytes, Stack size 12 bytes, system_lpc17xx.o(.text))
<BR><BR>[Stack]<UL><LI>Max Depth = 12<LI>Call Chain = SystemInit
</UL>
<BR>[Called By]<UL><LI><a href="#[165]">&gt;&gt;</a>&nbsp;&nbsp;&nbsp;InitPlatform
</UL>
<BR>[Address Reference Count : 1]<UL><LI> startup_lpc17xx.o(.text)
</UL>
<P><STRONG><a name="[84]"></a>CLKPWR_SetPCLKDiv</STRONG> (Thumb, 86 bytes, Stack size 8 bytes, lpc17xx_clkpwr.o(.text))
<BR><BR>[Stack]<UL><LI>Max Depth = 8<LI>Call Chain = CLKPWR_SetPCLKDiv
</UL>
<BR>[Called By]<UL><LI><a href="#[83]">&gt;&gt;</a>&nbsp;&nbsp;&nbsp;TIM_Init
</UL>

<P><STRONG><a name="[75]"></a>CLKPWR_GetPCLKSEL</STRONG> (Thumb, 26 bytes, Stack size 0 bytes, lpc17xx_clkpwr.o(.text))
<BR><BR>[Called By]<UL><LI><a href="#[74]">&gt;&gt;</a>&nbsp;&nbsp;&nbsp;CLKPWR_GetPCLK
</UL>

<P><STRONG><a name="[74]"></a>CLKPWR_GetPCLK</STRONG> (Thumb, 38 bytes, Stack size 4 bytes, lpc17xx_clkpwr.o(.text))
<BR><BR>[Stack]<UL><LI>Max Depth = 4<LI>Call Chain = CLKPWR_GetPCLK
</UL>
<BR>[Calls]<UL><LI><a href="#[75]">&gt;&gt;</a>&nbsp;&nbsp;&nbsp;CLKPWR_GetPCLKSEL
</UL>
<BR>[Called By]<UL><LI><a href="#[83]">&gt;&gt;</a>&nbsp;&nbsp;&nbsp;TIM_Init
<LI><a href="#[76]">&gt;&gt;</a>&nbsp;&nbsp;&nbsp;uart_set_divisors
</UL>

<P><STRONG><a name="[79]"></a>CLKPWR_ConfigPPWR</STRONG> (Thumb, 34 bytes, Stack size 0 bytes, lpc17xx_clkpwr.o(.text))
<BR><BR>[Called By]<UL><LI><a href="#[85]">&gt;&gt;</a>&nbsp;&nbsp;&nbsp;TIM_DeInit
<LI><a href="#[83]">&gt;&gt;</a>&nbsp;&nbsp;&nbsp;TIM_Init
<LI><a href="#[7a]">&gt;&gt;</a>&nbsp;&nbsp;&nbsp;UART_DeInit
<LI><a href="#[78]">&gt;&gt;</a>&nbsp;&nbsp;&nbsp;UART_Init
</UL>

<P><STRONG><a name="[276]"></a>CLKPWR_Sleep</STRONG> (Thumb, 12 bytes, Stack size 0 bytes, lpc17xx_clkpwr.o(.text), UNUSED)

<P><STRONG><a name="[277]"></a>CLKPWR_DeepSleep</STRONG> (Thumb, 18 bytes, Stack size 0 bytes, lpc17xx_clkpwr.o(.text), UNUSED)

<P><STRONG><a name="[278]"></a>CLKPWR_PowerDown</STRONG> (Thumb, 18 bytes, Stack size 0 bytes, lpc17xx_clkpwr.o(.text), UNUSED)

<P><STRONG><a name="[279]"></a>CLKPWR_DeepPowerDown</STRONG> (Thumb, 18 bytes, Stack size 0 bytes, lpc17xx_clkpwr.o(.text), UNUSED)

<P><STRONG><a name="[27a]"></a>PINSEL_ConfigTraceFunc</STRONG> (Thumb, 28 bytes, Stack size 0 bytes, lpc17xx_pinsel.o(.text), UNUSED)

<P><STRONG><a name="[27b]"></a>PINSEL_SetI2C0Pins</STRONG> (Thumb, 16 bytes, Stack size 0 bytes, lpc17xx_pinsel.o(.text), UNUSED)

<P><STRONG><a name="[e9]"></a>PINSEL_ConfigPin</STRONG> (Thumb, 118 bytes, Stack size 20 bytes, lpc17xx_pinsel.o(.text))
<BR><BR>[Stack]<UL><LI>Max Depth = 20<LI>Call Chain = PINSEL_ConfigPin
</UL>
<BR>[Called By]<UL><LI><a href="#[e8]">&gt;&gt;</a>&nbsp;&nbsp;&nbsp;UARTx_Init
</UL>

<P><STRONG><a name="[78]"></a>UART_Init</STRONG> (Thumb, 286 bytes, Stack size 32 bytes, lpc17xx_uart.o(.text))
<BR><BR>[Stack]<UL><LI>Max Depth = 136<LI>Call Chain = UART_Init &rArr; uart_set_divisors &rArr; __aeabi_uldivmod
</UL>
<BR>[Calls]<UL><LI><a href="#[76]">&gt;&gt;</a>&nbsp;&nbsp;&nbsp;uart_set_divisors
<LI><a href="#[79]">&gt;&gt;</a>&nbsp;&nbsp;&nbsp;CLKPWR_ConfigPPWR
</UL>
<BR>[Called By]<UL><LI><a href="#[e8]">&gt;&gt;</a>&nbsp;&nbsp;&nbsp;UARTx_Init
</UL>

<P><STRONG><a name="[7b]"></a>UART_TxCmd</STRONG> (Thumb, 26 bytes, Stack size 0 bytes, lpc17xx_uart.o(.text))
<BR><BR>[Called By]<UL><LI><a href="#[e8]">&gt;&gt;</a>&nbsp;&nbsp;&nbsp;UARTx_Init
<LI><a href="#[7a]">&gt;&gt;</a>&nbsp;&nbsp;&nbsp;UART_DeInit
</UL>

<P><STRONG><a name="[7a]"></a>UART_DeInit</STRONG> (Thumb, 74 bytes, Stack size 16 bytes, lpc17xx_uart.o(.text), UNUSED)
<BR><BR>[Calls]<UL><LI><a href="#[7b]">&gt;&gt;</a>&nbsp;&nbsp;&nbsp;UART_TxCmd
<LI><a href="#[79]">&gt;&gt;</a>&nbsp;&nbsp;&nbsp;CLKPWR_ConfigPPWR
</UL>

<P><STRONG><a name="[27c]"></a>UART_ConfigStructInit</STRONG> (Thumb, 18 bytes, Stack size 0 bytes, lpc17xx_uart.o(.text), UNUSED)

<P><STRONG><a name="[7d]"></a>UART_SendByte</STRONG> (Thumb, 6 bytes, Stack size 0 bytes, lpc17xx_uart.o(.text), UNUSED)
<BR><BR>[Called By]<UL><LI><a href="#[7c]">&gt;&gt;</a>&nbsp;&nbsp;&nbsp;UART_Send
</UL>

<P><STRONG><a name="[7f]"></a>UART_ReceiveByte</STRONG> (Thumb, 6 bytes, Stack size 0 bytes, lpc17xx_uart.o(.text))
<BR><BR>[Called By]<UL><LI><a href="#[7e]">&gt;&gt;</a>&nbsp;&nbsp;&nbsp;UART_Receive
</UL>

<P><STRONG><a name="[7c]"></a>UART_Send</STRONG> (Thumb, 22 bytes, Stack size 4 bytes, lpc17xx_uart.o(.text), UNUSED)
<BR><BR>[Calls]<UL><LI><a href="#[7d]">&gt;&gt;</a>&nbsp;&nbsp;&nbsp;UART_SendByte
</UL>
<BR>[Called By]<UL><LI><a href="#[80]">&gt;&gt;</a>&nbsp;&nbsp;&nbsp;UART_RS485Send
</UL>

<P><STRONG><a name="[e0]"></a>UART0_Send</STRONG> (Thumb, 18 bytes, Stack size 0 bytes, lpc17xx_uart.o(.text))
<BR><BR>[Called By]<UL><LI><a href="#[df]">&gt;&gt;</a>&nbsp;&nbsp;&nbsp;UART0_IntTransmit
</UL>

<P><STRONG><a name="[e5]"></a>UART1_Send</STRONG> (Thumb, 18 bytes, Stack size 0 bytes, lpc17xx_uart.o(.text))
<BR><BR>[Called By]<UL><LI><a href="#[e4]">&gt;&gt;</a>&nbsp;&nbsp;&nbsp;UART1_IntTransmit
</UL>

<P><STRONG><a name="[7e]"></a>UART_Receive</STRONG> (Thumb, 82 bytes, Stack size 20 bytes, lpc17xx_uart.o(.text))
<BR><BR>[Stack]<UL><LI>Max Depth = 20<LI>Call Chain = UART_Receive
</UL>
<BR>[Calls]<UL><LI><a href="#[7f]">&gt;&gt;</a>&nbsp;&nbsp;&nbsp;UART_ReceiveByte
</UL>
<BR>[Called By]<UL><LI><a href="#[e7]">&gt;&gt;</a>&nbsp;&nbsp;&nbsp;UART1_IntReceive
<LI><a href="#[e1]">&gt;&gt;</a>&nbsp;&nbsp;&nbsp;UART0_IntReceive
</UL>

<P><STRONG><a name="[27d]"></a>UART_ForceBreak</STRONG> (Thumb, 12 bytes, Stack size 0 bytes, lpc17xx_uart.o(.text), UNUSED)

<P><STRONG><a name="[ec]"></a>UART_IntConfig</STRONG> (Thumb, 84 bytes, Stack size 8 bytes, lpc17xx_uart.o(.text))
<BR><BR>[Stack]<UL><LI>Max Depth = 8<LI>Call Chain = UART_IntConfig
</UL>
<BR>[Called By]<UL><LI><a href="#[f3]">&gt;&gt;</a>&nbsp;&nbsp;&nbsp;UARTx_RecvBuffer
<LI><a href="#[f2]">&gt;&gt;</a>&nbsp;&nbsp;&nbsp;UARTx_SendBuffer
<LI><a href="#[e8]">&gt;&gt;</a>&nbsp;&nbsp;&nbsp;UARTx_Init
</UL>

<P><STRONG><a name="[e3]"></a>UART_GetLineStatus</STRONG> (Thumb, 14 bytes, Stack size 0 bytes, lpc17xx_uart.o(.text))
<BR><BR>[Called By]<UL><LI><a href="#[15]">&gt;&gt;</a>&nbsp;&nbsp;&nbsp;UART1_IRQHandler
<LI><a href="#[14]">&gt;&gt;</a>&nbsp;&nbsp;&nbsp;UART0_IRQHandler
</UL>

<P><STRONG><a name="[e2]"></a>UART_GetIntId</STRONG> (Thumb, 10 bytes, Stack size 0 bytes, lpc17xx_uart.o(.text))
<BR><BR>[Called By]<UL><LI><a href="#[15]">&gt;&gt;</a>&nbsp;&nbsp;&nbsp;UART1_IRQHandler
<LI><a href="#[14]">&gt;&gt;</a>&nbsp;&nbsp;&nbsp;UART0_IRQHandler
</UL>

<P><STRONG><a name="[27e]"></a>UART_CheckBusy</STRONG> (Thumb, 32 bytes, Stack size 0 bytes, lpc17xx_uart.o(.text), UNUSED)

<P><STRONG><a name="[eb]"></a>UART_FIFOConfig</STRONG> (Thumb, 64 bytes, Stack size 0 bytes, lpc17xx_uart.o(.text))
<BR><BR>[Called By]<UL><LI><a href="#[e8]">&gt;&gt;</a>&nbsp;&nbsp;&nbsp;UARTx_Init
</UL>

<P><STRONG><a name="[ea]"></a>UART_FIFOConfigStructInit</STRONG> (Thumb, 14 bytes, Stack size 0 bytes, lpc17xx_uart.o(.text))
<BR><BR>[Called By]<UL><LI><a href="#[e8]">&gt;&gt;</a>&nbsp;&nbsp;&nbsp;UARTx_Init
</UL>

<P><STRONG><a name="[27f]"></a>UART_ABCmd</STRONG> (Thumb, 102 bytes, Stack size 12 bytes, lpc17xx_uart.o(.text), UNUSED)

<P><STRONG><a name="[280]"></a>UART_ABClearIntPending</STRONG> (Thumb, 10 bytes, Stack size 0 bytes, lpc17xx_uart.o(.text), UNUSED)

<P><STRONG><a name="[281]"></a>UART_IrDAInvtInputCmd</STRONG> (Thumb, 30 bytes, Stack size 0 bytes, lpc17xx_uart.o(.text), UNUSED)

<P><STRONG><a name="[282]"></a>UART_IrDACmd</STRONG> (Thumb, 22 bytes, Stack size 0 bytes, lpc17xx_uart.o(.text), UNUSED)

<P><STRONG><a name="[283]"></a>UART_IrDAPulseDivConfig</STRONG> (Thumb, 24 bytes, Stack size 0 bytes, lpc17xx_uart.o(.text), UNUSED)

<P><STRONG><a name="[284]"></a>UART_FullModemForcePinState</STRONG> (Thumb, 36 bytes, Stack size 0 bytes, lpc17xx_uart.o(.text), UNUSED)

<P><STRONG><a name="[285]"></a>UART_FullModemConfigMode</STRONG> (Thumb, 42 bytes, Stack size 0 bytes, lpc17xx_uart.o(.text), UNUSED)

<P><STRONG><a name="[286]"></a>UART_FullModemGetStatus</STRONG> (Thumb, 4 bytes, Stack size 0 bytes, lpc17xx_uart.o(.text), UNUSED)

<P><STRONG><a name="[287]"></a>UART_RS485Config</STRONG> (Thumb, 82 bytes, Stack size 0 bytes, lpc17xx_uart.o(.text), UNUSED)

<P><STRONG><a name="[288]"></a>UART_RS485ReceiverCmd</STRONG> (Thumb, 22 bytes, Stack size 0 bytes, lpc17xx_uart.o(.text), UNUSED)

<P><STRONG><a name="[80]"></a>UART_RS485Send</STRONG> (Thumb, 46 bytes, Stack size 12 bytes, lpc17xx_uart.o(.text), UNUSED)
<BR><BR>[Calls]<UL><LI><a href="#[7c]">&gt;&gt;</a>&nbsp;&nbsp;&nbsp;UART_Send
</UL>
<BR>[Called By]<UL><LI><a href="#[82]">&gt;&gt;</a>&nbsp;&nbsp;&nbsp;UART_RS485SendData
<LI><a href="#[81]">&gt;&gt;</a>&nbsp;&nbsp;&nbsp;UART_RS485SendSlvAddr
</UL>

<P><STRONG><a name="[81]"></a>UART_RS485SendSlvAddr</STRONG> (Thumb, 14 bytes, Stack size 12 bytes, lpc17xx_uart.o(.text), UNUSED)
<BR><BR>[Calls]<UL><LI><a href="#[80]">&gt;&gt;</a>&nbsp;&nbsp;&nbsp;UART_RS485Send
</UL>

<P><STRONG><a name="[82]"></a>UART_RS485SendData</STRONG> (Thumb, 4 bytes, Stack size 0 bytes, lpc17xx_uart.o(.text), UNUSED)
<BR><BR>[Calls]<UL><LI><a href="#[80]">&gt;&gt;</a>&nbsp;&nbsp;&nbsp;UART_RS485Send
</UL>

<P><STRONG><a name="[dd]"></a>TIM_GetIntStatus</STRONG> (Thumb, 16 bytes, Stack size 0 bytes, lpc17xx_timer.o(.text))
<BR><BR>[Called By]<UL><LI><a href="#[13]">&gt;&gt;</a>&nbsp;&nbsp;&nbsp;TIMER3_IRQHandler
<LI><a href="#[12]">&gt;&gt;</a>&nbsp;&nbsp;&nbsp;TIMER2_IRQHandler
</UL>

<P><STRONG><a name="[289]"></a>TIM_GetIntCaptureStatus</STRONG> (Thumb, 18 bytes, Stack size 0 bytes, lpc17xx_timer.o(.text), UNUSED)

<P><STRONG><a name="[de]"></a>TIM_ClearIntPending</STRONG> (Thumb, 8 bytes, Stack size 0 bytes, lpc17xx_timer.o(.text))
<BR><BR>[Called By]<UL><LI><a href="#[13]">&gt;&gt;</a>&nbsp;&nbsp;&nbsp;TIMER3_IRQHandler
<LI><a href="#[12]">&gt;&gt;</a>&nbsp;&nbsp;&nbsp;TIMER2_IRQHandler
</UL>

<P><STRONG><a name="[28a]"></a>TIM_ClearIntCapturePending</STRONG> (Thumb, 10 bytes, Stack size 0 bytes, lpc17xx_timer.o(.text), UNUSED)

<P><STRONG><a name="[28b]"></a>TIM_ConfigStructInit</STRONG> (Thumb, 16 bytes, Stack size 0 bytes, lpc17xx_timer.o(.text), UNUSED)

<P><STRONG><a name="[83]"></a>TIM_Init</STRONG> (Thumb, 292 bytes, Stack size 40 bytes, lpc17xx_timer.o(.text))
<BR><BR>[Stack]<UL><LI>Max Depth = 88<LI>Call Chain = TIM_Init &rArr; __aeabi_uldivmod
</UL>
<BR>[Calls]<UL><LI><a href="#[79]">&gt;&gt;</a>&nbsp;&nbsp;&nbsp;CLKPWR_ConfigPPWR
<LI><a href="#[74]">&gt;&gt;</a>&nbsp;&nbsp;&nbsp;CLKPWR_GetPCLK
<LI><a href="#[84]">&gt;&gt;</a>&nbsp;&nbsp;&nbsp;CLKPWR_SetPCLKDiv
<LI><a href="#[77]">&gt;&gt;</a>&nbsp;&nbsp;&nbsp;__aeabi_uldivmod
</UL>
<BR>[Called By]<UL><LI><a href="#[db]">&gt;&gt;</a>&nbsp;&nbsp;&nbsp;InitTimer1
<LI><a href="#[d6]">&gt;&gt;</a>&nbsp;&nbsp;&nbsp;InitTimer
</UL>

<P><STRONG><a name="[85]"></a>TIM_DeInit</STRONG> (Thumb, 54 bytes, Stack size 0 bytes, lpc17xx_timer.o(.text), UNUSED)
<BR><BR>[Calls]<UL><LI><a href="#[79]">&gt;&gt;</a>&nbsp;&nbsp;&nbsp;CLKPWR_ConfigPPWR
</UL>

<P><STRONG><a name="[da]"></a>TIM_Cmd</STRONG> (Thumb, 20 bytes, Stack size 0 bytes, lpc17xx_timer.o(.text))
<BR><BR>[Called By]<UL><LI><a href="#[db]">&gt;&gt;</a>&nbsp;&nbsp;&nbsp;InitTimer1
<LI><a href="#[d6]">&gt;&gt;</a>&nbsp;&nbsp;&nbsp;InitTimer
</UL>

<P><STRONG><a name="[28c]"></a>TIM_ResetCounter</STRONG> (Thumb, 18 bytes, Stack size 0 bytes, lpc17xx_timer.o(.text), UNUSED)

<P><STRONG><a name="[d7]"></a>TIM_ConfigMatch</STRONG> (Thumb, 162 bytes, Stack size 12 bytes, lpc17xx_timer.o(.text))
<BR><BR>[Stack]<UL><LI>Max Depth = 12<LI>Call Chain = TIM_ConfigMatch
</UL>
<BR>[Called By]<UL><LI><a href="#[db]">&gt;&gt;</a>&nbsp;&nbsp;&nbsp;InitTimer1
<LI><a href="#[d6]">&gt;&gt;</a>&nbsp;&nbsp;&nbsp;InitTimer
</UL>

<P><STRONG><a name="[28d]"></a>TIM_UpdateMatchValue</STRONG> (Thumb, 32 bytes, Stack size 0 bytes, lpc17xx_timer.o(.text), UNUSED)

<P><STRONG><a name="[28e]"></a>TIM_ConfigCapture</STRONG> (Thumb, 86 bytes, Stack size 8 bytes, lpc17xx_timer.o(.text), UNUSED)

<P><STRONG><a name="[28f]"></a>TIM_GetCaptureValue</STRONG> (Thumb, 10 bytes, Stack size 0 bytes, lpc17xx_timer.o(.text), UNUSED)

<P><STRONG><a name="[86]"></a>mbSetSpeed</STRONG> (Thumb, 80 bytes, Stack size 16 bytes, modbus.o(.text))
<BR><BR>[Stack]<UL><LI>Max Depth = 48<LI>Call Chain = mbSetSpeed &rArr; __aeabi_d2uiz
</UL>
<BR>[Calls]<UL><LI><a href="#[87]">&gt;&gt;</a>&nbsp;&nbsp;&nbsp;__aeabi_ui2d
<LI><a href="#[89]">&gt;&gt;</a>&nbsp;&nbsp;&nbsp;__aeabi_d2uiz
<LI><a href="#[88]">&gt;&gt;</a>&nbsp;&nbsp;&nbsp;__aeabi_ddiv
</UL>
<BR>[Called By]<UL><LI><a href="#[6e]">&gt;&gt;</a>&nbsp;&nbsp;&nbsp;main
</UL>

<P><STRONG><a name="[16a]"></a>mbSetHandler</STRONG> (Thumb, 16 bytes, Stack size 0 bytes, modbus.o(.text))
<BR><BR>[Called By]<UL><LI><a href="#[6e]">&gt;&gt;</a>&nbsp;&nbsp;&nbsp;main
</UL>

<P><STRONG><a name="[1db]"></a>swap</STRONG> (Thumb, 10 bytes, Stack size 0 bytes, modbus.o(.text))
<BR><BR>[Called By]<UL><LI><a href="#[11d]">&gt;&gt;</a>&nbsp;&nbsp;&nbsp;KPAnswer
</UL>

<P><STRONG><a name="[8b]"></a>CRC16</STRONG> (Thumb, 38 bytes, Stack size 12 bytes, modbus.o(.text))
<BR><BR>[Stack]<UL><LI>Max Depth = 12<LI>Call Chain = CRC16
</UL>
<BR>[Called By]<UL><LI><a href="#[9b]">&gt;&gt;</a>&nbsp;&nbsp;&nbsp;mbSendPack
<LI><a href="#[8a]">&gt;&gt;</a>&nbsp;&nbsp;&nbsp;mbCheckSum
</UL>

<P><STRONG><a name="[8a]"></a>mbCheckSum</STRONG> (Thumb, 40 bytes, Stack size 8 bytes, modbus.o(.text))
<BR><BR>[Stack]<UL><LI>Max Depth = 20<LI>Call Chain = mbCheckSum &rArr; CRC16
</UL>
<BR>[Calls]<UL><LI><a href="#[8b]">&gt;&gt;</a>&nbsp;&nbsp;&nbsp;CRC16
</UL>
<BR>[Called By]<UL><LI><a href="#[8e]">&gt;&gt;</a>&nbsp;&nbsp;&nbsp;mbIdle
</UL>

<P><STRONG><a name="[8c]"></a>mbRecvBuffer</STRONG> (Thumb, 60 bytes, Stack size 24 bytes, modbus.o(.text))
<BR><BR>[Stack]<UL><LI>Max Depth = 24<LI>Call Chain = mbRecvBuffer
</UL>
<BR>[Calls]<UL><LI><a href="#[8d]">&gt;&gt;</a>&nbsp;&nbsp;&nbsp;__aeabi_memcpy
</UL>
<BR>[Called By]<UL><LI><a href="#[161]">&gt;&gt;</a>&nbsp;&nbsp;&nbsp;UART1_Thread
<LI><a href="#[15e]">&gt;&gt;</a>&nbsp;&nbsp;&nbsp;UART0_Thread
</UL>

<P><STRONG><a name="[8e]"></a>mbIdle</STRONG> (Thumb, 154 bytes, Stack size 16 bytes, modbus.o(.text))
<BR><BR>[Stack]<UL><LI>Max Depth = 296 + Unknown Stack Size
<LI>Call Chain = mbIdle &rArr; Dump &rArr; Msg &rArr; __c89vsprintf &rArr; _printf_char_common &rArr; __printf
</UL>
<BR>[Calls]<UL><LI><a href="#[90]">&gt;&gt;</a>&nbsp;&nbsp;&nbsp;Msg
<LI><a href="#[91]">&gt;&gt;</a>&nbsp;&nbsp;&nbsp;Dump
<LI><a href="#[8a]">&gt;&gt;</a>&nbsp;&nbsp;&nbsp;mbCheckSum
<LI><a href="#[8f]">&gt;&gt;</a>&nbsp;&nbsp;&nbsp;__aeabi_memclr
</UL>
<BR>[Called By]<UL><LI><a href="#[161]">&gt;&gt;</a>&nbsp;&nbsp;&nbsp;UART1_Thread
<LI><a href="#[15e]">&gt;&gt;</a>&nbsp;&nbsp;&nbsp;UART0_Thread
</UL>

<P><STRONG><a name="[96]"></a>mbByteToPack</STRONG> (Thumb, 32 bytes, Stack size 0 bytes, modbus.o(.text))
<BR><BR>[Called By]<UL><LI><a href="#[c7]">&gt;&gt;</a>&nbsp;&nbsp;&nbsp;SMsg
<LI><a href="#[9a]">&gt;&gt;</a>&nbsp;&nbsp;&nbsp;mbInsCmd485
<LI><a href="#[95]">&gt;&gt;</a>&nbsp;&nbsp;&nbsp;mbCmd485
<LI><a href="#[15d]">&gt;&gt;</a>&nbsp;&nbsp;&nbsp;SendAddPointPackFrz
<LI><a href="#[15c]">&gt;&gt;</a>&nbsp;&nbsp;&nbsp;SendAddPointPack
<LI><a href="#[15b]">&gt;&gt;</a>&nbsp;&nbsp;&nbsp;pGetPin
<LI><a href="#[15a]">&gt;&gt;</a>&nbsp;&nbsp;&nbsp;pSetPin
<LI><a href="#[158]">&gt;&gt;</a>&nbsp;&nbsp;&nbsp;pInitZCorr
<LI><a href="#[157]">&gt;&gt;</a>&nbsp;&nbsp;&nbsp;pGetTimers
<LI><a href="#[156]">&gt;&gt;</a>&nbsp;&nbsp;&nbsp;pGetBlock
<LI><a href="#[155]">&gt;&gt;</a>&nbsp;&nbsp;&nbsp;pGetBusy
<LI><a href="#[154]">&gt;&gt;</a>&nbsp;&nbsp;&nbsp;pGetVersion
<LI><a href="#[153]">&gt;&gt;</a>&nbsp;&nbsp;&nbsp;pGetRegInfo
<LI><a href="#[152]">&gt;&gt;</a>&nbsp;&nbsp;&nbsp;pFl_EraseSector
<LI><a href="#[151]">&gt;&gt;</a>&nbsp;&nbsp;&nbsp;pFl_SetTimeouts
<LI><a href="#[150]">&gt;&gt;</a>&nbsp;&nbsp;&nbsp;pFl_GetTimeouts
<LI><a href="#[14f]">&gt;&gt;</a>&nbsp;&nbsp;&nbsp;pFl_BulkErase
<LI><a href="#[14e]">&gt;&gt;</a>&nbsp;&nbsp;&nbsp;pFl_GetUsing
<LI><a href="#[149]">&gt;&gt;</a>&nbsp;&nbsp;&nbsp;pApplyRegsBin
<LI><a href="#[147]">&gt;&gt;</a>&nbsp;&nbsp;&nbsp;pCreateRegsBin
<LI><a href="#[146]">&gt;&gt;</a>&nbsp;&nbsp;&nbsp;pFS_Close
<LI><a href="#[145]">&gt;&gt;</a>&nbsp;&nbsp;&nbsp;pFS_Seek
<LI><a href="#[144]">&gt;&gt;</a>&nbsp;&nbsp;&nbsp;pFS_Pos
<LI><a href="#[143]">&gt;&gt;</a>&nbsp;&nbsp;&nbsp;pFS_BReadLn
<LI><a href="#[142]">&gt;&gt;</a>&nbsp;&nbsp;&nbsp;pFS_ReadLn
<LI><a href="#[141]">&gt;&gt;</a>&nbsp;&nbsp;&nbsp;pFS_Read
<LI><a href="#[140]">&gt;&gt;</a>&nbsp;&nbsp;&nbsp;pFS_WriteLn
<LI><a href="#[13e]">&gt;&gt;</a>&nbsp;&nbsp;&nbsp;pFS_Write
<LI><a href="#[13d]">&gt;&gt;</a>&nbsp;&nbsp;&nbsp;pFS_Reset
<LI><a href="#[13c]">&gt;&gt;</a>&nbsp;&nbsp;&nbsp;pFS_Append
<LI><a href="#[13b]">&gt;&gt;</a>&nbsp;&nbsp;&nbsp;pFS_RewriteHandle
<LI><a href="#[13a]">&gt;&gt;</a>&nbsp;&nbsp;&nbsp;pFS_Rewrite
<LI><a href="#[139]">&gt;&gt;</a>&nbsp;&nbsp;&nbsp;pFS_Create
<LI><a href="#[138]">&gt;&gt;</a>&nbsp;&nbsp;&nbsp;pFS_Delete
<LI><a href="#[137]">&gt;&gt;</a>&nbsp;&nbsp;&nbsp;pFS_SetFInfo
<LI><a href="#[134]">&gt;&gt;</a>&nbsp;&nbsp;&nbsp;pFS_FInfo
<LI><a href="#[133]">&gt;&gt;</a>&nbsp;&nbsp;&nbsp;QAllocTable
<LI><a href="#[12d]">&gt;&gt;</a>&nbsp;&nbsp;&nbsp;LSSendProc
<LI><a href="#[12c]">&gt;&gt;</a>&nbsp;&nbsp;&nbsp;GoToPoint
<LI><a href="#[12a]">&gt;&gt;</a>&nbsp;&nbsp;&nbsp;WriteRegs
<LI><a href="#[127]">&gt;&gt;</a>&nbsp;&nbsp;&nbsp;ReadRegs
<LI><a href="#[11c]">&gt;&gt;</a>&nbsp;&nbsp;&nbsp;ProcessingAnswer
</UL>

<P><STRONG><a name="[97]"></a>mbWordToPack</STRONG> (Thumb, 62 bytes, Stack size 8 bytes, modbus.o(.text))
<BR><BR>[Stack]<UL><LI>Max Depth = 8<LI>Call Chain = mbWordToPack
</UL>
<BR>[Called By]<UL><LI><a href="#[9a]">&gt;&gt;</a>&nbsp;&nbsp;&nbsp;mbInsCmd485
<LI><a href="#[95]">&gt;&gt;</a>&nbsp;&nbsp;&nbsp;mbCmd485
</UL>

<P><STRONG><a name="[9c]"></a>mbWordToPackNoSwap</STRONG> (Thumb, 54 bytes, Stack size 8 bytes, modbus.o(.text))
<BR><BR>[Stack]<UL><LI>Max Depth = 8<LI>Call Chain = mbWordToPackNoSwap
</UL>
<BR>[Called By]<UL><LI><a href="#[9b]">&gt;&gt;</a>&nbsp;&nbsp;&nbsp;mbSendPack
<LI><a href="#[127]">&gt;&gt;</a>&nbsp;&nbsp;&nbsp;ReadRegs
</UL>

<P><STRONG><a name="[92]"></a>mbBufferToPack</STRONG> (Thumb, 52 bytes, Stack size 16 bytes, modbus.o(.text))
<BR><BR>[Stack]<UL><LI>Max Depth = 16<LI>Call Chain = mbBufferToPack
</UL>
<BR>[Calls]<UL><LI><a href="#[8d]">&gt;&gt;</a>&nbsp;&nbsp;&nbsp;__aeabi_memcpy
</UL>
<BR>[Called By]<UL><LI><a href="#[c7]">&gt;&gt;</a>&nbsp;&nbsp;&nbsp;SMsg
<LI><a href="#[9b]">&gt;&gt;</a>&nbsp;&nbsp;&nbsp;mbSendPack
<LI><a href="#[34]">&gt;&gt;</a>&nbsp;&nbsp;&nbsp;mbFrzPackHandler0
<LI><a href="#[15d]">&gt;&gt;</a>&nbsp;&nbsp;&nbsp;SendAddPointPackFrz
<LI><a href="#[15c]">&gt;&gt;</a>&nbsp;&nbsp;&nbsp;SendAddPointPack
<LI><a href="#[156]">&gt;&gt;</a>&nbsp;&nbsp;&nbsp;pGetBlock
<LI><a href="#[154]">&gt;&gt;</a>&nbsp;&nbsp;&nbsp;pGetVersion
<LI><a href="#[153]">&gt;&gt;</a>&nbsp;&nbsp;&nbsp;pGetRegInfo
<LI><a href="#[144]">&gt;&gt;</a>&nbsp;&nbsp;&nbsp;pFS_Pos
<LI><a href="#[143]">&gt;&gt;</a>&nbsp;&nbsp;&nbsp;pFS_BReadLn
<LI><a href="#[142]">&gt;&gt;</a>&nbsp;&nbsp;&nbsp;pFS_ReadLn
<LI><a href="#[141]">&gt;&gt;</a>&nbsp;&nbsp;&nbsp;pFS_Read
<LI><a href="#[13e]">&gt;&gt;</a>&nbsp;&nbsp;&nbsp;pFS_Write
<LI><a href="#[134]">&gt;&gt;</a>&nbsp;&nbsp;&nbsp;pFS_FInfo
<LI><a href="#[12a]">&gt;&gt;</a>&nbsp;&nbsp;&nbsp;WriteRegs
<LI><a href="#[127]">&gt;&gt;</a>&nbsp;&nbsp;&nbsp;ReadRegs
<LI><a href="#[123]">&gt;&gt;</a>&nbsp;&nbsp;&nbsp;DataToU1
<LI><a href="#[11f]">&gt;&gt;</a>&nbsp;&nbsp;&nbsp;QueueProcessing
<LI><a href="#[11c]">&gt;&gt;</a>&nbsp;&nbsp;&nbsp;ProcessingAnswer
</UL>

<P><STRONG><a name="[93]"></a>mbPackToQueue</STRONG> (Thumb, 20 bytes, Stack size 8 bytes, modbus.o(.text))
<BR><BR>[Stack]<UL><LI>Max Depth = 312 + Unknown Stack Size
<LI>Call Chain = mbPackToQueue &rArr; quAddPack &rArr; Dump &rArr; Msg &rArr; __c89vsprintf &rArr; _printf_char_common &rArr; __printf
</UL>
<BR>[Calls]<UL><LI><a href="#[94]">&gt;&gt;</a>&nbsp;&nbsp;&nbsp;quAddPack
</UL>
<BR>[Called By]<UL><LI><a href="#[95]">&gt;&gt;</a>&nbsp;&nbsp;&nbsp;mbCmd485
</UL>

<P><STRONG><a name="[95]"></a>mbCmd485</STRONG> (Thumb, 48 bytes, Stack size 16 bytes, modbus.o(.text))
<BR><BR>[Stack]<UL><LI>Max Depth = 328 + Unknown Stack Size
<LI>Call Chain = mbCmd485 &rArr; mbPackToQueue &rArr; quAddPack &rArr; Dump &rArr; Msg &rArr; __c89vsprintf &rArr; _printf_char_common &rArr; __printf
</UL>
<BR>[Calls]<UL><LI><a href="#[93]">&gt;&gt;</a>&nbsp;&nbsp;&nbsp;mbPackToQueue
<LI><a href="#[97]">&gt;&gt;</a>&nbsp;&nbsp;&nbsp;mbWordToPack
<LI><a href="#[96]">&gt;&gt;</a>&nbsp;&nbsp;&nbsp;mbByteToPack
</UL>
<BR>[Called By]<UL><LI><a href="#[1da]">&gt;&gt;</a>&nbsp;&nbsp;&nbsp;KPQuery
<LI><a href="#[16d]">&gt;&gt;</a>&nbsp;&nbsp;&nbsp;KPInit
</UL>

<P><STRONG><a name="[98]"></a>mbInsPackToQueue</STRONG> (Thumb, 22 bytes, Stack size 8 bytes, modbus.o(.text))
<BR><BR>[Stack]<UL><LI>Max Depth = 336 + Unknown Stack Size
<LI>Call Chain = mbInsPackToQueue &rArr; quInsPack &rArr; quAddPack &rArr; Dump &rArr; Msg &rArr; __c89vsprintf &rArr; _printf_char_common &rArr; __printf
</UL>
<BR>[Calls]<UL><LI><a href="#[99]">&gt;&gt;</a>&nbsp;&nbsp;&nbsp;quInsPack
</UL>
<BR>[Called By]<UL><LI><a href="#[9a]">&gt;&gt;</a>&nbsp;&nbsp;&nbsp;mbInsCmd485
<LI><a href="#[123]">&gt;&gt;</a>&nbsp;&nbsp;&nbsp;DataToU1
</UL>

<P><STRONG><a name="[9a]"></a>mbInsCmd485</STRONG> (Thumb, 54 bytes, Stack size 24 bytes, modbus.o(.text))
<BR><BR>[Stack]<UL><LI>Max Depth = 360 + Unknown Stack Size
<LI>Call Chain = mbInsCmd485 &rArr; mbInsPackToQueue &rArr; quInsPack &rArr; quAddPack &rArr; Dump &rArr; Msg &rArr; __c89vsprintf &rArr; _printf_char_common &rArr; __printf
</UL>
<BR>[Calls]<UL><LI><a href="#[98]">&gt;&gt;</a>&nbsp;&nbsp;&nbsp;mbInsPackToQueue
<LI><a href="#[97]">&gt;&gt;</a>&nbsp;&nbsp;&nbsp;mbWordToPack
<LI><a href="#[96]">&gt;&gt;</a>&nbsp;&nbsp;&nbsp;mbByteToPack
</UL>
<BR>[Called By]<UL><LI><a href="#[38]">&gt;&gt;</a>&nbsp;&nbsp;&nbsp;pPercVminHandle
<LI><a href="#[37]">&gt;&gt;</a>&nbsp;&nbsp;&nbsp;pDCTimeHandle
<LI><a href="#[36]">&gt;&gt;</a>&nbsp;&nbsp;&nbsp;pDrDelayHandle
</UL>

<P><STRONG><a name="[9b]"></a>mbSendPack</STRONG> (Thumb, 110 bytes, Stack size 16 bytes, modbus.o(.text))
<BR><BR>[Stack]<UL><LI>Max Depth = 56<LI>Call Chain = mbSendPack &rArr; UART1_SendBuffer &rArr; UART1_IntTransmit
</UL>
<BR>[Calls]<UL><LI><a href="#[9d]">&gt;&gt;</a>&nbsp;&nbsp;&nbsp;UART1_SendBuffer
<LI><a href="#[9e]">&gt;&gt;</a>&nbsp;&nbsp;&nbsp;UART0_SendBuffer
<LI><a href="#[92]">&gt;&gt;</a>&nbsp;&nbsp;&nbsp;mbBufferToPack
<LI><a href="#[9c]">&gt;&gt;</a>&nbsp;&nbsp;&nbsp;mbWordToPackNoSwap
<LI><a href="#[8b]">&gt;&gt;</a>&nbsp;&nbsp;&nbsp;CRC16
<LI><a href="#[8d]">&gt;&gt;</a>&nbsp;&nbsp;&nbsp;__aeabi_memcpy
</UL>
<BR>[Called By]<UL><LI><a href="#[c7]">&gt;&gt;</a>&nbsp;&nbsp;&nbsp;SMsg
<LI><a href="#[34]">&gt;&gt;</a>&nbsp;&nbsp;&nbsp;mbFrzPackHandler0
<LI><a href="#[15d]">&gt;&gt;</a>&nbsp;&nbsp;&nbsp;SendAddPointPackFrz
<LI><a href="#[15c]">&gt;&gt;</a>&nbsp;&nbsp;&nbsp;SendAddPointPack
<LI><a href="#[15b]">&gt;&gt;</a>&nbsp;&nbsp;&nbsp;pGetPin
<LI><a href="#[15a]">&gt;&gt;</a>&nbsp;&nbsp;&nbsp;pSetPin
<LI><a href="#[158]">&gt;&gt;</a>&nbsp;&nbsp;&nbsp;pInitZCorr
<LI><a href="#[157]">&gt;&gt;</a>&nbsp;&nbsp;&nbsp;pGetTimers
<LI><a href="#[156]">&gt;&gt;</a>&nbsp;&nbsp;&nbsp;pGetBlock
<LI><a href="#[155]">&gt;&gt;</a>&nbsp;&nbsp;&nbsp;pGetBusy
<LI><a href="#[154]">&gt;&gt;</a>&nbsp;&nbsp;&nbsp;pGetVersion
<LI><a href="#[153]">&gt;&gt;</a>&nbsp;&nbsp;&nbsp;pGetRegInfo
<LI><a href="#[152]">&gt;&gt;</a>&nbsp;&nbsp;&nbsp;pFl_EraseSector
<LI><a href="#[151]">&gt;&gt;</a>&nbsp;&nbsp;&nbsp;pFl_SetTimeouts
<LI><a href="#[150]">&gt;&gt;</a>&nbsp;&nbsp;&nbsp;pFl_GetTimeouts
<LI><a href="#[14f]">&gt;&gt;</a>&nbsp;&nbsp;&nbsp;pFl_BulkErase
<LI><a href="#[14e]">&gt;&gt;</a>&nbsp;&nbsp;&nbsp;pFl_GetUsing
<LI><a href="#[149]">&gt;&gt;</a>&nbsp;&nbsp;&nbsp;pApplyRegsBin
<LI><a href="#[147]">&gt;&gt;</a>&nbsp;&nbsp;&nbsp;pCreateRegsBin
<LI><a href="#[146]">&gt;&gt;</a>&nbsp;&nbsp;&nbsp;pFS_Close
<LI><a href="#[145]">&gt;&gt;</a>&nbsp;&nbsp;&nbsp;pFS_Seek
<LI><a href="#[144]">&gt;&gt;</a>&nbsp;&nbsp;&nbsp;pFS_Pos
<LI><a href="#[143]">&gt;&gt;</a>&nbsp;&nbsp;&nbsp;pFS_BReadLn
<LI><a href="#[142]">&gt;&gt;</a>&nbsp;&nbsp;&nbsp;pFS_ReadLn
<LI><a href="#[141]">&gt;&gt;</a>&nbsp;&nbsp;&nbsp;pFS_Read
<LI><a href="#[140]">&gt;&gt;</a>&nbsp;&nbsp;&nbsp;pFS_WriteLn
<LI><a href="#[13e]">&gt;&gt;</a>&nbsp;&nbsp;&nbsp;pFS_Write
<LI><a href="#[13d]">&gt;&gt;</a>&nbsp;&nbsp;&nbsp;pFS_Reset
<LI><a href="#[13c]">&gt;&gt;</a>&nbsp;&nbsp;&nbsp;pFS_Append
<LI><a href="#[13b]">&gt;&gt;</a>&nbsp;&nbsp;&nbsp;pFS_RewriteHandle
<LI><a href="#[13a]">&gt;&gt;</a>&nbsp;&nbsp;&nbsp;pFS_Rewrite
<LI><a href="#[139]">&gt;&gt;</a>&nbsp;&nbsp;&nbsp;pFS_Create
<LI><a href="#[138]">&gt;&gt;</a>&nbsp;&nbsp;&nbsp;pFS_Delete
<LI><a href="#[137]">&gt;&gt;</a>&nbsp;&nbsp;&nbsp;pFS_SetFInfo
<LI><a href="#[134]">&gt;&gt;</a>&nbsp;&nbsp;&nbsp;pFS_FInfo
<LI><a href="#[133]">&gt;&gt;</a>&nbsp;&nbsp;&nbsp;QAllocTable
<LI><a href="#[12d]">&gt;&gt;</a>&nbsp;&nbsp;&nbsp;LSSendProc
<LI><a href="#[12c]">&gt;&gt;</a>&nbsp;&nbsp;&nbsp;GoToPoint
<LI><a href="#[12a]">&gt;&gt;</a>&nbsp;&nbsp;&nbsp;WriteRegs
<LI><a href="#[127]">&gt;&gt;</a>&nbsp;&nbsp;&nbsp;ReadRegs
<LI><a href="#[11f]">&gt;&gt;</a>&nbsp;&nbsp;&nbsp;QueueProcessing
<LI><a href="#[11c]">&gt;&gt;</a>&nbsp;&nbsp;&nbsp;ProcessingAnswer
</UL>

<P><STRONG><a name="[9f]"></a>FS_Init</STRONG> (Thumb, 214 bytes, Stack size 16 bytes, fs.o(.text))
<BR><BR>[Stack]<UL><LI>Max Depth = 40<LI>Call Chain = FS_Init &rArr; FLASH_WriteByte &rArr; FLASH_WaitWriting &rArr; FLASH_ReceiveByte &rArr; SSP0_SendByte
</UL>
<BR>[Calls]<UL><LI><a href="#[a2]">&gt;&gt;</a>&nbsp;&nbsp;&nbsp;FLASH_WriteByte
<LI><a href="#[a1]">&gt;&gt;</a>&nbsp;&nbsp;&nbsp;FLASH_ReadByte
<LI><a href="#[a0]">&gt;&gt;</a>&nbsp;&nbsp;&nbsp;FLASH_GetBankID
</UL>
<BR>[Called By]<UL><LI><a href="#[6e]">&gt;&gt;</a>&nbsp;&nbsp;&nbsp;main
<LI><a href="#[14f]">&gt;&gt;</a>&nbsp;&nbsp;&nbsp;pFl_BulkErase
</UL>

<P><STRONG><a name="[a3]"></a>FS_StrSymbolsValid</STRONG> (Thumb, 68 bytes, Stack size 8 bytes, fs.o(.text))
<BR><BR>[Stack]<UL><LI>Max Depth = 16<LI>Call Chain = FS_StrSymbolsValid &rArr; strlen
</UL>
<BR>[Calls]<UL><LI><a href="#[a4]">&gt;&gt;</a>&nbsp;&nbsp;&nbsp;strlen
</UL>
<BR>[Called By]<UL><LI><a href="#[a5]">&gt;&gt;</a>&nbsp;&nbsp;&nbsp;FS_GetNameAndType
</UL>

<P><STRONG><a name="[a5]"></a>FS_GetNameAndType</STRONG> (Thumb, 112 bytes, Stack size 16 bytes, fs.o(.text))
<BR><BR>[Stack]<UL><LI>Max Depth = 32<LI>Call Chain = FS_GetNameAndType &rArr; FS_StrSymbolsValid &rArr; strlen
</UL>
<BR>[Calls]<UL><LI><a href="#[a3]">&gt;&gt;</a>&nbsp;&nbsp;&nbsp;FS_StrSymbolsValid
</UL>
<BR>[Called By]<UL><LI><a href="#[c4]">&gt;&gt;</a>&nbsp;&nbsp;&nbsp;FS_Delete
<LI><a href="#[b6]">&gt;&gt;</a>&nbsp;&nbsp;&nbsp;FS_Assign
</UL>

<P><STRONG><a name="[a6]"></a>FS_GetFullName</STRONG> (Thumb, 140 bytes, Stack size 24 bytes, fs.o(.text))
<BR><BR>[Stack]<UL><LI>Max Depth = 32<LI>Call Chain = FS_GetFullName &rArr; CRC8
</UL>
<BR>[Calls]<UL><LI><a href="#[a7]">&gt;&gt;</a>&nbsp;&nbsp;&nbsp;CRC8
<LI><a href="#[a4]">&gt;&gt;</a>&nbsp;&nbsp;&nbsp;strlen
</UL>
<BR>[Called By]<UL><LI><a href="#[c4]">&gt;&gt;</a>&nbsp;&nbsp;&nbsp;FS_Delete
<LI><a href="#[bb]">&gt;&gt;</a>&nbsp;&nbsp;&nbsp;FS_Reset
<LI><a href="#[ba]">&gt;&gt;</a>&nbsp;&nbsp;&nbsp;FS_Append
<LI><a href="#[b9]">&gt;&gt;</a>&nbsp;&nbsp;&nbsp;FS_Rewrite
</UL>

<P><STRONG><a name="[a8]"></a>FS_FileUseFCS</STRONG> (Thumb, 62 bytes, Stack size 24 bytes, fs.o(.text))
<BR><BR>[Stack]<UL><LI>Max Depth = 24<LI>Call Chain = FS_FileUseFCS
</UL>
<BR>[Calls]<UL><LI><a href="#[a9]">&gt;&gt;</a>&nbsp;&nbsp;&nbsp;strcmp
</UL>
<BR>[Called By]<UL><LI><a href="#[c5]">&gt;&gt;</a>&nbsp;&nbsp;&nbsp;FS_GetFileInfo
<LI><a href="#[c4]">&gt;&gt;</a>&nbsp;&nbsp;&nbsp;FS_Delete
<LI><a href="#[b6]">&gt;&gt;</a>&nbsp;&nbsp;&nbsp;FS_Assign
</UL>

<P><STRONG><a name="[aa]"></a>FS_FindFreeFNT</STRONG> (Thumb, 80 bytes, Stack size 24 bytes, fs.o(.text))
<BR><BR>[Stack]<UL><LI>Max Depth = 36<LI>Call Chain = FS_FindFreeFNT &rArr; FLASH_ReadByte &rArr; FLASH_ReceiveByte &rArr; SSP0_SendByte
</UL>
<BR>[Calls]<UL><LI><a href="#[a1]">&gt;&gt;</a>&nbsp;&nbsp;&nbsp;FLASH_ReadByte
</UL>
<BR>[Called By]<UL><LI><a href="#[ba]">&gt;&gt;</a>&nbsp;&nbsp;&nbsp;FS_Append
<LI><a href="#[b9]">&gt;&gt;</a>&nbsp;&nbsp;&nbsp;FS_Rewrite
<LI><a href="#[14e]">&gt;&gt;</a>&nbsp;&nbsp;&nbsp;pFl_GetUsing
</UL>

<P><STRONG><a name="[ab]"></a>FS_FindFileByName</STRONG> (Thumb, 78 bytes, Stack size 32 bytes, fs.o(.text))
<BR><BR>[Stack]<UL><LI>Max Depth = 44<LI>Call Chain = FS_FindFileByName &rArr; FLASH_ReadByte &rArr; FLASH_ReceiveByte &rArr; SSP0_SendByte
</UL>
<BR>[Calls]<UL><LI><a href="#[a1]">&gt;&gt;</a>&nbsp;&nbsp;&nbsp;FLASH_ReadByte
</UL>
<BR>[Called By]<UL><LI><a href="#[c4]">&gt;&gt;</a>&nbsp;&nbsp;&nbsp;FS_Delete
<LI><a href="#[bb]">&gt;&gt;</a>&nbsp;&nbsp;&nbsp;FS_Reset
<LI><a href="#[ba]">&gt;&gt;</a>&nbsp;&nbsp;&nbsp;FS_Append
<LI><a href="#[b9]">&gt;&gt;</a>&nbsp;&nbsp;&nbsp;FS_Rewrite
</UL>

<P><STRONG><a name="[ac]"></a>FS_FindFreeCluster</STRONG> (Thumb, 42 bytes, Stack size 16 bytes, fs.o(.text))
<BR><BR>[Stack]<UL><LI>Max Depth = 28<LI>Call Chain = FS_FindFreeCluster &rArr; FLASH_ReadByte &rArr; FLASH_ReceiveByte &rArr; SSP0_SendByte
</UL>
<BR>[Calls]<UL><LI><a href="#[a1]">&gt;&gt;</a>&nbsp;&nbsp;&nbsp;FLASH_ReadByte
</UL>
<BR>[Called By]<UL><LI><a href="#[be]">&gt;&gt;</a>&nbsp;&nbsp;&nbsp;FS_Write
<LI><a href="#[bc]">&gt;&gt;</a>&nbsp;&nbsp;&nbsp;FS_WriteByte
<LI><a href="#[b9]">&gt;&gt;</a>&nbsp;&nbsp;&nbsp;FS_Rewrite
<LI><a href="#[14e]">&gt;&gt;</a>&nbsp;&nbsp;&nbsp;pFl_GetUsing
</UL>

<P><STRONG><a name="[ad]"></a>FS_GetFreeClustersNum</STRONG> (Thumb, 44 bytes, Stack size 24 bytes, fs.o(.text), UNUSED)
<BR><BR>[Calls]<UL><LI><a href="#[a1]">&gt;&gt;</a>&nbsp;&nbsp;&nbsp;FLASH_ReadByte
</UL>

<P><STRONG><a name="[ae]"></a>FS_FNTWriteFullName</STRONG> (Thumb, 12 bytes, Stack size 0 bytes, fs.o(.text))
<BR><BR>[Stack]<UL><LI>Max Depth = 48<LI>Call Chain = FS_FNTWriteFullName &rArr; FLASH_Write &rArr; FLASH_PageWrite &rArr; FLASH_WaitWriting &rArr; FLASH_ReceiveByte &rArr; SSP0_SendByte
</UL>
<BR>[Calls]<UL><LI><a href="#[af]">&gt;&gt;</a>&nbsp;&nbsp;&nbsp;FLASH_Write
</UL>
<BR>[Called By]<UL><LI><a href="#[ba]">&gt;&gt;</a>&nbsp;&nbsp;&nbsp;FS_Append
<LI><a href="#[b9]">&gt;&gt;</a>&nbsp;&nbsp;&nbsp;FS_Rewrite
</UL>

<P><STRONG><a name="[b0]"></a>FS_FNTSetSignature1</STRONG> (Thumb, 10 bytes, Stack size 0 bytes, fs.o(.text))
<BR><BR>[Stack]<UL><LI>Max Depth = 24<LI>Call Chain = FS_FNTSetSignature1 &rArr; FLASH_WriteByte &rArr; FLASH_WaitWriting &rArr; FLASH_ReceiveByte &rArr; SSP0_SendByte
</UL>
<BR>[Calls]<UL><LI><a href="#[a2]">&gt;&gt;</a>&nbsp;&nbsp;&nbsp;FLASH_WriteByte
</UL>
<BR>[Called By]<UL><LI><a href="#[ba]">&gt;&gt;</a>&nbsp;&nbsp;&nbsp;FS_Append
</UL>

<P><STRONG><a name="[b1]"></a>FS_ClusterSetFlag</STRONG> (Thumb, 14 bytes, Stack size 0 bytes, fs.o(.text))
<BR><BR>[Stack]<UL><LI>Max Depth = 24<LI>Call Chain = FS_ClusterSetFlag &rArr; FLASH_WriteByte &rArr; FLASH_WaitWriting &rArr; FLASH_ReceiveByte &rArr; SSP0_SendByte
</UL>
<BR>[Calls]<UL><LI><a href="#[a2]">&gt;&gt;</a>&nbsp;&nbsp;&nbsp;FLASH_WriteByte
</UL>
<BR>[Called By]<UL><LI><a href="#[c4]">&gt;&gt;</a>&nbsp;&nbsp;&nbsp;FS_Delete
<LI><a href="#[be]">&gt;&gt;</a>&nbsp;&nbsp;&nbsp;FS_Write
<LI><a href="#[bc]">&gt;&gt;</a>&nbsp;&nbsp;&nbsp;FS_WriteByte
<LI><a href="#[b9]">&gt;&gt;</a>&nbsp;&nbsp;&nbsp;FS_Rewrite
</UL>

<P><STRONG><a name="[b2]"></a>FS_SetNextCluster</STRONG> (Thumb, 24 bytes, Stack size 16 bytes, fs.o(.text))
<BR><BR>[Stack]<UL><LI>Max Depth = 64<LI>Call Chain = FS_SetNextCluster &rArr; FLASH_Write &rArr; FLASH_PageWrite &rArr; FLASH_WaitWriting &rArr; FLASH_ReceiveByte &rArr; SSP0_SendByte
</UL>
<BR>[Calls]<UL><LI><a href="#[af]">&gt;&gt;</a>&nbsp;&nbsp;&nbsp;FLASH_Write
</UL>
<BR>[Called By]<UL><LI><a href="#[be]">&gt;&gt;</a>&nbsp;&nbsp;&nbsp;FS_Write
<LI><a href="#[bc]">&gt;&gt;</a>&nbsp;&nbsp;&nbsp;FS_WriteByte
</UL>

<P><STRONG><a name="[b3]"></a>FS_GetNextCluster</STRONG> (Thumb, 28 bytes, Stack size 8 bytes, fs.o(.text))
<BR><BR>[Stack]<UL><LI>Max Depth = 52<LI>Call Chain = FS_GetNextCluster &rArr; FLASH_Read &rArr; FLASH_BankRead &rArr; FLASH_ReceiveByte &rArr; SSP0_SendByte
</UL>
<BR>[Calls]<UL><LI><a href="#[b4]">&gt;&gt;</a>&nbsp;&nbsp;&nbsp;FLASH_Read
</UL>
<BR>[Called By]<UL><LI><a href="#[c4]">&gt;&gt;</a>&nbsp;&nbsp;&nbsp;FS_Delete
<LI><a href="#[c2]">&gt;&gt;</a>&nbsp;&nbsp;&nbsp;FS_RSeek
<LI><a href="#[c1]">&gt;&gt;</a>&nbsp;&nbsp;&nbsp;FS_Seek
<LI><a href="#[c0]">&gt;&gt;</a>&nbsp;&nbsp;&nbsp;FS_ReadLn
<LI><a href="#[bf]">&gt;&gt;</a>&nbsp;&nbsp;&nbsp;FS_Read
<LI><a href="#[bd]">&gt;&gt;</a>&nbsp;&nbsp;&nbsp;FS_ReadByte
<LI><a href="#[ba]">&gt;&gt;</a>&nbsp;&nbsp;&nbsp;FS_Append
</UL>

<P><STRONG><a name="[b5]"></a>FS_FlushPageBuffer</STRONG> (Thumb, 34 bytes, Stack size 8 bytes, fs.o(.text))
<BR><BR>[Stack]<UL><LI>Max Depth = 56<LI>Call Chain = FS_FlushPageBuffer &rArr; FLASH_Write &rArr; FLASH_PageWrite &rArr; FLASH_WaitWriting &rArr; FLASH_ReceiveByte &rArr; SSP0_SendByte
</UL>
<BR>[Calls]<UL><LI><a href="#[af]">&gt;&gt;</a>&nbsp;&nbsp;&nbsp;FLASH_Write
</UL>
<BR>[Called By]<UL><LI><a href="#[c3]">&gt;&gt;</a>&nbsp;&nbsp;&nbsp;FS_Close
<LI><a href="#[be]">&gt;&gt;</a>&nbsp;&nbsp;&nbsp;FS_Write
<LI><a href="#[bc]">&gt;&gt;</a>&nbsp;&nbsp;&nbsp;FS_WriteByte
</UL>

<P><STRONG><a name="[b7]"></a>FS_GetFreeFCS</STRONG> (Thumb, 42 bytes, Stack size 0 bytes, fs.o(.text))
<BR><BR>[Called By]<UL><LI><a href="#[b6]">&gt;&gt;</a>&nbsp;&nbsp;&nbsp;FS_Assign
</UL>

<P><STRONG><a name="[b6]"></a>FS_Assign</STRONG> (Thumb, 108 bytes, Stack size 40 bytes, fs.o(.text))
<BR><BR>[Stack]<UL><LI>Max Depth = 72<LI>Call Chain = FS_Assign &rArr; FS_GetNameAndType &rArr; FS_StrSymbolsValid &rArr; strlen
</UL>
<BR>[Calls]<UL><LI><a href="#[b7]">&gt;&gt;</a>&nbsp;&nbsp;&nbsp;FS_GetFreeFCS
<LI><a href="#[a8]">&gt;&gt;</a>&nbsp;&nbsp;&nbsp;FS_FileUseFCS
<LI><a href="#[a5]">&gt;&gt;</a>&nbsp;&nbsp;&nbsp;FS_GetNameAndType
<LI><a href="#[b8]">&gt;&gt;</a>&nbsp;&nbsp;&nbsp;strcpy
</UL>
<BR>[Called By]<UL><LI><a href="#[17c]">&gt;&gt;</a>&nbsp;&nbsp;&nbsp;CheckPrgFile
<LI><a href="#[16b]">&gt;&gt;</a>&nbsp;&nbsp;&nbsp;InitPrgStreams
<LI><a href="#[148]">&gt;&gt;</a>&nbsp;&nbsp;&nbsp;SaveRegs
<LI><a href="#[14a]">&gt;&gt;</a>&nbsp;&nbsp;&nbsp;LoadRegsFromFile
<LI><a href="#[14c]">&gt;&gt;</a>&nbsp;&nbsp;&nbsp;LoadFrzBackupRegs
<LI><a href="#[13d]">&gt;&gt;</a>&nbsp;&nbsp;&nbsp;pFS_Reset
<LI><a href="#[13c]">&gt;&gt;</a>&nbsp;&nbsp;&nbsp;pFS_Append
<LI><a href="#[13a]">&gt;&gt;</a>&nbsp;&nbsp;&nbsp;pFS_Rewrite
<LI><a href="#[139]">&gt;&gt;</a>&nbsp;&nbsp;&nbsp;pFS_Create
<LI><a href="#[1d0]">&gt;&gt;</a>&nbsp;&nbsp;&nbsp;SaveRegsNoMes
</UL>

<P><STRONG><a name="[b9]"></a>FS_Rewrite</STRONG> (Thumb, 162 bytes, Stack size 24 bytes, fs.o(.text))
<BR><BR>[Stack]<UL><LI>Max Depth = 72<LI>Call Chain = FS_Rewrite &rArr; FS_FNTWriteFullName &rArr; FLASH_Write &rArr; FLASH_PageWrite &rArr; FLASH_WaitWriting &rArr; FLASH_ReceiveByte &rArr; SSP0_SendByte
</UL>
<BR>[Calls]<UL><LI><a href="#[b1]">&gt;&gt;</a>&nbsp;&nbsp;&nbsp;FS_ClusterSetFlag
<LI><a href="#[ae]">&gt;&gt;</a>&nbsp;&nbsp;&nbsp;FS_FNTWriteFullName
<LI><a href="#[ac]">&gt;&gt;</a>&nbsp;&nbsp;&nbsp;FS_FindFreeCluster
<LI><a href="#[ab]">&gt;&gt;</a>&nbsp;&nbsp;&nbsp;FS_FindFileByName
<LI><a href="#[aa]">&gt;&gt;</a>&nbsp;&nbsp;&nbsp;FS_FindFreeFNT
<LI><a href="#[a6]">&gt;&gt;</a>&nbsp;&nbsp;&nbsp;FS_GetFullName
</UL>
<BR>[Called By]<UL><LI><a href="#[148]">&gt;&gt;</a>&nbsp;&nbsp;&nbsp;SaveRegs
<LI><a href="#[13b]">&gt;&gt;</a>&nbsp;&nbsp;&nbsp;pFS_RewriteHandle
<LI><a href="#[13a]">&gt;&gt;</a>&nbsp;&nbsp;&nbsp;pFS_Rewrite
<LI><a href="#[139]">&gt;&gt;</a>&nbsp;&nbsp;&nbsp;pFS_Create
<LI><a href="#[1d0]">&gt;&gt;</a>&nbsp;&nbsp;&nbsp;SaveRegsNoMes
</UL>

<P><STRONG><a name="[ba]"></a>FS_Append</STRONG> (Thumb, 242 bytes, Stack size 40 bytes, fs.o(.text))
<BR><BR>[Stack]<UL><LI>Max Depth = 92<LI>Call Chain = FS_Append &rArr; FS_GetNextCluster &rArr; FLASH_Read &rArr; FLASH_BankRead &rArr; FLASH_ReceiveByte &rArr; SSP0_SendByte
</UL>
<BR>[Calls]<UL><LI><a href="#[b4]">&gt;&gt;</a>&nbsp;&nbsp;&nbsp;FLASH_Read
<LI><a href="#[b3]">&gt;&gt;</a>&nbsp;&nbsp;&nbsp;FS_GetNextCluster
<LI><a href="#[b0]">&gt;&gt;</a>&nbsp;&nbsp;&nbsp;FS_FNTSetSignature1
<LI><a href="#[ae]">&gt;&gt;</a>&nbsp;&nbsp;&nbsp;FS_FNTWriteFullName
<LI><a href="#[ab]">&gt;&gt;</a>&nbsp;&nbsp;&nbsp;FS_FindFileByName
<LI><a href="#[aa]">&gt;&gt;</a>&nbsp;&nbsp;&nbsp;FS_FindFreeFNT
<LI><a href="#[a6]">&gt;&gt;</a>&nbsp;&nbsp;&nbsp;FS_GetFullName
</UL>
<BR>[Called By]<UL><LI><a href="#[13c]">&gt;&gt;</a>&nbsp;&nbsp;&nbsp;pFS_Append
</UL>

<P><STRONG><a name="[bb]"></a>FS_Reset</STRONG> (Thumb, 186 bytes, Stack size 24 bytes, fs.o(.text))
<BR><BR>[Stack]<UL><LI>Max Depth = 68<LI>Call Chain = FS_Reset &rArr; FLASH_Read &rArr; FLASH_BankRead &rArr; FLASH_ReceiveByte &rArr; SSP0_SendByte
</UL>
<BR>[Calls]<UL><LI><a href="#[b4]">&gt;&gt;</a>&nbsp;&nbsp;&nbsp;FLASH_Read
<LI><a href="#[ab]">&gt;&gt;</a>&nbsp;&nbsp;&nbsp;FS_FindFileByName
<LI><a href="#[a6]">&gt;&gt;</a>&nbsp;&nbsp;&nbsp;FS_GetFullName
</UL>
<BR>[Called By]<UL><LI><a href="#[17c]">&gt;&gt;</a>&nbsp;&nbsp;&nbsp;CheckPrgFile
<LI><a href="#[16b]">&gt;&gt;</a>&nbsp;&nbsp;&nbsp;InitPrgStreams
<LI><a href="#[14a]">&gt;&gt;</a>&nbsp;&nbsp;&nbsp;LoadRegsFromFile
<LI><a href="#[14c]">&gt;&gt;</a>&nbsp;&nbsp;&nbsp;LoadFrzBackupRegs
<LI><a href="#[13d]">&gt;&gt;</a>&nbsp;&nbsp;&nbsp;pFS_Reset
</UL>

<P><STRONG><a name="[bc]"></a>FS_WriteByte</STRONG> (Thumb, 150 bytes, Stack size 24 bytes, fs.o(.text))
<BR><BR>[Stack]<UL><LI>Max Depth = 88<LI>Call Chain = FS_WriteByte &rArr; FS_SetNextCluster &rArr; FLASH_Write &rArr; FLASH_PageWrite &rArr; FLASH_WaitWriting &rArr; FLASH_ReceiveByte &rArr; SSP0_SendByte
</UL>
<BR>[Calls]<UL><LI><a href="#[b5]">&gt;&gt;</a>&nbsp;&nbsp;&nbsp;FS_FlushPageBuffer
<LI><a href="#[b2]">&gt;&gt;</a>&nbsp;&nbsp;&nbsp;FS_SetNextCluster
<LI><a href="#[b1]">&gt;&gt;</a>&nbsp;&nbsp;&nbsp;FS_ClusterSetFlag
<LI><a href="#[ac]">&gt;&gt;</a>&nbsp;&nbsp;&nbsp;FS_FindFreeCluster
</UL>
<BR>[Called By]<UL><LI><a href="#[d1]">&gt;&gt;</a>&nbsp;&nbsp;&nbsp;bFS_Write
<LI><a href="#[13f]">&gt;&gt;</a>&nbsp;&nbsp;&nbsp;bFS_WriteLn
</UL>

<P><STRONG><a name="[bd]"></a>FS_ReadByte</STRONG> (Thumb, 212 bytes, Stack size 32 bytes, fs.o(.text))
<BR><BR>[Stack]<UL><LI>Max Depth = 84<LI>Call Chain = FS_ReadByte &rArr; FS_GetNextCluster &rArr; FLASH_Read &rArr; FLASH_BankRead &rArr; FLASH_ReceiveByte &rArr; SSP0_SendByte
</UL>
<BR>[Calls]<UL><LI><a href="#[b4]">&gt;&gt;</a>&nbsp;&nbsp;&nbsp;FLASH_Read
<LI><a href="#[b3]">&gt;&gt;</a>&nbsp;&nbsp;&nbsp;FS_GetNextCluster
</UL>
<BR>[Called By]<UL><LI><a href="#[d0]">&gt;&gt;</a>&nbsp;&nbsp;&nbsp;bFS_BReadLn
<LI><a href="#[ce]">&gt;&gt;</a>&nbsp;&nbsp;&nbsp;FS_ReadPrevByte
<LI><a href="#[cc]">&gt;&gt;</a>&nbsp;&nbsp;&nbsp;bFS_ReadLn
<LI><a href="#[cb]">&gt;&gt;</a>&nbsp;&nbsp;&nbsp;bFS_Read
</UL>

<P><STRONG><a name="[be]"></a>FS_Write</STRONG> (Thumb, 210 bytes, Stack size 24 bytes, fs.o(.text), UNUSED)
<BR><BR>[Calls]<UL><LI><a href="#[b5]">&gt;&gt;</a>&nbsp;&nbsp;&nbsp;FS_FlushPageBuffer
<LI><a href="#[b2]">&gt;&gt;</a>&nbsp;&nbsp;&nbsp;FS_SetNextCluster
<LI><a href="#[b1]">&gt;&gt;</a>&nbsp;&nbsp;&nbsp;FS_ClusterSetFlag
<LI><a href="#[ac]">&gt;&gt;</a>&nbsp;&nbsp;&nbsp;FS_FindFreeCluster
<LI><a href="#[8d]">&gt;&gt;</a>&nbsp;&nbsp;&nbsp;__aeabi_memcpy
</UL>

<P><STRONG><a name="[bf]"></a>FS_Read</STRONG> (Thumb, 210 bytes, Stack size 40 bytes, fs.o(.text), UNUSED)
<BR><BR>[Calls]<UL><LI><a href="#[b4]">&gt;&gt;</a>&nbsp;&nbsp;&nbsp;FLASH_Read
<LI><a href="#[b3]">&gt;&gt;</a>&nbsp;&nbsp;&nbsp;FS_GetNextCluster
<LI><a href="#[8d]">&gt;&gt;</a>&nbsp;&nbsp;&nbsp;__aeabi_memcpy
</UL>

<P><STRONG><a name="[290]"></a>FS_WriteLn</STRONG> (Thumb, 14 bytes, Stack size 0 bytes, fs.o(.text), UNUSED)

<P><STRONG><a name="[c0]"></a>FS_ReadLn</STRONG> (Thumb, 298 bytes, Stack size 48 bytes, fs.o(.text), UNUSED)
<BR><BR>[Calls]<UL><LI><a href="#[b4]">&gt;&gt;</a>&nbsp;&nbsp;&nbsp;FLASH_Read
<LI><a href="#[b3]">&gt;&gt;</a>&nbsp;&nbsp;&nbsp;FS_GetNextCluster
</UL>

<P><STRONG><a name="[291]"></a>FS_ReadPrevLn</STRONG> (Thumb, 14 bytes, Stack size 0 bytes, fs.o(.text), UNUSED)

<P><STRONG><a name="[292]"></a>FS_RemainSize</STRONG> (Thumb, 34 bytes, Stack size 0 bytes, fs.o(.text), UNUSED)

<P><STRONG><a name="[c1]"></a>FS_Seek</STRONG> (Thumb, 236 bytes, Stack size 32 bytes, fs.o(.text))
<BR><BR>[Stack]<UL><LI>Max Depth = 84<LI>Call Chain = FS_Seek &rArr; FS_GetNextCluster &rArr; FLASH_Read &rArr; FLASH_BankRead &rArr; FLASH_ReceiveByte &rArr; SSP0_SendByte
</UL>
<BR>[Calls]<UL><LI><a href="#[b4]">&gt;&gt;</a>&nbsp;&nbsp;&nbsp;FLASH_Read
<LI><a href="#[b3]">&gt;&gt;</a>&nbsp;&nbsp;&nbsp;FS_GetNextCluster
</UL>
<BR>[Called By]<UL><LI><a href="#[d5]">&gt;&gt;</a>&nbsp;&nbsp;&nbsp;bsFS_Seek
<LI><a href="#[d4]">&gt;&gt;</a>&nbsp;&nbsp;&nbsp;bsFS_BReadLn
<LI><a href="#[d3]">&gt;&gt;</a>&nbsp;&nbsp;&nbsp;bsFS_ReadLn
<LI><a href="#[d2]">&gt;&gt;</a>&nbsp;&nbsp;&nbsp;InitStream
<LI><a href="#[d0]">&gt;&gt;</a>&nbsp;&nbsp;&nbsp;bFS_BReadLn
<LI><a href="#[145]">&gt;&gt;</a>&nbsp;&nbsp;&nbsp;pFS_Seek
</UL>

<P><STRONG><a name="[c2]"></a>FS_RSeek</STRONG> (Thumb, 252 bytes, Stack size 40 bytes, fs.o(.text))
<BR><BR>[Stack]<UL><LI>Max Depth = 92<LI>Call Chain = FS_RSeek &rArr; FS_GetNextCluster &rArr; FLASH_Read &rArr; FLASH_BankRead &rArr; FLASH_ReceiveByte &rArr; SSP0_SendByte
</UL>
<BR>[Calls]<UL><LI><a href="#[b4]">&gt;&gt;</a>&nbsp;&nbsp;&nbsp;FLASH_Read
<LI><a href="#[b3]">&gt;&gt;</a>&nbsp;&nbsp;&nbsp;FS_GetNextCluster
</UL>
<BR>[Called By]<UL><LI><a href="#[ce]">&gt;&gt;</a>&nbsp;&nbsp;&nbsp;FS_ReadPrevByte
<LI><a href="#[cc]">&gt;&gt;</a>&nbsp;&nbsp;&nbsp;bFS_ReadLn
</UL>

<P><STRONG><a name="[c3]"></a>FS_Close</STRONG> (Thumb, 98 bytes, Stack size 24 bytes, fs.o(.text))
<BR><BR>[Stack]<UL><LI>Max Depth = 80<LI>Call Chain = FS_Close &rArr; FS_FlushPageBuffer &rArr; FLASH_Write &rArr; FLASH_PageWrite &rArr; FLASH_WaitWriting &rArr; FLASH_ReceiveByte &rArr; SSP0_SendByte
</UL>
<BR>[Calls]<UL><LI><a href="#[af]">&gt;&gt;</a>&nbsp;&nbsp;&nbsp;FLASH_Write
<LI><a href="#[b5]">&gt;&gt;</a>&nbsp;&nbsp;&nbsp;FS_FlushPageBuffer
</UL>
<BR>[Called By]<UL><LI><a href="#[17c]">&gt;&gt;</a>&nbsp;&nbsp;&nbsp;CheckPrgFile
<LI><a href="#[1af]">&gt;&gt;</a>&nbsp;&nbsp;&nbsp;RunNextCadrFrzMain
<LI><a href="#[16b]">&gt;&gt;</a>&nbsp;&nbsp;&nbsp;InitPrgStreams
<LI><a href="#[148]">&gt;&gt;</a>&nbsp;&nbsp;&nbsp;SaveRegs
<LI><a href="#[14a]">&gt;&gt;</a>&nbsp;&nbsp;&nbsp;LoadRegsFromFile
<LI><a href="#[14c]">&gt;&gt;</a>&nbsp;&nbsp;&nbsp;LoadFrzBackupRegs
<LI><a href="#[146]">&gt;&gt;</a>&nbsp;&nbsp;&nbsp;pFS_Close
<LI><a href="#[13b]">&gt;&gt;</a>&nbsp;&nbsp;&nbsp;pFS_RewriteHandle
<LI><a href="#[13a]">&gt;&gt;</a>&nbsp;&nbsp;&nbsp;pFS_Rewrite
<LI><a href="#[139]">&gt;&gt;</a>&nbsp;&nbsp;&nbsp;pFS_Create
<LI><a href="#[1d0]">&gt;&gt;</a>&nbsp;&nbsp;&nbsp;SaveRegsNoMes
<LI><a href="#[1cf]">&gt;&gt;</a>&nbsp;&nbsp;&nbsp;CloseFilesHandles
</UL>

<P><STRONG><a name="[c4]"></a>FS_Delete</STRONG> (Thumb, 140 bytes, Stack size 56 bytes, fs.o(.text))
<BR><BR>[Stack]<UL><LI>Max Depth = 108<LI>Call Chain = FS_Delete &rArr; FS_GetNextCluster &rArr; FLASH_Read &rArr; FLASH_BankRead &rArr; FLASH_ReceiveByte &rArr; SSP0_SendByte
</UL>
<BR>[Calls]<UL><LI><a href="#[a2]">&gt;&gt;</a>&nbsp;&nbsp;&nbsp;FLASH_WriteByte
<LI><a href="#[b4]">&gt;&gt;</a>&nbsp;&nbsp;&nbsp;FLASH_Read
<LI><a href="#[b3]">&gt;&gt;</a>&nbsp;&nbsp;&nbsp;FS_GetNextCluster
<LI><a href="#[b1]">&gt;&gt;</a>&nbsp;&nbsp;&nbsp;FS_ClusterSetFlag
<LI><a href="#[ab]">&gt;&gt;</a>&nbsp;&nbsp;&nbsp;FS_FindFileByName
<LI><a href="#[a8]">&gt;&gt;</a>&nbsp;&nbsp;&nbsp;FS_FileUseFCS
<LI><a href="#[a6]">&gt;&gt;</a>&nbsp;&nbsp;&nbsp;FS_GetFullName
<LI><a href="#[a5]">&gt;&gt;</a>&nbsp;&nbsp;&nbsp;FS_GetNameAndType
</UL>
<BR>[Called By]<UL><LI><a href="#[148]">&gt;&gt;</a>&nbsp;&nbsp;&nbsp;SaveRegs
<LI><a href="#[139]">&gt;&gt;</a>&nbsp;&nbsp;&nbsp;pFS_Create
<LI><a href="#[138]">&gt;&gt;</a>&nbsp;&nbsp;&nbsp;pFS_Delete
<LI><a href="#[1d0]">&gt;&gt;</a>&nbsp;&nbsp;&nbsp;SaveRegsNoMes
</UL>

<P><STRONG><a name="[c5]"></a>FS_GetFileInfo</STRONG> (Thumb, 242 bytes, Stack size 72 bytes, fs.o(.text))
<BR><BR>[Stack]<UL><LI>Max Depth = 116<LI>Call Chain = FS_GetFileInfo &rArr; FLASH_Read &rArr; FLASH_BankRead &rArr; FLASH_ReceiveByte &rArr; SSP0_SendByte
</UL>
<BR>[Calls]<UL><LI><a href="#[a1]">&gt;&gt;</a>&nbsp;&nbsp;&nbsp;FLASH_ReadByte
<LI><a href="#[b4]">&gt;&gt;</a>&nbsp;&nbsp;&nbsp;FLASH_Read
<LI><a href="#[a8]">&gt;&gt;</a>&nbsp;&nbsp;&nbsp;FS_FileUseFCS
</UL>
<BR>[Called By]<UL><LI><a href="#[134]">&gt;&gt;</a>&nbsp;&nbsp;&nbsp;pFS_FInfo
<LI><a href="#[1cf]">&gt;&gt;</a>&nbsp;&nbsp;&nbsp;CloseFilesHandles
</UL>

<P><STRONG><a name="[cd]"></a>FS_Eof</STRONG> (Thumb, 46 bytes, Stack size 0 bytes, fs.o(.text))
<BR><BR>[Called By]<UL><LI><a href="#[cc]">&gt;&gt;</a>&nbsp;&nbsp;&nbsp;bFS_ReadLn
<LI><a href="#[1ac]">&gt;&gt;</a>&nbsp;&nbsp;&nbsp;TranslatePrg
</UL>

<P><STRONG><a name="[cf]"></a>FS_Pos</STRONG> (Thumb, 44 bytes, Stack size 0 bytes, fs.o(.text))
<BR><BR>[Called By]<UL><LI><a href="#[d4]">&gt;&gt;</a>&nbsp;&nbsp;&nbsp;bsFS_BReadLn
<LI><a href="#[d3]">&gt;&gt;</a>&nbsp;&nbsp;&nbsp;bsFS_ReadLn
<LI><a href="#[d0]">&gt;&gt;</a>&nbsp;&nbsp;&nbsp;bFS_BReadLn
<LI><a href="#[ce]">&gt;&gt;</a>&nbsp;&nbsp;&nbsp;FS_ReadPrevByte
<LI><a href="#[1ac]">&gt;&gt;</a>&nbsp;&nbsp;&nbsp;TranslatePrg
<LI><a href="#[144]">&gt;&gt;</a>&nbsp;&nbsp;&nbsp;pFS_Pos
</UL>

<P><STRONG><a name="[293]"></a>FS_GetFCSState</STRONG> (Thumb, 10 bytes, Stack size 0 bytes, fs.o(.text), UNUSED)

<P><STRONG><a name="[c6]"></a>FS_FCS_Show</STRONG> (Thumb, 690 bytes, Stack size 24 bytes, fs.o(.text), UNUSED)
<BR><BR>[Calls]<UL><LI><a href="#[c7]">&gt;&gt;</a>&nbsp;&nbsp;&nbsp;SMsg
<LI><a href="#[90]">&gt;&gt;</a>&nbsp;&nbsp;&nbsp;Msg
</UL>

<P><STRONG><a name="[c8]"></a>FS_Params_Show</STRONG> (Thumb, 312 bytes, Stack size 8 bytes, fs.o(.text), UNUSED)
<BR><BR>[Calls]<UL><LI><a href="#[c7]">&gt;&gt;</a>&nbsp;&nbsp;&nbsp;SMsg
<LI><a href="#[90]">&gt;&gt;</a>&nbsp;&nbsp;&nbsp;Msg
</UL>

<P><STRONG><a name="[90]"></a>Msg</STRONG> (Thumb, 74 bytes, Stack size 32 bytes, msg.o(.text))
[...]
</UL>

<P><STRONG><a name="[239]"></a>_dsub</STRONG> (Thumb, 464 bytes, Stack size 32 bytes, daddsub_clz.o(x$fpl$dsub), UNUSED)
<BR><BR>[Calls]<UL><LI><a href="#[238]">&gt;&gt;</a>&nbsp;&nbsp;&nbsp;_dadd1
<LI><a href="#[229]">&gt;&gt;</a>&nbsp;&nbsp;&nbsp;__fpl_dnaninf
</UL>

<P><STRONG><a name="[184]"></a>__aeabi_f2d</STRONG> (Thumb, 0 bytes, Stack size 16 bytes, f2d.o(x$fpl$f2d))
<BR><BR>[Stack]<UL><LI>Max Depth = 16<LI>Call Chain = __aeabi_f2d
</UL>
<BR>[Called By]<UL><LI><a href="#[1ae]">&gt;&gt;</a>&nbsp;&nbsp;&nbsp;SearchStopPoint
<LI><a href="#[1af]">&gt;&gt;</a>&nbsp;&nbsp;&nbsp;RunNextCadrFrzMain
<LI><a href="#[3f]">&gt;&gt;</a>&nbsp;&nbsp;&nbsp;FMove_HandlerQuick
<LI><a href="#[217]">&gt;&gt;</a>&nbsp;&nbsp;&nbsp;RecoverBlock
<LI><a href="#[1a3]">&gt;&gt;</a>&nbsp;&nbsp;&nbsp;CheckAngle
<LI><a href="#[19a]">&gt;&gt;</a>&nbsp;&nbsp;&nbsp;BackApplyCmd
<LI><a href="#[189]">&gt;&gt;</a>&nbsp;&nbsp;&nbsp;CalcBlockFrz
<LI><a href="#[183]">&gt;&gt;</a>&nbsp;&nbsp;&nbsp;ApplyCmd
</UL>

<P><STRONG><a name="[23a]"></a>_f2d</STRONG> (Thumb, 86 bytes, Stack size 16 bytes, f2d.o(x$fpl$f2d), UNUSED)
<BR><BR>[Calls]<UL><LI><a href="#[23b]">&gt;&gt;</a>&nbsp;&nbsp;&nbsp;__fpl_fnaninf
<LI><a href="#[22c]">&gt;&gt;</a>&nbsp;&nbsp;&nbsp;__fpl_dretinf
</UL>

<P><STRONG><a name="[181]"></a>__aeabi_fadd</STRONG> (Thumb, 0 bytes, Stack size 16 bytes, faddsub_clz.o(x$fpl$fadd))
<BR><BR>[Stack]<UL><LI>Max Depth = 16<LI>Call Chain = __aeabi_fadd
</UL>
<BR>[Called By]<UL><LI><a href="#[1ae]">&gt;&gt;</a>&nbsp;&nbsp;&nbsp;SearchStopPoint
<LI><a href="#[1af]">&gt;&gt;</a>&nbsp;&nbsp;&nbsp;RunNextCadrFrzMain
<LI><a href="#[1c3]">&gt;&gt;</a>&nbsp;&nbsp;&nbsp;HTCorr
<LI><a href="#[3f]">&gt;&gt;</a>&nbsp;&nbsp;&nbsp;FMove_HandlerQuick
<LI><a href="#[211]">&gt;&gt;</a>&nbsp;&nbsp;&nbsp;HorizontalDat
<LI><a href="#[159]">&gt;&gt;</a>&nbsp;&nbsp;&nbsp;InitZComp
<LI><a href="#[1c4]">&gt;&gt;</a>&nbsp;&nbsp;&nbsp;XYZToXYZImp
<LI><a href="#[1b8]">&gt;&gt;</a>&nbsp;&nbsp;&nbsp;ZComp
<LI><a href="#[18a]">&gt;&gt;</a>&nbsp;&nbsp;&nbsp;XYZToXYZImpZcomp
<LI><a href="#[1a3]">&gt;&gt;</a>&nbsp;&nbsp;&nbsp;CheckAngle
<LI><a href="#[18f]">&gt;&gt;</a>&nbsp;&nbsp;&nbsp;CalcBlock
<LI><a href="#[189]">&gt;&gt;</a>&nbsp;&nbsp;&nbsp;CalcBlockFrz
<LI><a href="#[17f]">&gt;&gt;</a>&nbsp;&nbsp;&nbsp;TryStrToFloat
</UL>

<P><STRONG><a name="[23c]"></a>_fadd</STRONG> (Thumb, 196 bytes, Stack size 16 bytes, faddsub_clz.o(x$fpl$fadd), UNUSED)
<BR><BR>[Calls]<UL><LI><a href="#[23d]">&gt;&gt;</a>&nbsp;&nbsp;&nbsp;_fsub1
<LI><a href="#[228]">&gt;&gt;</a>&nbsp;&nbsp;&nbsp;__fpl_fretinf
<LI><a href="#[23b]">&gt;&gt;</a>&nbsp;&nbsp;&nbsp;__fpl_fnaninf
</UL>

<P><STRONG><a name="[240]"></a>__fpl_fcmp_Inf</STRONG> (Thumb, 24 bytes, Stack size 0 bytes, fcmpi.o(x$fpl$fcmpinf), UNUSED)
<BR><BR>[Called By]<UL><LI><a href="#[242]">&gt;&gt;</a>&nbsp;&nbsp;&nbsp;_fcmple
<LI><a href="#[23f]">&gt;&gt;</a>&nbsp;&nbsp;&nbsp;_fcmpeq
</UL>

<P><STRONG><a name="[182]"></a>__aeabi_fdiv</STRONG> (Thumb, 0 bytes, Stack size 16 bytes, fdiv.o(x$fpl$fdiv))
<BR><BR>[Stack]<UL><LI>Max Depth = 16<LI>Call Chain = __aeabi_fdiv
</UL>
<BR>[Called By]<UL><LI><a href="#[167]">&gt;&gt;</a>&nbsp;&nbsp;&nbsp;InitFrzRegisters
<LI><a href="#[1c3]">&gt;&gt;</a>&nbsp;&nbsp;&nbsp;HTCorr
<LI><a href="#[3f]">&gt;&gt;</a>&nbsp;&nbsp;&nbsp;FMove_HandlerQuick
<LI><a href="#[21e]">&gt;&gt;</a>&nbsp;&nbsp;&nbsp;ZZeroDat
<LI><a href="#[211]">&gt;&gt;</a>&nbsp;&nbsp;&nbsp;HorizontalDat
<LI><a href="#[159]">&gt;&gt;</a>&nbsp;&nbsp;&nbsp;InitZComp
<LI><a href="#[14b]">&gt;&gt;</a>&nbsp;&nbsp;&nbsp;InitFrzRegsAfterLoad
<LI><a href="#[1c5]">&gt;&gt;</a>&nbsp;&nbsp;&nbsp;DecItCount
<LI><a href="#[1c4]">&gt;&gt;</a>&nbsp;&nbsp;&nbsp;XYZToXYZImp
<LI><a href="#[1b9]">&gt;&gt;</a>&nbsp;&nbsp;&nbsp;dXYZImpTodXYZ
<LI><a href="#[1b8]">&gt;&gt;</a>&nbsp;&nbsp;&nbsp;ZComp
<LI><a href="#[18a]">&gt;&gt;</a>&nbsp;&nbsp;&nbsp;XYZToXYZImpZcomp
<LI><a href="#[187]">&gt;&gt;</a>&nbsp;&nbsp;&nbsp;XYZImpToXYZ
<LI><a href="#[1a3]">&gt;&gt;</a>&nbsp;&nbsp;&nbsp;CheckAngle
<LI><a href="#[192]">&gt;&gt;</a>&nbsp;&nbsp;&nbsp;SetFeed
<LI><a href="#[189]">&gt;&gt;</a>&nbsp;&nbsp;&nbsp;CalcBlockFrz
<LI><a href="#[17f]">&gt;&gt;</a>&nbsp;&nbsp;&nbsp;TryStrToFloat
</UL>

<P><STRONG><a name="[23e]"></a>_fdiv</STRONG> (Thumb, 384 bytes, Stack size 16 bytes, fdiv.o(x$fpl$fdiv), UNUSED)
<BR><BR>[Calls]<UL><LI><a href="#[228]">&gt;&gt;</a>&nbsp;&nbsp;&nbsp;__fpl_fretinf
<LI><a href="#[23b]">&gt;&gt;</a>&nbsp;&nbsp;&nbsp;__fpl_fnaninf
</UL>

<P><STRONG><a name="[1ba]"></a>__aeabi_cfcmpeq</STRONG> (Thumb, 0 bytes, Stack size 16 bytes, feqf.o(x$fpl$feqf))
<BR><BR>[Stack]<UL><LI>Max Depth = 16<LI>Call Chain = __aeabi_cfcmpeq
</UL>
<BR>[Called By]<UL><LI><a href="#[159]">&gt;&gt;</a>&nbsp;&nbsp;&nbsp;InitZComp
</UL>

<P><STRONG><a name="[23f]"></a>_fcmpeq</STRONG> (Thumb, 104 bytes, Stack size 16 bytes, feqf.o(x$fpl$feqf), UNUSED)
<BR><BR>[Calls]<UL><LI><a href="#[23b]">&gt;&gt;</a>&nbsp;&nbsp;&nbsp;__fpl_fnaninf
<LI><a href="#[240]">&gt;&gt;</a>&nbsp;&nbsp;&nbsp;__fpl_fcmp_Inf
</UL>

<P><STRONG><a name="[f7]"></a>__aeabi_f2iz</STRONG> (Thumb, 0 bytes, Stack size 16 bytes, ffix.o(x$fpl$ffix))
<BR><BR>[Stack]<UL><LI>Max Depth = 16<LI>Call Chain = __aeabi_f2iz
</UL>
<BR>[Called By]<UL><LI><a href="#[f6]">&gt;&gt;</a>&nbsp;&nbsp;&nbsp;Round
<LI><a href="#[167]">&gt;&gt;</a>&nbsp;&nbsp;&nbsp;InitFrzRegisters
<LI><a href="#[1c3]">&gt;&gt;</a>&nbsp;&nbsp;&nbsp;HTCorr
<LI><a href="#[1c1]">&gt;&gt;</a>&nbsp;&nbsp;&nbsp;AddPointFrz
<LI><a href="#[21e]">&gt;&gt;</a>&nbsp;&nbsp;&nbsp;ZZeroDat
<LI><a href="#[211]">&gt;&gt;</a>&nbsp;&nbsp;&nbsp;HorizontalDat
<LI><a href="#[159]">&gt;&gt;</a>&nbsp;&nbsp;&nbsp;InitZComp
<LI><a href="#[14b]">&gt;&gt;</a>&nbsp;&nbsp;&nbsp;InitFrzRegsAfterLoad
<LI><a href="#[12c]">&gt;&gt;</a>&nbsp;&nbsp;&nbsp;GoToPoint
<LI><a href="#[1c4]">&gt;&gt;</a>&nbsp;&nbsp;&nbsp;XYZToXYZImp
<LI><a href="#[18a]">&gt;&gt;</a>&nbsp;&nbsp;&nbsp;XYZToXYZImpZcomp
<LI><a href="#[194]">&gt;&gt;</a>&nbsp;&nbsp;&nbsp;SetSpindle
<LI><a href="#[189]">&gt;&gt;</a>&nbsp;&nbsp;&nbsp;CalcBlockFrz
</UL>

<P><STRONG><a name="[241]"></a>_ffix</STRONG> (Thumb, 54 bytes, Stack size 16 bytes, ffix.o(x$fpl$ffix), UNUSED)
<BR><BR>[Calls]<UL><LI><a href="#[23b]">&gt;&gt;</a>&nbsp;&nbsp;&nbsp;__fpl_fnaninf
</UL>

<P><STRONG><a name="[f8]"></a>__aeabi_i2f</STRONG> (Thumb, 0 bytes, Stack size 0 bytes, fflt_clz.o(x$fpl$fflt))
<BR><BR>[Called By]<UL><LI><a href="#[f6]">&gt;&gt;</a>&nbsp;&nbsp;&nbsp;Round
<LI><a href="#[21e]">&gt;&gt;</a>&nbsp;&nbsp;&nbsp;ZZeroDat
<LI><a href="#[211]">&gt;&gt;</a>&nbsp;&nbsp;&nbsp;HorizontalDat
<LI><a href="#[1c4]">&gt;&gt;</a>&nbsp;&nbsp;&nbsp;XYZToXYZImp
<LI><a href="#[1b9]">&gt;&gt;</a>&nbsp;&nbsp;&nbsp;dXYZImpTodXYZ
<LI><a href="#[18a]">&gt;&gt;</a>&nbsp;&nbsp;&nbsp;XYZToXYZImpZcomp
<LI><a href="#[187]">&gt;&gt;</a>&nbsp;&nbsp;&nbsp;XYZImpToXYZ
<LI><a href="#[189]">&gt;&gt;</a>&nbsp;&nbsp;&nbsp;CalcBlockFrz
</UL>

<P><STRONG><a name="[2c3]"></a>_fflt</STRONG> (Thumb, 48 bytes, Stack size 0 bytes, fflt_clz.o(x$fpl$fflt), UNUSED)

<P><STRONG><a name="[180]"></a>__aeabi_ui2f</STRONG> (Thumb, 0 bytes, Stack size 0 bytes, fflt_clz.o(x$fpl$ffltu))
<BR><BR>[Called By]<UL><LI><a href="#[167]">&gt;&gt;</a>&nbsp;&nbsp;&nbsp;InitFrzRegisters
<LI><a href="#[3f]">&gt;&gt;</a>&nbsp;&nbsp;&nbsp;FMove_HandlerQuick
<LI><a href="#[21e]">&gt;&gt;</a>&nbsp;&nbsp;&nbsp;ZZeroDat
<LI><a href="#[211]">&gt;&gt;</a>&nbsp;&nbsp;&nbsp;HorizontalDat
<LI><a href="#[159]">&gt;&gt;</a>&nbsp;&nbsp;&nbsp;InitZComp
<LI><a href="#[14b]">&gt;&gt;</a>&nbsp;&nbsp;&nbsp;InitFrzRegsAfterLoad
<LI><a href="#[1c5]">&gt;&gt;</a>&nbsp;&nbsp;&nbsp;DecItCount
<LI><a href="#[1c4]">&gt;&gt;</a>&nbsp;&nbsp;&nbsp;XYZToXYZImp
<LI><a href="#[1b9]">&gt;&gt;</a>&nbsp;&nbsp;&nbsp;dXYZImpTodXYZ
<LI><a href="#[18a]">&gt;&gt;</a>&nbsp;&nbsp;&nbsp;XYZToXYZImpZcomp
<LI><a href="#[187]">&gt;&gt;</a>&nbsp;&nbsp;&nbsp;XYZImpToXYZ
<LI><a href="#[189]">&gt;&gt;</a>&nbsp;&nbsp;&nbsp;CalcBlockFrz
<LI><a href="#[17f]">&gt;&gt;</a>&nbsp;&nbsp;&nbsp;TryStrToFloat
</UL>

<P><STRONG><a name="[2c4]"></a>_ffltu</STRONG> (Thumb, 38 bytes, Stack size 0 bytes, fflt_clz.o(x$fpl$ffltu), UNUSED)

<P><STRONG><a name="[1a6]"></a>__aeabi_cfcmple</STRONG> (Thumb, 0 bytes, Stack size 16 bytes, fleqf.o(x$fpl$fleqf))
<BR><BR>[Stack]<UL><LI>Max Depth = 16<LI>Call Chain = __aeabi_cfcmple
</UL>
<BR>[Called By]<UL><LI><a href="#[3f]">&gt;&gt;</a>&nbsp;&nbsp;&nbsp;FMove_HandlerQuick
<LI><a href="#[1a3]">&gt;&gt;</a>&nbsp;&nbsp;&nbsp;CheckAngle
</UL>

<P><STRONG><a name="[242]"></a>_fcmple</STRONG> (Thumb, 104 bytes, Stack size 16 bytes, fleqf.o(x$fpl$fleqf), UNUSED)
<BR><BR>[Calls]<UL><LI><a href="#[23b]">&gt;&gt;</a>&nbsp;&nbsp;&nbsp;__fpl_fnaninf
<LI><a href="#[240]">&gt;&gt;</a>&nbsp;&nbsp;&nbsp;__fpl_fcmp_Inf
</UL>

<P><STRONG><a name="[245]"></a>__fpl_fcmple_InfNaN</STRONG> (Thumb, 0 bytes, Stack size unknown bytes, fleqf.o(x$fpl$fleqf), UNUSED)
<BR><BR>[Called By]<UL><LI><a href="#[244]">&gt;&gt;</a>&nbsp;&nbsp;&nbsp;_frcmple
</UL>

<P><STRONG><a name="[f5]"></a>__aeabi_fmul</STRONG> (Thumb, 0 bytes, Stack size 16 bytes, fmul.o(x$fpl$fmul))
<BR><BR>[Stack]<UL><LI>Max Depth = 16<LI>Call Chain = __aeabi_fmul
</UL>
<BR>[Called By]<UL><LI><a href="#[f4]">&gt;&gt;</a>&nbsp;&nbsp;&nbsp;sqr
<LI><a href="#[167]">&gt;&gt;</a>&nbsp;&nbsp;&nbsp;InitFrzRegisters
<LI><a href="#[1c3]">&gt;&gt;</a>&nbsp;&nbsp;&nbsp;HTCorr
<LI><a href="#[3f]">&gt;&gt;</a>&nbsp;&nbsp;&nbsp;FMove_HandlerQuick
<LI><a href="#[1c1]">&gt;&gt;</a>&nbsp;&nbsp;&nbsp;AddPointFrz
<LI><a href="#[21e]">&gt;&gt;</a>&nbsp;&nbsp;&nbsp;ZZeroDat
<LI><a href="#[211]">&gt;&gt;</a>&nbsp;&nbsp;&nbsp;HorizontalDat
<LI><a href="#[159]">&gt;&gt;</a>&nbsp;&nbsp;&nbsp;InitZComp
<LI><a href="#[14b]">&gt;&gt;</a>&nbsp;&nbsp;&nbsp;InitFrzRegsAfterLoad
<LI><a href="#[1c5]">&gt;&gt;</a>&nbsp;&nbsp;&nbsp;DecItCount
<LI><a href="#[1c4]">&gt;&gt;</a>&nbsp;&nbsp;&nbsp;XYZToXYZImp
<LI><a href="#[1b9]">&gt;&gt;</a>&nbsp;&nbsp;&nbsp;dXYZImpTodXYZ
<LI><a href="#[1b8]">&gt;&gt;</a>&nbsp;&nbsp;&nbsp;ZComp
<LI><a href="#[18a]">&gt;&gt;</a>&nbsp;&nbsp;&nbsp;XYZToXYZImpZcomp
<LI><a href="#[187]">&gt;&gt;</a>&nbsp;&nbsp;&nbsp;XYZImpToXYZ
<LI><a href="#[1a3]">&gt;&gt;</a>&nbsp;&nbsp;&nbsp;CheckAngle
<LI><a href="#[192]">&gt;&gt;</a>&nbsp;&nbsp;&nbsp;SetFeed
<LI><a href="#[190]">&gt;&gt;</a>&nbsp;&nbsp;&nbsp;BackCalcBlock
<LI><a href="#[18f]">&gt;&gt;</a>&nbsp;&nbsp;&nbsp;CalcBlock
<LI><a href="#[189]">&gt;&gt;</a>&nbsp;&nbsp;&nbsp;CalcBlockFrz
<LI><a href="#[17f]">&gt;&gt;</a>&nbsp;&nbsp;&nbsp;TryStrToFloat
</UL>

<P><STRONG><a name="[243]"></a>_fmul</STRONG> (Thumb, 258 bytes, Stack size 16 bytes, fmul.o(x$fpl$fmul), UNUSED)
<BR><BR>[Calls]<UL><LI><a href="#[228]">&gt;&gt;</a>&nbsp;&nbsp;&nbsp;__fpl_fretinf
<LI><a href="#[23b]">&gt;&gt;</a>&nbsp;&nbsp;&nbsp;__fpl_fnaninf
</UL>

<P><STRONG><a name="[23b]"></a>__fpl_fnaninf</STRONG> (Thumb, 140 bytes, Stack size 8 bytes, fnaninf.o(x$fpl$fnaninf), UNUSED)
<BR><BR>[Called By]<UL><LI><a href="#[243]">&gt;&gt;</a>&nbsp;&nbsp;&nbsp;_fmul
<LI><a href="#[242]">&gt;&gt;</a>&nbsp;&nbsp;&nbsp;_fcmple
<LI><a href="#[241]">&gt;&gt;</a>&nbsp;&nbsp;&nbsp;_ffix
<LI><a href="#[23f]">&gt;&gt;</a>&nbsp;&nbsp;&nbsp;_fcmpeq
<LI><a href="#[23e]">&gt;&gt;</a>&nbsp;&nbsp;&nbsp;_fdiv
<LI><a href="#[248]">&gt;&gt;</a>&nbsp;&nbsp;&nbsp;_fsub
<LI><a href="#[23c]">&gt;&gt;</a>&nbsp;&nbsp;&nbsp;_fadd
<LI><a href="#[23a]">&gt;&gt;</a>&nbsp;&nbsp;&nbsp;_f2d
</UL>

<P><STRONG><a name="[228]"></a>__fpl_fretinf</STRONG> (Thumb, 10 bytes, Stack size 0 bytes, fretinf.o(x$fpl$fretinf), UNUSED)
<BR><BR>[Called By]<UL><LI><a href="#[243]">&gt;&gt;</a>&nbsp;&nbsp;&nbsp;_fmul
<LI><a href="#[23e]">&gt;&gt;</a>&nbsp;&nbsp;&nbsp;_fdiv
<LI><a href="#[23c]">&gt;&gt;</a>&nbsp;&nbsp;&nbsp;_fadd
<LI><a href="#[227]">&gt;&gt;</a>&nbsp;&nbsp;&nbsp;_d2f
</UL>

<P><STRONG><a name="[193]"></a>__aeabi_cfrcmple</STRONG> (Thumb, 0 bytes, Stack size 0 bytes, frleqf.o(x$fpl$frleqf))
<BR><BR>[Called By]<UL><LI><a href="#[3f]">&gt;&gt;</a>&nbsp;&nbsp;&nbsp;FMove_HandlerQuick
<LI><a href="#[1c5]">&gt;&gt;</a>&nbsp;&nbsp;&nbsp;DecItCount
<LI><a href="#[192]">&gt;&gt;</a>&nbsp;&nbsp;&nbsp;SetFeed
</UL>

<P><STRONG><a name="[244]"></a>_frcmple</STRONG> (Thumb, 98 bytes, Stack size 0 bytes, frleqf.o(x$fpl$frleqf), UNUSED)
<BR><BR>[Calls]<UL><LI><a href="#[245]">&gt;&gt;</a>&nbsp;&nbsp;&nbsp;__fpl_fcmple_InfNaN
</UL>

<P><STRONG><a name="[f9]"></a>__aeabi_frsub</STRONG> (Thumb, 0 bytes, Stack size 0 bytes, faddsub_clz.o(x$fpl$frsb))
<BR><BR>[Called By]<UL><LI><a href="#[f6]">&gt;&gt;</a>&nbsp;&nbsp;&nbsp;Round
<LI><a href="#[1c3]">&gt;&gt;</a>&nbsp;&nbsp;&nbsp;HTCorr
<LI><a href="#[159]">&gt;&gt;</a>&nbsp;&nbsp;&nbsp;InitZComp
<LI><a href="#[1c5]">&gt;&gt;</a>&nbsp;&nbsp;&nbsp;DecItCount
<LI><a href="#[1b8]">&gt;&gt;</a>&nbsp;&nbsp;&nbsp;ZComp
<LI><a href="#[1a3]">&gt;&gt;</a>&nbsp;&nbsp;&nbsp;CheckAngle
<LI><a href="#[190]">&gt;&gt;</a>&nbsp;&nbsp;&nbsp;BackCalcBlock
</UL>

<P><STRONG><a name="[246]"></a>_frsb</STRONG> (Thumb, 20 bytes, Stack size 0 bytes, faddsub_clz.o(x$fpl$frsb), UNUSED)
<BR><BR>[Calls]<UL><LI><a href="#[23d]">&gt;&gt;</a>&nbsp;&nbsp;&nbsp;_fsub1
<LI><a href="#[247]">&gt;&gt;</a>&nbsp;&nbsp;&nbsp;_fadd1
</UL>

<P><STRONG><a name="[18c]"></a>__aeabi_fsub</STRONG> (Thumb, 0 bytes, Stack size 16 bytes, faddsub_clz.o(x$fpl$fsub))
<BR><BR>[Stack]<UL><LI>Max Depth = 16<LI>Call Chain = __aeabi_fsub
</UL>
<BR>[Called By]<UL><LI><a href="#[1ae]">&gt;&gt;</a>&nbsp;&nbsp;&nbsp;SearchStopPoint
<LI><a href="#[1af]">&gt;&gt;</a>&nbsp;&nbsp;&nbsp;RunNextCadrFrzMain
<LI><a href="#[1c3]">&gt;&gt;</a>&nbsp;&nbsp;&nbsp;HTCorr
<LI><a href="#[3f]">&gt;&gt;</a>&nbsp;&nbsp;&nbsp;FMove_HandlerQuick
<LI><a href="#[1c1]">&gt;&gt;</a>&nbsp;&nbsp;&nbsp;AddPointFrz
<LI><a href="#[21e]">&gt;&gt;</a>&nbsp;&nbsp;&nbsp;ZZeroDat
<LI><a href="#[159]">&gt;&gt;</a>&nbsp;&nbsp;&nbsp;InitZComp
<LI><a href="#[1b8]">&gt;&gt;</a>&nbsp;&nbsp;&nbsp;ZComp
<LI><a href="#[1a3]">&gt;&gt;</a>&nbsp;&nbsp;&nbsp;CheckAngle
<LI><a href="#[189]">&gt;&gt;</a>&nbsp;&nbsp;&nbsp;CalcBlockFrz
</UL>

<P><STRONG><a name="[248]"></a>_fsub</STRONG> (Thumb, 234 bytes, Stack size 16 bytes, faddsub_clz.o(x$fpl$fsub), UNUSED)
<BR><BR>[Calls]<UL><LI><a href="#[247]">&gt;&gt;</a>&nbsp;&nbsp;&nbsp;_fadd1
<LI><a href="#[23b]">&gt;&gt;</a>&nbsp;&nbsp;&nbsp;__fpl_fnaninf
</UL>

<P><STRONG><a name="[216]"></a>__aeabi_d2ulz</STRONG> (Thumb, 0 bytes, Stack size 32 bytes, dfixull.o(x$fpl$llufromd))
<BR><BR>[Stack]<UL><LI>Max Depth = 32<LI>Call Chain = __aeabi_d2ulz
</UL>
<BR>[Called By]<UL><LI><a href="#[173]">&gt;&gt;</a>&nbsp;&nbsp;&nbsp;MoveByRegs
</UL>

<P><STRONG><a name="[249]"></a>_ll_ufrom_d</STRONG> (Thumb, 120 bytes, Stack size 32 bytes, dfixull.o(x$fpl$llufromd), UNUSED)
<BR><BR>[Calls]<UL><LI><a href="#[229]">&gt;&gt;</a>&nbsp;&nbsp;&nbsp;__fpl_dnaninf
</UL>

<P><STRONG><a name="[49]"></a>_printf_fp_dec</STRONG> (Thumb, 4 bytes, Stack size 0 bytes, printf1.o(x$fpl$printf1))
<BR><BR>[Stack]<UL><LI>Max Depth = 324<LI>Call Chain = _printf_fp_dec &rArr; _printf_fp_dec_real &rArr; _fp_digits &rArr; _btod_etento &rArr; _btod_emul &rArr; _e2e
</UL>
<BR>[Calls]<UL><LI><a href="#[1fc]">&gt;&gt;</a>&nbsp;&nbsp;&nbsp;_printf_fp_dec_real
</UL>
<BR>[Called By]<UL><LI><a href="#[48]">&gt;&gt;</a>&nbsp;&nbsp;&nbsp;_printf_f
<LI><a href="#[4b]">&gt;&gt;</a>&nbsp;&nbsp;&nbsp;_printf_g
<LI><a href="#[4a]">&gt;&gt;</a>&nbsp;&nbsp;&nbsp;_printf_e
</UL>

<P><STRONG><a name="[22e]"></a>__fpl_return_NaN</STRONG> (Thumb, 100 bytes, Stack size 0 bytes, retnan.o(x$fpl$retnan))
<BR><BR>[Calls]<UL><LI><a href="#[24a]">&gt;&gt;</a>&nbsp;&nbsp;&nbsp;__fpl_cmpreturn
</UL>
<BR>[Called By]<UL><LI><a href="#[22d]">&gt;&gt;</a>&nbsp;&nbsp;&nbsp;__fpl_dcheck_NaN1
</UL>

<P><STRONG><a name="[221]"></a>__ARM_scalbn</STRONG> (Thumb, 92 bytes, Stack size 0 bytes, scalbn.o(x$fpl$scalbn))
<BR><BR>[Calls]<UL><LI><a href="#[22d]">&gt;&gt;</a>&nbsp;&nbsp;&nbsp;__fpl_dcheck_NaN1
</UL>
<BR>[Called By]<UL><LI><a href="#[1a4]">&gt;&gt;</a>&nbsp;&nbsp;&nbsp;acos
<LI><a href="#[220]">&gt;&gt;</a>&nbsp;&nbsp;&nbsp;__mathlib_dbl_infnan
</UL>

<P><STRONG><a name="[24a]"></a>__fpl_cmpreturn</STRONG> (Thumb, 48 bytes, Stack size 0 bytes, trapv.o(x$fpl$trapveneer))
<BR><BR>[Called By]<UL><LI><a href="#[22e]">&gt;&gt;</a>&nbsp;&nbsp;&nbsp;__fpl_return_NaN
</UL>
<P>
<H3>
Local Symbols
</H3>
<P><STRONG><a name="[76]"></a>uart_set_divisors</STRONG> (Thumb, 320 bytes, Stack size 56 bytes, lpc17xx_uart.o(.text))
<BR><BR>[Stack]<UL><LI>Max Depth = 104<LI>Call Chain = uart_set_divisors &rArr; __aeabi_uldivmod
</UL>
<BR>[Calls]<UL><LI><a href="#[74]">&gt;&gt;</a>&nbsp;&nbsp;&nbsp;CLKPWR_GetPCLK
<LI><a href="#[77]">&gt;&gt;</a>&nbsp;&nbsp;&nbsp;__aeabi_uldivmod
</UL>
<BR>[Called By]<UL><LI><a href="#[78]">&gt;&gt;</a>&nbsp;&nbsp;&nbsp;UART_Init
</UL>

<P><STRONG><a name="[d8]"></a>NVIC_EnableIRQ</STRONG> (Thumb, 22 bytes, Stack size 0 bytes, timers.o(.text))
<BR><BR>[Called By]<UL><LI><a href="#[db]">&gt;&gt;</a>&nbsp;&nbsp;&nbsp;InitTimer1
<LI><a href="#[d6]">&gt;&gt;</a>&nbsp;&nbsp;&nbsp;InitTimer
</UL>

<P><STRONG><a name="[d9]"></a>NVIC_SetPriority</STRONG> (Thumb, 32 bytes, Stack size 0 bytes, timers.o(.text))
<BR><BR>[Called By]<UL><LI><a href="#[db]">&gt;&gt;</a>&nbsp;&nbsp;&nbsp;InitTimer1
<LI><a href="#[d6]">&gt;&gt;</a>&nbsp;&nbsp;&nbsp;InitTimer
</UL>

<P><STRONG><a name="[f0]"></a>NVIC_EnableIRQ</STRONG> (Thumb, 22 bytes, Stack size 0 bytes, uart.o(.text))
<BR><BR>[Called By]<UL><LI><a href="#[e8]">&gt;&gt;</a>&nbsp;&nbsp;&nbsp;UARTx_Init
</UL>

<P><STRONG><a name="[f1]"></a>NVIC_SetPriority</STRONG> (Thumb, 32 bytes, Stack size 0 bytes, uart.o(.text))
<BR><BR>[Called By]<UL><LI><a href="#[e8]">&gt;&gt;</a>&nbsp;&nbsp;&nbsp;UARTx_Init
</UL>

<P><STRONG><a name="[125]"></a>NVIC_DisableIRQ</STRONG> (Thumb, 22 bytes, Stack size 0 bytes, u0packets.o(.text))
<BR><BR>[Called By]<UL><LI><a href="#[14d]">&gt;&gt;</a>&nbsp;&nbsp;&nbsp;pReset
<LI><a href="#[124]">&gt;&gt;</a>&nbsp;&nbsp;&nbsp;RunBootLoader
</UL>

<P><STRONG><a name="[238]"></a>_dadd1</STRONG> (Thumb, 0 bytes, Stack size unknown bytes, daddsub_clz.o(x$fpl$dadd), UNUSED)
<BR><BR>[Called By]<UL><LI><a href="#[239]">&gt;&gt;</a>&nbsp;&nbsp;&nbsp;_dsub
<LI><a href="#[237]">&gt;&gt;</a>&nbsp;&nbsp;&nbsp;_drsb
</UL>

<P><STRONG><a name="[22b]"></a>_dsub1</STRONG> (Thumb, 0 bytes, Stack size unknown bytes, daddsub_clz.o(x$fpl$dsub), UNUSED)
<BR><BR>[Called By]<UL><LI><a href="#[237]">&gt;&gt;</a>&nbsp;&nbsp;&nbsp;_drsb
<LI><a href="#[22a]">&gt;&gt;</a>&nbsp;&nbsp;&nbsp;_dadd
</UL>

<P><STRONG><a name="[247]"></a>_fadd1</STRONG> (Thumb, 0 bytes, Stack size unknown bytes, faddsub_clz.o(x$fpl$fadd), UNUSED)
<BR><BR>[Called By]<UL><LI><a href="#[248]">&gt;&gt;</a>&nbsp;&nbsp;&nbsp;_fsub
<LI><a href="#[246]">&gt;&gt;</a>&nbsp;&nbsp;&nbsp;_frsb
</UL>

<P><STRONG><a name="[23d]"></a>_fsub1</STRONG> (Thumb, 0 bytes, Stack size unknown bytes, faddsub_clz.o(x$fpl$fsub), UNUSED)
<BR><BR>[Called By]<UL><LI><a href="#[246]">&gt;&gt;</a>&nbsp;&nbsp;&nbsp;_frsb
<LI><a href="#[23c]">&gt;&gt;</a>&nbsp;&nbsp;&nbsp;_fadd
</UL>

<P><STRONG><a name="[1f6]"></a>_fp_digits</STRONG> (Thumb, 432 bytes, Stack size 96 bytes, _printf_fp_dec.o(.text))
<BR><BR>[Stack]<UL><LI>Max Depth = 220<LI>Call Chain = _fp_digits &rArr; _btod_etento &rArr; _btod_emul &rArr; _e2e
</UL>
<BR>[Calls]<UL><LI><a href="#[1fa]">&gt;&gt;</a>&nbsp;&nbsp;&nbsp;_btod_emul
<LI><a href="#[1f9]">&gt;&gt;</a>&nbsp;&nbsp;&nbsp;_btod_ediv
<LI><a href="#[1f8]">&gt;&gt;</a>&nbsp;&nbsp;&nbsp;_btod_d2e
<LI><a href="#[1f7]">&gt;&gt;</a>&nbsp;&nbsp;&nbsp;_btod_etento
<LI><a href="#[1fb]">&gt;&gt;</a>&nbsp;&nbsp;&nbsp;_ll_udiv10
</UL>
<BR>[Called By]<UL><LI><a href="#[1fc]">&gt;&gt;</a>&nbsp;&nbsp;&nbsp;_printf_fp_dec_real
</UL>

<P><STRONG><a name="[3a]"></a>_printf_input_char</STRONG> (Thumb, 10 bytes, Stack size 0 bytes, _printf_char_common.o(.text))
<BR>[Address Reference Count : 1]<UL><LI> _printf_char_common.o(.text)
</UL><P>
<H3>
Undefined Global Symbols
</H3><HR></body></html>
